queue.c:289:12:xQueueGenericReset	24	static,ignoring_inline_asm
queue.c:344:16:xQueueGenericCreateStatic	64	static,ignoring_inline_asm
queue.c:450:13:prvInitialiseNewQueue	24	static
queue.c:494:14:prvInitialiseMutex	16	static
queue.c:540:16:xQueueCreateMutexStatic	40	static
queue.c:767:12:xQueueGenericSend	64	static,ignoring_inline_asm
queue.c:965:12:xQueueGenericSendFromISR	64	static,ignoring_inline_asm
queue.c:1116:12:xQueueGiveFromISR	64	static,ignoring_inline_asm
queue.c:1281:12:xQueueReceive	56	static,ignoring_inline_asm
queue.c:1423:12:xQueueSemaphoreTake	64	static,ignoring_inline_asm
queue.c:1642:12:xQueuePeek	64	static,ignoring_inline_asm
queue.c:1792:12:xQueueReceiveFromISR	64	static,ignoring_inline_asm
queue.c:1883:12:xQueuePeekFromISR	56	static,ignoring_inline_asm
queue.c:1937:13:uxQueueMessagesWaiting	24	static,ignoring_inline_asm
queue.c:1953:13:uxQueueSpacesAvailable	32	static,ignoring_inline_asm
queue.c:1971:13:uxQueueMessagesWaitingFromISR	24	static,ignoring_inline_asm
queue.c:1983:6:vQueueDelete	24	static,ignoring_inline_asm
queue.c:2057:21:prvGetDisinheritPriorityAfterTimeout	24	static
queue.c:2082:19:prvCopyDataToQueue	32	static
queue.c:2161:13:prvCopyDataFromQueue	16	static
queue.c:2179:13:prvUnlockQueue	24	static
queue.c:2299:19:prvIsQueueEmpty	24	static
queue.c:2320:12:xQueueIsQueueEmptyFromISR	24	static,ignoring_inline_asm
queue.c:2338:19:prvIsQueueFull	24	static
queue.c:2359:12:xQueueIsQueueFullFromISR	24	static,ignoring_inline_asm
queue.c:2654:7:vQueueAddToRegistry	24	static
queue.c:2683:14:pcQueueGetName	24	static
queue.c:2711:7:vQueueUnregisterQueue	24	static
