lexer.c:86:12:iseos	0	static
lexer.c:171:12:skipWs	8	static
lexer.c:634:13:skipQuoteProgramData	16	static
lexer.c:307:12:skipProgramMnemonic	16	static
lexer.c:206:12:skipNumbers	16	static
lexer.c:234:12:skipAlpha	16	static
lexer.c:220:12:skipPlusmn	8	static
lexer.c:249:12:skipChr	8	static
lexer.c:192:12:skipDigit	8	static
lexer.c:99:5:scpiLex_IsEos	0	static
lexer.c:331:5:scpiLex_WhiteSpace	16	static
lexer.c:406:5:scpiLex_ProgramHeader	16	static
lexer.c:452:5:scpiLex_CharacterProgramData	16	static
lexer.c:509:5:scpiLex_DecimalNumericProgramData	16	static
lexer.c:534:5:scpiLex_SuffixProgramData	16	static
lexer.c:597:5:scpiLex_NondecimalNumericData	16	static
lexer.c:666:5:scpiLex_StringProgramData	16	static
lexer.c:718:5:scpiLex_ArbitraryBlockProgramData	32	static
lexer.c:806:5:scpiLex_ProgramExpression	16	static
lexer.c:838:5:scpiLex_Comma	8	static
lexer.c:858:5:scpiLex_Semicolon	8	static
lexer.c:878:5:scpiLex_Colon	8	static
lexer.c:898:5:scpiLex_SpecificCharacter	8	static
lexer.c:918:5:scpiLex_NewLine	16	static
