usbd_core.c:89:20:USBD_Init	8	static
usbd_core.c:128:20:USBD_DeInit	8	static
usbd_core.c:152:21:USBD_RegisterClass	0	static
usbd_core.c:178:21:USBD_Start	8	static
usbd_core.c:192:21:USBD_Stop	8	static
usbd_core.c:209:21:USBD_RunTestMode	0	static
usbd_core.c:225:20:USBD_SetClassConfig	8	static
usbd_core.c:248:20:USBD_ClrClassConfig	8	static
usbd_core.c:263:20:USBD_LL_SetupStage	16	static
usbd_core.c:300:20:USBD_LL_DataOutStage	16	static
usbd_core.c:361:20:USBD_LL_DataInStage	16	static
usbd_core.c:442:20:USBD_LL_Reset	16	static
usbd_core.c:476:20:USBD_LL_SetSpeed	0	static
usbd_core.c:491:20:USBD_LL_Suspend	0	static
usbd_core.c:506:20:USBD_LL_Resume	0	static
usbd_core.c:523:20:USBD_LL_SOF	8	static
usbd_core.c:542:20:USBD_LL_IsoINIncomplete	0	static
usbd_core.c:558:20:USBD_LL_IsoOUTIncomplete	0	static
usbd_core.c:574:20:USBD_LL_DevConnected	0	static
usbd_core.c:588:20:USBD_LL_DevDisconnected	8	static
