parser.c:58:15:writeData	4	static
parser.c:776:20:ParamSignToUInt32	16	static
parser.c:810:20:ParamSignToUInt64	16	static
parser.c:84:15:writeDelimiter	0	static
parser.c:425:15:resultUInt64BaseSign	104	static
parser.c:399:15:resultUInt32BaseSign	72	static
parser.c:265:6:SCPI_Init	64	static
parser.c:369:8:SCPI_ResultCharacters	24	static
parser.c:449:8:SCPI_ResultInt32	0	static
parser.c:460:8:SCPI_ResultUInt32Base	0	static
parser.c:470:8:SCPI_ResultInt64	16	static
parser.c:480:8:SCPI_ResultUInt64Base	16	static
parser.c:490:8:SCPI_ResultFloat	48	static
parser.c:506:8:SCPI_ResultDouble	48	static
parser.c:522:8:SCPI_ResultText	32	static
parser.c:551:8:SCPI_ResultError	40	static
parser.c:616:8:SCPI_ResultArbitraryBlockHeader	32	static
parser.c:636:8:SCPI_ResultArbitraryBlockData	8	static
parser.c:659:8:SCPI_ResultArbitraryBlock	24	static
parser.c:1562:15:produceResultArrayBinary	32	static
parser.c:672:8:SCPI_ResultBool	0	static
parser.c:754:13:SCPI_ParamIsNumber	0	static
parser.c:843:13:SCPI_ParamToInt32	0	static
parser.c:854:13:SCPI_ParamToUInt32	0	static
parser.c:865:13:SCPI_ParamToInt64	0	static
parser.c:876:13:SCPI_ParamToUInt64	0	static
parser.c:887:13:SCPI_ParamToFloat	24	static
parser.c:920:13:SCPI_ParamToDouble	24	static
parser.c:1235:13:SCPI_ParamToChoice	40	static
parser.c:1270:13:SCPI_ChoiceToName	8	static
parser.c:1357:5:scpiParser_parseProgramData	40	static
parser.c:696:13:SCPI_Parameter	24	static
parser.c:953:13:SCPI_ParamFloat	32	static
parser.c:984:13:SCPI_ParamDouble	32	static
parser.c:1016:20:ParamSignUInt32	40	static
parser.c:1079:13:SCPI_ParamInt32	0	static
parser.c:1090:13:SCPI_ParamUInt32	0	static
parser.c:1048:20:ParamSignUInt64	40	static
parser.c:1101:13:SCPI_ParamInt64	0	static
parser.c:1112:13:SCPI_ParamUInt64	0	static
parser.c:1124:13:SCPI_ParamCharacters	32	static
parser.c:1161:13:SCPI_ParamArbitraryBlock	32	static
parser.c:1184:13:SCPI_ParamCopyText	40	static
parser.c:1299:13:SCPI_ParamBool	32	static
parser.c:1334:13:SCPI_ParamChoice	32	static
parser.c:1396:5:scpiParser_parseAllProgramData	40	static
parser.c:1446:5:scpiParser_detectProgramMessageUnit	40	static
parser.c:190:13:SCPI_Parse	80	static
parser.c:316:13:SCPI_Input	24	static
parser.c:1499:13:SCPI_IsCmd	24	static
parser.c:1517:9:SCPI_CmdTag	0	static
parser.c:1526:13:SCPI_Match	16	static
parser.c:1530:13:SCPI_CommandNumbers	16	static
parser.c:1540:13:SCPI_ParamIsValid	0	static
parser.c:1549:13:SCPI_ParamErrorOccurred	0	static
parser.c:1640:8:SCPI_ResultArrayInt8	32	static
parser.c:1652:8:SCPI_ResultArrayUInt8	32	static
parser.c:1664:8:SCPI_ResultArrayInt16	32	static
parser.c:1676:8:SCPI_ResultArrayUInt16	32	static
parser.c:1688:8:SCPI_ResultArrayInt32	32	static
parser.c:1700:8:SCPI_ResultArrayUInt32	32	static
parser.c:1712:8:SCPI_ResultArrayInt64	32	static
parser.c:1724:8:SCPI_ResultArrayUInt64	32	static
parser.c:1736:8:SCPI_ResultArrayFloat	32	static
parser.c:1748:8:SCPI_ResultArrayDouble	32	static
parser.c:1775:13:SCPI_ParamArrayInt32	24	static
parser.c:1788:13:SCPI_ParamArrayUInt32	24	static
parser.c:1801:13:SCPI_ParamArrayInt64	24	static
parser.c:1814:13:SCPI_ParamArrayUInt64	24	static
parser.c:1827:13:SCPI_ParamArrayFloat	24	static
parser.c:1840:13:SCPI_ParamArrayDouble	24	static
