Archive member included to satisfy reference by file (symbol)

f:/programs/stm32cubeide_1.4.0/stm32cubeide/plugins/com.st.stm32cube.ide.mcu.externaltools.gnu-tools-for-stm32.7-2018-q2-update.win32_1.4.0.202007081208/tools/bin/../lib/gcc/arm-none-eabi/7.3.1/../../../../arm-none-eabi/lib/thumb/v7-m\libc_nano.a(lib_a-errno.o)
                              Core/Src/syscalls.o (__errno)
f:/programs/stm32cubeide_1.4.0/stm32cubeide/plugins/com.st.stm32cube.ide.mcu.externaltools.gnu-tools-for-stm32.7-2018-q2-update.win32_1.4.0.202007081208/tools/bin/../lib/gcc/arm-none-eabi/7.3.1/../../../../arm-none-eabi/lib/thumb/v7-m\libc_nano.a(lib_a-exit.o)
                              f:/programs/stm32cubeide_1.4.0/stm32cubeide/plugins/com.st.stm32cube.ide.mcu.externaltools.gnu-tools-for-stm32.7-2018-q2-update.win32_1.4.0.202007081208/tools/bin/../lib/gcc/arm-none-eabi/7.3.1/../../../../arm-none-eabi/lib/thumb/v7-m/crt0.o (exit)
f:/programs/stm32cubeide_1.4.0/stm32cubeide/plugins/com.st.stm32cube.ide.mcu.externaltools.gnu-tools-for-stm32.7-2018-q2-update.win32_1.4.0.202007081208/tools/bin/../lib/gcc/arm-none-eabi/7.3.1/../../../../arm-none-eabi/lib/thumb/v7-m\libc_nano.a(lib_a-impure.o)
                              f:/programs/stm32cubeide_1.4.0/stm32cubeide/plugins/com.st.stm32cube.ide.mcu.externaltools.gnu-tools-for-stm32.7-2018-q2-update.win32_1.4.0.202007081208/tools/bin/../lib/gcc/arm-none-eabi/7.3.1/../../../../arm-none-eabi/lib/thumb/v7-m\libc_nano.a(lib_a-exit.o) (_global_impure_ptr)
f:/programs/stm32cubeide_1.4.0/stm32cubeide/plugins/com.st.stm32cube.ide.mcu.externaltools.gnu-tools-for-stm32.7-2018-q2-update.win32_1.4.0.202007081208/tools/bin/../lib/gcc/arm-none-eabi/7.3.1/../../../../arm-none-eabi/lib/thumb/v7-m\libc_nano.a(lib_a-init.o)
                              f:/programs/stm32cubeide_1.4.0/stm32cubeide/plugins/com.st.stm32cube.ide.mcu.externaltools.gnu-tools-for-stm32.7-2018-q2-update.win32_1.4.0.202007081208/tools/bin/../lib/gcc/arm-none-eabi/7.3.1/../../../../arm-none-eabi/lib/thumb/v7-m/crt0.o (__libc_init_array)
f:/programs/stm32cubeide_1.4.0/stm32cubeide/plugins/com.st.stm32cube.ide.mcu.externaltools.gnu-tools-for-stm32.7-2018-q2-update.win32_1.4.0.202007081208/tools/bin/../lib/gcc/arm-none-eabi/7.3.1/../../../../arm-none-eabi/lib/thumb/v7-m\libc_nano.a(lib_a-locale.o)
                              __App/Src/scpi/lexer.o (__locale_ctype_ptr)
f:/programs/stm32cubeide_1.4.0/stm32cubeide/plugins/com.st.stm32cube.ide.mcu.externaltools.gnu-tools-for-stm32.7-2018-q2-update.win32_1.4.0.202007081208/tools/bin/../lib/gcc/arm-none-eabi/7.3.1/../../../../arm-none-eabi/lib/thumb/v7-m\libc_nano.a(lib_a-malloc.o)
                              __App/Src/periph.o (malloc)
f:/programs/stm32cubeide_1.4.0/stm32cubeide/plugins/com.st.stm32cube.ide.mcu.externaltools.gnu-tools-for-stm32.7-2018-q2-update.win32_1.4.0.202007081208/tools/bin/../lib/gcc/arm-none-eabi/7.3.1/../../../../arm-none-eabi/lib/thumb/v7-m\libc_nano.a(lib_a-mbtowc_r.o)
                              f:/programs/stm32cubeide_1.4.0/stm32cubeide/plugins/com.st.stm32cube.ide.mcu.externaltools.gnu-tools-for-stm32.7-2018-q2-update.win32_1.4.0.202007081208/tools/bin/../lib/gcc/arm-none-eabi/7.3.1/../../../../arm-none-eabi/lib/thumb/v7-m\libc_nano.a(lib_a-locale.o) (__ascii_mbtowc)
f:/programs/stm32cubeide_1.4.0/stm32cubeide/plugins/com.st.stm32cube.ide.mcu.externaltools.gnu-tools-for-stm32.7-2018-q2-update.win32_1.4.0.202007081208/tools/bin/../lib/gcc/arm-none-eabi/7.3.1/../../../../arm-none-eabi/lib/thumb/v7-m\libc_nano.a(lib_a-memcpy-stub.o)
                              __App/Src/scpi/parser.o (memcpy)
f:/programs/stm32cubeide_1.4.0/stm32cubeide/plugins/com.st.stm32cube.ide.mcu.externaltools.gnu-tools-for-stm32.7-2018-q2-update.win32_1.4.0.202007081208/tools/bin/../lib/gcc/arm-none-eabi/7.3.1/../../../../arm-none-eabi/lib/thumb/v7-m\libc_nano.a(lib_a-memmove.o)
                              __App/Src/scpi/parser.o (memmove)
f:/programs/stm32cubeide_1.4.0/stm32cubeide/plugins/com.st.stm32cube.ide.mcu.externaltools.gnu-tools-for-stm32.7-2018-q2-update.win32_1.4.0.202007081208/tools/bin/../lib/gcc/arm-none-eabi/7.3.1/../../../../arm-none-eabi/lib/thumb/v7-m\libc_nano.a(lib_a-memset.o)
                              f:/programs/stm32cubeide_1.4.0/stm32cubeide/plugins/com.st.stm32cube.ide.mcu.externaltools.gnu-tools-for-stm32.7-2018-q2-update.win32_1.4.0.202007081208/tools/bin/../lib/gcc/arm-none-eabi/7.3.1/../../../../arm-none-eabi/lib/thumb/v7-m/crt0.o (memset)
f:/programs/stm32cubeide_1.4.0/stm32cubeide/plugins/com.st.stm32cube.ide.mcu.externaltools.gnu-tools-for-stm32.7-2018-q2-update.win32_1.4.0.202007081208/tools/bin/../lib/gcc/arm-none-eabi/7.3.1/../../../../arm-none-eabi/lib/thumb/v7-m\libc_nano.a(lib_a-nano-freer.o)
[...]
Memory Configuration

Name             Origin             Length             Attributes
RAM              0x0000000020000000 0x0000000000005000 xrw
FLASH            0x0000000008000000 0x0000000000010000 xr
*default*        0x0000000000000000 0xffffffffffffffff

Linker script and memory map

LOAD f:/programs/stm32cubeide_1.4.0/stm32cubeide/plugins/com.st.stm32cube.ide.mcu.externaltools.gnu-tools-for-stm32.7-2018-q2-update.win32_1.4.0.202007081208/tools/bin/../lib/gcc/arm-none-eabi/7.3.1/thumb/v7-m/crti.o
LOAD f:/programs/stm32cubeide_1.4.0/stm32cubeide/plugins/com.st.stm32cube.ide.mcu.externaltools.gnu-tools-for-stm32.7-2018-q2-update.win32_1.4.0.202007081208/tools/bin/../lib/gcc/arm-none-eabi/7.3.1/thumb/v7-m/crtbegin.o
LOAD f:/programs/stm32cubeide_1.4.0/stm32cubeide/plugins/com.st.stm32cube.ide.mcu.externaltools.gnu-tools-for-stm32.7-2018-q2-update.win32_1.4.0.202007081208/tools/bin/../lib/gcc/arm-none-eabi/7.3.1/../../../../arm-none-eabi/lib/thumb/v7-m/crt0.o
LOAD Core/Src/main.o
LOAD Core/Src/stm32f1xx_hal_msp.o
LOAD Core/Src/stm32f1xx_it.o
LOAD Core/Src/syscalls.o
LOAD Core/Src/sysmem.o
LOAD Core/Src/system_stm32f1xx.o
LOAD Core/Startup/startup_stm32f103c8tx.o
LOAD Drivers/STM32F1xx_HAL_Driver/Src/stm32f1xx_hal.o
LOAD Drivers/STM32F1xx_HAL_Driver/Src/stm32f1xx_hal_cortex.o
LOAD Drivers/STM32F1xx_HAL_Driver/Src/stm32f1xx_hal_dma.o
LOAD Drivers/STM32F1xx_HAL_Driver/Src/stm32f1xx_hal_exti.o
LOAD Drivers/STM32F1xx_HAL_Driver/Src/stm32f1xx_hal_flash.o
LOAD Drivers/STM32F1xx_HAL_Driver/Src/stm32f1xx_hal_flash_ex.o
LOAD Drivers/STM32F1xx_HAL_Driver/Src/stm32f1xx_hal_gpio.o
LOAD Drivers/STM32F1xx_HAL_Driver/Src/stm32f1xx_hal_gpio_ex.o
LOAD Drivers/STM32F1xx_HAL_Driver/Src/stm32f1xx_hal_pcd.o
LOAD Drivers/STM32F1xx_HAL_Driver/Src/stm32f1xx_hal_pcd_ex.o
LOAD Drivers/STM32F1xx_HAL_Driver/Src/stm32f1xx_hal_pwr.o
LOAD Drivers/STM32F1xx_HAL_Driver/Src/stm32f1xx_hal_rcc.o
LOAD Drivers/STM32F1xx_HAL_Driver/Src/stm32f1xx_hal_rcc_ex.o
LOAD Drivers/STM32F1xx_HAL_Driver/Src/stm32f1xx_hal_tim.o
LOAD Drivers/STM32F1xx_HAL_Driver/Src/stm32f1xx_hal_tim_ex.o
LOAD Drivers/STM32F1xx_HAL_Driver/Src/stm32f1xx_ll_adc.o
LOAD Drivers/STM32F1xx_HAL_Driver/Src/stm32f1xx_ll_dma.o
LOAD Drivers/STM32F1xx_HAL_Driver/Src/stm32f1xx_ll_exti.o
LOAD Drivers/STM32F1xx_HAL_Driver/Src/stm32f1xx_ll_gpio.o
LOAD Drivers/STM32F1xx_HAL_Driver/Src/stm32f1xx_ll_rcc.o
LOAD Drivers/STM32F1xx_HAL_Driver/Src/stm32f1xx_ll_tim.o
LOAD Drivers/STM32F1xx_HAL_Driver/Src/stm32f1xx_ll_usart.o
LOAD Drivers/STM32F1xx_HAL_Driver/Src/stm32f1xx_ll_usb.o
LOAD Drivers/STM32F1xx_HAL_Driver/Src/stm32f1xx_ll_utils.o
LOAD Middlewares/ST/STM32_USB_Device_Library/Class/CDC/Src/usbd_cdc.o
LOAD Middlewares/ST/STM32_USB_Device_Library/Core/Src/usbd_core.o
LOAD Middlewares/ST/STM32_USB_Device_Library/Core/Src/usbd_ctlreq.o
LOAD Middlewares/ST/STM32_USB_Device_Library/Core/Src/usbd_ioreq.o
LOAD USB_DEVICE/App/usb_device.o
LOAD USB_DEVICE/App/usbd_cdc_if.o
LOAD USB_DEVICE/App/usbd_desc.o
LOAD USB_DEVICE/Target/usbd_conf.o
LOAD __App/Src/app.o
LOAD __App/Src/comm.o
LOAD __App/Src/irq.o
LOAD __App/Src/periph.o
LOAD __App/Src/proto.o
LOAD __App/Src/utility.o
LOAD __App/Src/scpi/error.o
LOAD __App/Src/scpi/expression.o
LOAD __App/Src/scpi/fifo.o
LOAD __App/Src/scpi/ieee488.o
LOAD __App/Src/scpi/lexer.o
LOAD __App/Src/scpi/minimal.o
LOAD __App/Src/scpi/parser.o
LOAD __App/Src/scpi/units.o
LOAD __App/Src/scpi/utils.o
START GROUP
LOAD f:/programs/stm32cubeide_1.4.0/stm32cubeide/plugins/com.st.stm32cube.ide.mcu.externaltools.gnu-tools-for-stm32.7-2018-q2-update.win32_1.4.0.202007081208/tools/bin/../lib/gcc/arm-none-eabi/7.3.1/../../../../arm-none-eabi/lib/thumb/v7-m\libc_nano.a
LOAD f:/programs/stm32cubeide_1.4.0/stm32cubeide/plugins/com.st.stm32cube.ide.mcu.externaltools.gnu-tools-for-stm32.7-2018-q2-update.win32_1.4.0.202007081208/tools/bin/../lib/gcc/arm-none-eabi/7.3.1/../../../../arm-none-eabi/lib/thumb/v7-m\libm.a
END GROUP
START GROUP
LOAD f:/programs/stm32cubeide_1.4.0/stm32cubeide/plugins/com.st.stm32cube.ide.mcu.externaltools.gnu-tools-for-stm32.7-2018-q2-update.win32_1.4.0.202007081208/tools/bin/../lib/gcc/arm-none-eabi/7.3.1/thumb/v7-m\libgcc.a
LOAD f:/programs/stm32cubeide_1.4.0/stm32cubeide/plugins/com.st.stm32cube.ide.mcu.externaltools.gnu-tools-for-stm32.7-2018-q2-update.win32_1.4.0.202007081208/tools/bin/../lib/gcc/arm-none-eabi/7.3.1/../../../../arm-none-eabi/lib/thumb/v7-m\libc_nano.a
END GROUP
START GROUP
LOAD f:/programs/stm32cubeide_1.4.0/stm32cubeide/plugins/com.st.stm32cube.ide.mcu.externaltools.gnu-tools-for-stm32.7-2018-q2-update.win32_1.4.0.202007081208/tools/bin/../lib/gcc/arm-none-eabi/7.3.1/thumb/v7-m\libgcc.a
LOAD f:/programs/stm32cubeide_1.4.0/stm32cubeide/plugins/com.st.stm32cube.ide.mcu.externaltools.gnu-tools-for-stm32.7-2018-q2-update.win32_1.4.0.202007081208/tools/bin/../lib/gcc/arm-none-eabi/7.3.1/../../../../arm-none-eabi/lib/thumb/v7-m\libc_nano.a
LOAD f:/programs/stm32cubeide_1.4.0/stm32cubeide/plugins/com.st.stm32cube.ide.mcu.externaltools.gnu-tools-for-stm32.7-2018-q2-update.win32_1.4.0.202007081208/tools/bin/../lib/gcc/arm-none-eabi/7.3.1/../../../../arm-none-eabi/lib/thumb/v7-m\libnosys.a
END GROUP
START GROUP
LOAD f:/programs/stm32cubeide_1.4.0/stm32cubeide/plugins/com.st.stm32cube.ide.mcu.externaltools.gnu-tools-for-stm32.7-2018-q2-update.win32_1.4.0.202007081208/tools/bin/../lib/gcc/arm-none-eabi/7.3.1/thumb/v7-m\libgcc.a
LOAD f:/programs/stm32cubeide_1.4.0/stm32cubeide/plugins/com.st.stm32cube.ide.mcu.externaltools.gnu-tools-for-stm32.7-2018-q2-update.win32_1.4.0.202007081208/tools/bin/../lib/gcc/arm-none-eabi/7.3.1/../../../../arm-none-eabi/lib/thumb/v7-m\libc_nano.a
LOAD f:/programs/stm32cubeide_1.4.0/stm32cubeide/plugins/com.st.stm32cube.ide.mcu.externaltools.gnu-tools-for-stm32.7-2018-q2-update.win32_1.4.0.202007081208/tools/bin/../lib/gcc/arm-none-eabi/7.3.1/../../../../arm-none-eabi/lib/thumb/v7-m\libnosys.a
END GROUP
LOAD f:/programs/stm32cubeide_1.4.0/stm32cubeide/plugins/com.st.stm32cube.ide.mcu.externaltools.gnu-tools-for-stm32.7-2018-q2-update.win32_1.4.0.202007081208/tools/bin/../lib/gcc/arm-none-eabi/7.3.1/thumb/v7-m/crtend.o
LOAD f:/programs/stm32cubeide_1.4.0/stm32cubeide/plugins/com.st.stm32cube.ide.mcu.externaltools.gnu-tools-for-stm32.7-2018-q2-update.win32_1.4.0.202007081208/tools/bin/../lib/gcc/arm-none-eabi/7.3.1/thumb/v7-m/crtn.o
                0x0000000020005000                _estack = (ORIGIN (RAM) + LENGTH (RAM))
                0x0000000000000200                _Min_Heap_Size = 0x200
                0x0000000000000400                _Min_Stack_Size = 0x400

.isr_vector     0x0000000008000000      0x10c
                0x0000000008000000                . = ALIGN (0x4)
 *(.isr_vector)
 .isr_vector    0x0000000008000000      0x10c Core/Startup/startup_stm32f103c8tx.o
                0x0000000008000000                g_pfnVectors
                0x000000000800010c                . = ALIGN (0x4)

.text           0x0000000008000110     0xa510
                0x0000000008000110                . = ALIGN (0x4)
 *(.text)
 .text          0x0000000008000110       0x40 f:/programs/stm32cubeide_1.4.0/stm32cubeide/plugins/com.st.stm32cube.ide.mcu.externaltools.gnu-tools-for-stm32.7-2018-q2-update.win32_1.4.0.202007081208/tools/bin/../lib/gcc/arm-none-eabi/7.3.1/thumb/v7-m/crtbegin.o
 .text          0x0000000008000150       0x14 f:/programs/stm32cubeide_1.4.0/stm32cubeide/plugins/com.st.stm32cube.ide.mcu.externaltools.gnu-tools-for-stm32.7-2018-q2-update.win32_1.4.0.202007081208/tools/bin/../lib/gcc/arm-none-eabi/7.3.1/../../../../arm-none-eabi/lib/thumb/v7-m\libc_nano.a(lib_a-strcmp.o)
                0x0000000008000150                strcmp
 .text          0x0000000008000164       0x10 f:/programs/stm32cubeide_1.4.0/stm32cubeide/plugins/com.st.stm32cube.ide.mcu.externaltools.gnu-tools-for-stm32.7-2018-q2-update.win32_1.4.0.202007081208/tools/bin/../lib/gcc/arm-none-eabi/7.3.1/../../../../arm-none-eabi/lib/thumb/v7-m\libc_nano.a(lib_a-strlen.o)
                0x0000000008000164                strlen
 .text          0x0000000008000174      0x378 f:/programs/stm32cubeide_1.4.0/stm32cubeide/plugins/com.st.stm32cube.ide.mcu.externaltools.gnu-tools-for-stm32.7-2018-q2-update.win32_1.4.0.202007081208/tools/bin/../lib/gcc/arm-none-eabi/7.3.1/thumb/v7-m\libgcc.a(_arm_addsubdf3.o)
                0x0000000008000174                __aeabi_drsub
                0x000000000800017c                __aeabi_dsub
                0x000000000800017c                __subdf3
                0x0000000008000180                __aeabi_dadd
                0x0000000008000180                __adddf3
                0x00000000080003f8                __floatunsidf
                0x00000000080003f8                __aeabi_ui2d
                0x0000000008000418                __floatsidf
                0x0000000008000418                __aeabi_i2d
                0x000000000800043c                __aeabi_f2d
                0x000000000800043c                __extendsfdf2
                0x0000000008000480                __floatundidf
                0x0000000008000480                __aeabi_ul2d
                0x0000000008000490                __floatdidf
                0x0000000008000490                __aeabi_l2d
 .text          0x00000000080004ec      0x424 f:/programs/stm32cubeide_1.4.0/stm32cubeide/plugins/com.st.stm32cube.ide.mcu.externaltools.gnu-tools-for-stm32.7-2018-q2-update.win32_1.4.0.202007081208/tools/bin/../lib/gcc/arm-none-eabi/7.3.1/thumb/v7-m\libgcc.a(_arm_muldivdf3.o)
                0x00000000080004ec                __aeabi_dmul
                0x00000000080004ec                __muldf3
                0x0000000008000740                __divdf3
                0x0000000008000740                __aeabi_ddiv
 .text          0x0000000008000910      0x110 f:/programs/stm32cubeide_1.4.0/stm32cubeide/plugins/com.st.stm32cube.ide.mcu.externaltools.gnu-tools-for-stm32.7-2018-q2-update.win32_1.4.0.202007081208/tools/bin/../lib/gcc/arm-none-eabi/7.3.1/thumb/v7-m\libgcc.a(_arm_cmpdf2.o)
                0x0000000008000910                __gtdf2
                0x0000000008000910                __gedf2
                0x0000000008000918                __ltdf2
                0x0000000008000918                __ledf2
                0x0000000008000920                __nedf2
                0x0000000008000920                __eqdf2
                0x0000000008000920                __cmpdf2
                0x000000000800099c                __aeabi_cdrcmple
                0x00000000080009ac                __aeabi_cdcmpeq
                0x00000000080009ac                __aeabi_cdcmple
                0x00000000080009bc                __aeabi_dcmpeq
                0x00000000080009d0                __aeabi_dcmplt
                0x00000000080009e4                __aeabi_dcmple
                0x00000000080009f8                __aeabi_dcmpge
                0x0000000008000a0c                __aeabi_dcmpgt
 .text          0x0000000008000a20       0x2c f:/programs/stm32cubeide_1.4.0/stm32cubeide/plugins/com.st.stm32cube.ide.mcu.externaltools.gnu-tools-for-stm32.7-2018-q2-update.win32_1.4.0.202007081208/tools/bin/../lib/gcc/arm-none-eabi/7.3.1/thumb/v7-m\libgcc.a(_arm_unorddf2.o)
                0x0000000008000a20                __unorddf2
                0x0000000008000a20                __aeabi_dcmpun
 .text          0x0000000008000a4c       0x50 f:/programs/stm32cubeide_1.4.0/stm32cubeide/plugins/com.st.stm32cube.ide.mcu.externaltools.gnu-tools-for-stm32.7-2018-q2-update.win32_1.4.0.202007081208/tools/bin/../lib/gcc/arm-none-eabi/7.3.1/thumb/v7-m\libgcc.a(_arm_fixdfsi.o)
                0x0000000008000a4c                __aeabi_d2iz
                0x0000000008000a4c                __fixdfsi
 .text          0x0000000008000a9c       0xa0 f:/programs/stm32cubeide_1.4.0/stm32cubeide/plugins/com.st.stm32cube.ide.mcu.externaltools.gnu-tools-for-stm32.7-2018-q2-update.win32_1.4.0.202007081208/tools/bin/../lib/gcc/arm-none-eabi/7.3.1/thumb/v7-m\libgcc.a(_arm_truncdfsf2.o)
                0x0000000008000a9c                __truncdfsf2
                0x0000000008000a9c                __aeabi_d2f
 .text          0x0000000008000b3c      0x21c f:/programs/stm32cubeide_1.4.0/stm32cubeide/plugins/com.st.stm32cube.ide.mcu.externaltools.gnu-tools-for-stm32.7-2018-q2-update.win32_1.4.0.202007081208/tools/bin/../lib/gcc/arm-none-eabi/7.3.1/thumb/v7-m\libgcc.a(_arm_addsubsf3.o)
                0x0000000008000b3c                __aeabi_frsub
                0x0000000008000b44                __subsf3
                0x0000000008000b44                __aeabi_fsub
                0x0000000008000b48                __aeabi_fadd
                0x0000000008000b48                __addsf3
                0x0000000008000ca8                __aeabi_ui2f
                0x0000000008000ca8                __floatunsisf
                0x0000000008000cb0                __aeabi_i2f
                0x0000000008000cb0                __floatsisf
                0x0000000008000ccc                __aeabi_ul2f
                0x0000000008000ccc                __floatundisf
                0x0000000008000cdc                __aeabi_l2f
                0x0000000008000cdc                __floatdisf
 .text          0x0000000008000d58      0x2a0 f:/programs/stm32cubeide_1.4.0/stm32cubeide/plugins/com.st.stm32cube.ide.mcu.externaltools.gnu-tools-for-stm32.7-2018-q2-update.win32_1.4.0.202007081208/tools/bin/../lib/gcc/arm-none-eabi/7.3.1/thumb/v7-m\libgcc.a(_arm_muldivsf3.o)
                0x0000000008000d58                __mulsf3
                0x0000000008000d58                __aeabi_fmul
                0x0000000008000ec0                __aeabi_fdiv
                0x0000000008000ec0                __divsf3
 .text          0x0000000008000ff8       0xec f:/programs/stm32cubeide_1.4.0/stm32cubeide/plugins/com.st.stm32cube.ide.mcu.externaltools.gnu-tools-for-stm32.7-2018-q2-update.win32_1.4.0.202007081208/tools/bin/../lib/gcc/arm-none-eabi/7.3.1/thumb/v7-m\libgcc.a(_arm_cmpsf2.o)
                0x0000000008000ff8                __gesf2
                0x0000000008000ff8                __gtsf2
                0x0000000008001000                __lesf2
                0x0000000008001000                __ltsf2
                0x0000000008001008                __nesf2
                0x0000000008001008                __eqsf2
                0x0000000008001008                __cmpsf2
                0x0000000008001068                __aeabi_cfrcmple
                0x0000000008001070                __aeabi_cfcmpeq
                0x0000000008001070                __aeabi_cfcmple
                0x0000000008001080                __aeabi_fcmpeq
                0x0000000008001094                __aeabi_fcmplt
                0x00000000080010a8                __aeabi_fcmple
                0x00000000080010bc                __aeabi_fcmpge
                0x00000000080010d0                __aeabi_fcmpgt
 .text          0x00000000080010e4       0x4c f:/programs/stm32cubeide_1.4.0/stm32cubeide/plugins/com.st.stm32cube.ide.mcu.externaltools.gnu-tools-for-stm32.7-2018-q2-update.win32_1.4.0.202007081208/tools/bin/../lib/gcc/arm-none-eabi/7.3.1/thumb/v7-m\libgcc.a(_arm_fixsfsi.o)
                0x00000000080010e4                __aeabi_f2iz
                0x00000000080010e4                __fixsfsi
 .text          0x0000000008001130       0x40 f:/programs/stm32cubeide_1.4.0/stm32cubeide/plugins/com.st.stm32cube.ide.mcu.externaltools.gnu-tools-for-stm32.7-2018-q2-update.win32_1.4.0.202007081208/tools/bin/../lib/gcc/arm-none-eabi/7.3.1/thumb/v7-m\libgcc.a(_arm_fixunssfsi.o)
                0x0000000008001130                __fixunssfsi
                0x0000000008001130                __aeabi_f2uiz
 *(.text*)
 .text.LL_APB1_GRP1_EnableClock
                0x0000000008001170       0x1c Core/Src/main.o
 .text.LL_APB2_GRP1_EnableClock
                0x000000000800118c       0x1c Core/Src/main.o
 .text.LL_ADC_SetChannelSamplingTime.constprop.23
                0x00000000080011a8       0x54 Core/Src/main.o
 .text.NVIC_EncodePriority.constprop.25
                0x00000000080011fc        0x4 Core/Src/main.o
 .text.SystemClock_Config
                0x0000000008001200       0xac Core/Src/main.o
                0x0000000008001200                SystemClock_Config
 .text.startup.main
                0x00000000080012ac      0x674 Core/Src/main.o
                0x00000000080012ac                main
 .text.Error_Handler
                0x0000000008001920        0x2 Core/Src/main.o
                0x0000000008001920                Error_Handler
 *fill*         0x0000000008001922        0x2 
 .text.HAL_MspInit
                0x0000000008001924       0x8c Core/Src/stm32f1xx_hal_msp.o
                0x0000000008001924                HAL_MspInit
 .text.NMI_Handler
                0x00000000080019b0        0x2 Core/Src/stm32f1xx_it.o
                0x00000000080019b0                NMI_Handler
 .text.HardFault_Handler
                0x00000000080019b2        0x2 Core/Src/stm32f1xx_it.o
                0x00000000080019b2                HardFault_Handler
 .text.MemManage_Handler
                0x00000000080019b4        0x2 Core/Src/stm32f1xx_it.o
                0x00000000080019b4                MemManage_Handler
 .text.BusFault_Handler
                0x00000000080019b6        0x2 Core/Src/stm32f1xx_it.o
                0x00000000080019b6                BusFault_Handler
 .text.UsageFault_Handler
                0x00000000080019b8        0x2 Core/Src/stm32f1xx_it.o
                0x00000000080019b8                UsageFault_Handler
 .text.SVC_Handler
                0x00000000080019ba        0x2 Core/Src/stm32f1xx_it.o
                0x00000000080019ba                SVC_Handler
 .text.DebugMon_Handler
                0x00000000080019bc        0x2 Core/Src/stm32f1xx_it.o
                0x00000000080019bc                DebugMon_Handler
 .text.PendSV_Handler
                0x00000000080019be        0x2 Core/Src/stm32f1xx_it.o
                0x00000000080019be                PendSV_Handler
 .text.SysTick_Handler
                0x00000000080019c0        0x4 Core/Src/stm32f1xx_it.o
                0x00000000080019c0                SysTick_Handler
 .text.USB_LP_CAN1_RX0_IRQHandler
                0x00000000080019c4        0xc Core/Src/stm32f1xx_it.o
                0x00000000080019c4                USB_LP_CAN1_RX0_IRQHandler
 .text._sbrk    0x00000000080019d0       0x40 Core/Src/sysmem.o
                0x00000000080019d0                _sbrk
 .text.SystemInit
                0x0000000008001a10        0x2 Core/Src/system_stm32f1xx.o
                0x0000000008001a10                SystemInit
 *fill*         0x0000000008001a12        0x2 
 .text.Reset_Handler
                0x0000000008001a14       0x48 Core/Startup/startup_stm32f103c8tx.o
                0x0000000008001a14                Reset_Handler
 .text.Default_Handler
                0x0000000008001a5c        0x2 Core/Startup/startup_stm32f103c8tx.o
                0x0000000008001a5c                RTC_Alarm_IRQHandler
                0x0000000008001a5c                TIM1_CC_IRQHandler
                0x0000000008001a5c                PVD_IRQHandler
                0x0000000008001a5c                EXTI0_IRQHandler
                0x0000000008001a5c                I2C2_EV_IRQHandler
                0x0000000008001a5c                SPI1_IRQHandler
                0x0000000008001a5c                TAMPER_IRQHandler
                0x0000000008001a5c                DMA1_Channel4_IRQHandler
                0x0000000008001a5c                USART3_IRQHandler
                0x0000000008001a5c                RTC_IRQHandler
                0x0000000008001a5c                DMA1_Channel7_IRQHandler
                0x0000000008001a5c                CAN1_RX1_IRQHandler
                0x0000000008001a5c                TIM4_IRQHandler
                0x0000000008001a5c                I2C1_EV_IRQHandler
                0x0000000008001a5c                DMA1_Channel6_IRQHandler
                0x0000000008001a5c                RCC_IRQHandler
                0x0000000008001a5c                TIM1_TRG_COM_IRQHandler
                0x0000000008001a5c                Default_Handler
                0x0000000008001a5c                EXTI15_10_IRQHandler
                0x0000000008001a5c                EXTI9_5_IRQHandler
                0x0000000008001a5c                SPI2_IRQHandler
                0x0000000008001a5c                DMA1_Channel5_IRQHandler
                0x0000000008001a5c                USB_HP_CAN1_TX_IRQHandler
                0x0000000008001a5c                DMA1_Channel3_IRQHandler
                0x0000000008001a5c                WWDG_IRQHandler
                0x0000000008001a5c                TIM2_IRQHandler
                0x0000000008001a5c                TIM1_BRK_IRQHandler
                0x0000000008001a5c                USART2_IRQHandler
                0x0000000008001a5c                I2C2_ER_IRQHandler
                0x0000000008001a5c                DMA1_Channel2_IRQHandler
                0x0000000008001a5c                CAN1_SCE_IRQHandler
                0x0000000008001a5c                FLASH_IRQHandler
                0x0000000008001a5c                I2C1_ER_IRQHandler
                0x0000000008001a5c                USBWakeUp_IRQHandler
 *fill*         0x0000000008001a5e        0x2 
 .text.HAL_InitTick
                0x0000000008001a60       0x48 Drivers/STM32F1xx_HAL_Driver/Src/stm32f1xx_hal.o
                0x0000000008001a60                HAL_InitTick
 .text.HAL_Init
                0x0000000008001aa8       0x24 Drivers/STM32F1xx_HAL_Driver/Src/stm32f1xx_hal.o
                0x0000000008001aa8                HAL_Init
 .text.HAL_IncTick
                0x0000000008001acc       0x18 Drivers/STM32F1xx_HAL_Driver/Src/stm32f1xx_hal.o
                0x0000000008001acc                HAL_IncTick
 .text.HAL_NVIC_SetPriorityGrouping
                0x0000000008001ae4       0x24 Drivers/STM32F1xx_HAL_Driver/Src/stm32f1xx_hal_cortex.o
                0x0000000008001ae4                HAL_NVIC_SetPriorityGrouping
 .text.HAL_NVIC_SetPriority
                0x0000000008001b08       0x68 Drivers/STM32F1xx_HAL_Driver/Src/stm32f1xx_hal_cortex.o
                0x0000000008001b08                HAL_NVIC_SetPriority
 .text.HAL_NVIC_EnableIRQ
                0x0000000008001b70       0x1c Drivers/STM32F1xx_HAL_Driver/Src/stm32f1xx_hal_cortex.o
                0x0000000008001b70                HAL_NVIC_EnableIRQ
 .text.HAL_SYSTICK_Config
                0x0000000008001b8c       0x2c Drivers/STM32F1xx_HAL_Driver/Src/stm32f1xx_hal_cortex.o
                0x0000000008001b8c                HAL_SYSTICK_Config
 .text.HAL_PCD_Init
                0x0000000008001bb8       0xf0 Drivers/STM32F1xx_HAL_Driver/Src/stm32f1xx_hal_pcd.o
                0x0000000008001bb8                HAL_PCD_Init
 .text.HAL_PCD_Start
                0x0000000008001ca8       0x32 Drivers/STM32F1xx_HAL_Driver/Src/stm32f1xx_hal_pcd.o
                0x0000000008001ca8                HAL_PCD_Start
 .text.HAL_PCD_SetAddress
                0x0000000008001cda       0x28 Drivers/STM32F1xx_HAL_Driver/Src/stm32f1xx_hal_pcd.o
                0x0000000008001cda                HAL_PCD_SetAddress
 *fill*         0x0000000008001d02        0x2 
 .text.HAL_PCD_IRQHandler
                0x0000000008001d04      0x844 Drivers/STM32F1xx_HAL_Driver/Src/stm32f1xx_hal_pcd.o
                0x0000000008001d04                HAL_PCD_IRQHandler
 .text.HAL_PCD_EP_Open
                0x0000000008002548       0x64 Drivers/STM32F1xx_HAL_Driver/Src/stm32f1xx_hal_pcd.o
                0x0000000008002548                HAL_PCD_EP_Open
 .text.HAL_PCD_EP_Close
                0x00000000080025ac       0x52 Drivers/STM32F1xx_HAL_Driver/Src/stm32f1xx_hal_pcd.o
                0x00000000080025ac                HAL_PCD_EP_Close
 .text.HAL_PCD_EP_Receive
                0x00000000080025fe       0x32 Drivers/STM32F1xx_HAL_Driver/Src/stm32f1xx_hal_pcd.o
                0x00000000080025fe                HAL_PCD_EP_Receive
 .text.HAL_PCD_EP_GetRxCount
                0x0000000008002630       0x10 Drivers/STM32F1xx_HAL_Driver/Src/stm32f1xx_hal_pcd.o
                0x0000000008002630                HAL_PCD_EP_GetRxCount
 .text.HAL_PCD_EP_Transmit
                0x0000000008002640       0x34 Drivers/STM32F1xx_HAL_Driver/Src/stm32f1xx_hal_pcd.o
                0x0000000008002640                HAL_PCD_EP_Transmit
 .text.HAL_PCD_EP_SetStall
                0x0000000008002674       0x68 Drivers/STM32F1xx_HAL_Driver/Src/stm32f1xx_hal_pcd.o
                0x0000000008002674                HAL_PCD_EP_SetStall
 .text.HAL_PCD_EP_ClrStall
                0x00000000080026dc       0x64 Drivers/STM32F1xx_HAL_Driver/Src/stm32f1xx_hal_pcd.o
                0x00000000080026dc                HAL_PCD_EP_ClrStall
 .text.HAL_PCDEx_PMAConfig
                0x0000000008002740       0x36 Drivers/STM32F1xx_HAL_Driver/Src/stm32f1xx_hal_pcd_ex.o
                0x0000000008002740                HAL_PCDEx_PMAConfig
 *fill*         0x0000000008002776        0x2 
 .text.LL_ADC_CommonInit
                0x0000000008002778       0x38 Drivers/STM32F1xx_HAL_Driver/Src/stm32f1xx_ll_adc.o
                0x0000000008002778                LL_ADC_CommonInit
 .text.LL_ADC_Init
                0x00000000080027b0       0x2a Drivers/STM32F1xx_HAL_Driver/Src/stm32f1xx_ll_adc.o
                0x00000000080027b0                LL_ADC_Init
 .text.LL_ADC_REG_Init
                0x00000000080027da       0x44 Drivers/STM32F1xx_HAL_Driver/Src/stm32f1xx_ll_adc.o
                0x00000000080027da                LL_ADC_REG_Init
 *fill*         0x000000000800281e        0x2 
 .text.LL_EXTI_Init
                0x0000000008002820       0xa8 Drivers/STM32F1xx_HAL_Driver/Src/stm32f1xx_ll_exti.o
                0x0000000008002820                LL_EXTI_Init
 .text.LL_GPIO_Init
                0x00000000080028c8       0xfa Drivers/STM32F1xx_HAL_Driver/Src/stm32f1xx_ll_gpio.o
                0x00000000080028c8                LL_GPIO_Init
 *fill*         0x00000000080029c2        0x2 
 .text.RCC_GetHCLKClockFreq
                0x00000000080029c4       0x18 Drivers/STM32F1xx_HAL_Driver/Src/stm32f1xx_ll_rcc.o
                0x00000000080029c4                RCC_GetHCLKClockFreq
 .text.RCC_GetPCLK1ClockFreq
                0x00000000080029dc       0x18 Drivers/STM32F1xx_HAL_Driver/Src/stm32f1xx_ll_rcc.o
                0x00000000080029dc                RCC_GetPCLK1ClockFreq
 .text.RCC_GetPCLK2ClockFreq
                0x00000000080029f4       0x18 Drivers/STM32F1xx_HAL_Driver/Src/stm32f1xx_ll_rcc.o
                0x00000000080029f4                RCC_GetPCLK2ClockFreq
 .text.RCC_PLL_GetFreqDomain_SYS
                0x0000000008002a0c       0x34 Drivers/STM32F1xx_HAL_Driver/Src/stm32f1xx_ll_rcc.o
                0x0000000008002a0c                RCC_PLL_GetFreqDomain_SYS
 .text.RCC_GetSystemClockFreq
                0x0000000008002a40       0x1c Drivers/STM32F1xx_HAL_Driver/Src/stm32f1xx_ll_rcc.o
                0x0000000008002a40                RCC_GetSystemClockFreq
 .text.LL_RCC_GetSystemClocksFreq
                0x0000000008002a5c       0x20 Drivers/STM32F1xx_HAL_Driver/Src/stm32f1xx_ll_rcc.o
                0x0000000008002a5c                LL_RCC_GetSystemClocksFreq
 .text.LL_TIM_Init
                0x0000000008002a7c       0x70 Drivers/STM32F1xx_HAL_Driver/Src/stm32f1xx_ll_tim.o
                0x0000000008002a7c                LL_TIM_Init
 .text.LL_TIM_OC_Init
                0x0000000008002aec      0x190 Drivers/STM32F1xx_HAL_Driver/Src/stm32f1xx_ll_tim.o
                0x0000000008002aec                LL_TIM_OC_Init
 .text.LL_USART_Init
                0x0000000008002c7c       0xa4 Drivers/STM32F1xx_HAL_Driver/Src/stm32f1xx_ll_usart.o
                0x0000000008002c7c                LL_USART_Init
 .text.USB_CoreInit
                0x0000000008002d20        0xe Drivers/STM32F1xx_HAL_Driver/Src/stm32f1xx_ll_usb.o
                0x0000000008002d20                USB_CoreInit
 .text.USB_EnableGlobalInt
                0x0000000008002d2e       0x12 Drivers/STM32F1xx_HAL_Driver/Src/stm32f1xx_ll_usb.o
                0x0000000008002d2e                USB_EnableGlobalInt
 .text.USB_DisableGlobalInt
                0x0000000008002d40       0x14 Drivers/STM32F1xx_HAL_Driver/Src/stm32f1xx_ll_usb.o
                0x0000000008002d40                USB_DisableGlobalInt
 .text.USB_SetCurrentMode
                0x0000000008002d54        0x4 Drivers/STM32F1xx_HAL_Driver/Src/stm32f1xx_ll_usb.o
                0x0000000008002d54                USB_SetCurrentMode
 .text.USB_DevInit
                0x0000000008002d58       0x28 Drivers/STM32F1xx_HAL_Driver/Src/stm32f1xx_ll_usb.o
                0x0000000008002d58                USB_DevInit
 .text.USB_ActivateEndpoint
                0x0000000008002d80      0x27c Drivers/STM32F1xx_HAL_Driver/Src/stm32f1xx_ll_usb.o
                0x0000000008002d80                USB_ActivateEndpoint
 .text.USB_DeactivateEndpoint
                0x0000000008002ffc      0x18c Drivers/STM32F1xx_HAL_Driver/Src/stm32f1xx_ll_usb.o
                0x0000000008002ffc                USB_DeactivateEndpoint
 .text.USB_EPSetStall
                0x0000000008003188       0x38 Drivers/STM32F1xx_HAL_Driver/Src/stm32f1xx_ll_usb.o
                0x0000000008003188                USB_EPSetStall
 .text.USB_EPClearStall
                0x00000000080031c0       0x86 Drivers/STM32F1xx_HAL_Driver/Src/stm32f1xx_ll_usb.o
                0x00000000080031c0                USB_EPClearStall
 .text.USB_SetDevAddress
                0x0000000008003246        0xc Drivers/STM32F1xx_HAL_Driver/Src/stm32f1xx_ll_usb.o
                0x0000000008003246                USB_SetDevAddress
 .text.USB_DevConnect
                0x0000000008003252        0x4 Drivers/STM32F1xx_HAL_Driver/Src/stm32f1xx_ll_usb.o
                0x0000000008003252                USB_DevConnect
 .text.USB_DevDisconnect
                0x0000000008003256        0x4 Drivers/STM32F1xx_HAL_Driver/Src/stm32f1xx_ll_usb.o
                0x0000000008003256                USB_DevDisconnect
 .text.USB_ReadInterrupts
                0x000000000800325a        0x6 Drivers/STM32F1xx_HAL_Driver/Src/stm32f1xx_ll_usb.o
                0x000000000800325a                USB_ReadInterrupts
 .text.USB_EP0_OutStart
                0x0000000008003260        0x4 Drivers/STM32F1xx_HAL_Driver/Src/stm32f1xx_ll_usb.o
                0x0000000008003260                USB_EP0_OutStart
 .text.USB_WritePMA
                0x0000000008003264       0x20 Drivers/STM32F1xx_HAL_Driver/Src/stm32f1xx_ll_usb.o
                0x0000000008003264                USB_WritePMA
 .text.USB_EPStartXfer
                0x0000000008003284      0x558 Drivers/STM32F1xx_HAL_Driver/Src/stm32f1xx_ll_usb.o
                0x0000000008003284                USB_EPStartXfer
 .text.USB_ReadPMA
                0x00000000080037dc       0x38 Drivers/STM32F1xx_HAL_Driver/Src/stm32f1xx_ll_usb.o
                0x00000000080037dc                USB_ReadPMA
 .text.LL_SetSystemCoreClock
                0x0000000008003814        0xc Drivers/STM32F1xx_HAL_Driver/Src/stm32f1xx_ll_utils.o
                0x0000000008003814                LL_SetSystemCoreClock
 .text.USBD_CDC_EP0_RxReady
                0x0000000008003820       0x28 Middlewares/ST/STM32_USB_Device_Library/Class/CDC/Src/usbd_cdc.o
 .text.USBD_CDC_GetFSCfgDesc
                0x0000000008003848        0xc Middlewares/ST/STM32_USB_Device_Library/Class/CDC/Src/usbd_cdc.o
 .text.USBD_CDC_GetHSCfgDesc
                0x0000000008003854        0xc Middlewares/ST/STM32_USB_Device_Library/Class/CDC/Src/usbd_cdc.o
 .text.USBD_CDC_GetOtherSpeedCfgDesc
                0x0000000008003860        0xc Middlewares/ST/STM32_USB_Device_Library/Class/CDC/Src/usbd_cdc.o
 .text.USBD_CDC_GetDeviceQualifierDescriptor
                0x000000000800386c        0xc Middlewares/ST/STM32_USB_Device_Library/Class/CDC/Src/usbd_cdc.o
                0x000000000800386c                USBD_CDC_GetDeviceQualifierDescriptor
 .text.USBD_CDC_DataOut
                0x0000000008003878       0x2e Middlewares/ST/STM32_USB_Device_Library/Class/CDC/Src/usbd_cdc.o
 .text.USBD_CDC_DataIn
                0x00000000080038a6       0x42 Middlewares/ST/STM32_USB_Device_Library/Class/CDC/Src/usbd_cdc.o
 .text.USBD_CDC_Setup
                0x00000000080038e8       0xbc Middlewares/ST/STM32_USB_Device_Library/Class/CDC/Src/usbd_cdc.o
 .text.USBD_CDC_DeInit
                0x00000000080039a4       0x42 Middlewares/ST/STM32_USB_Device_Library/Class/CDC/Src/usbd_cdc.o
 .text.USBD_CDC_Init
                0x00000000080039e6       0xa6 Middlewares/ST/STM32_USB_Device_Library/Class/CDC/Src/usbd_cdc.o
 .text.USBD_CDC_RegisterInterface
                0x0000000008003a8c        0xe Middlewares/ST/STM32_USB_Device_Library/Class/CDC/Src/usbd_cdc.o
                0x0000000008003a8c                USBD_CDC_RegisterInterface
 .text.USBD_CDC_SetTxBuffer
                0x0000000008003a9a       0x10 Middlewares/ST/STM32_USB_Device_Library/Class/CDC/Src/usbd_cdc.o
                0x0000000008003a9a                USBD_CDC_SetTxBuffer
 .text.USBD_CDC_SetRxBuffer
                0x0000000008003aaa        0xc Middlewares/ST/STM32_USB_Device_Library/Class/CDC/Src/usbd_cdc.o
                0x0000000008003aaa                USBD_CDC_SetRxBuffer
 .text.USBD_CDC_TransmitPacket
                0x0000000008003ab6       0x32 Middlewares/ST/STM32_USB_Device_Library/Class/CDC/Src/usbd_cdc.o
                0x0000000008003ab6                USBD_CDC_TransmitPacket
 .text.USBD_CDC_ReceivePacket
                0x0000000008003ae8       0x26 Middlewares/ST/STM32_USB_Device_Library/Class/CDC/Src/usbd_cdc.o
                0x0000000008003ae8                USBD_CDC_ReceivePacket
 .text.USBD_Init
                0x0000000008003b0e       0x2a Middlewares/ST/STM32_USB_Device_Library/Core/Src/usbd_core.o
                0x0000000008003b0e                USBD_Init
 .text.USBD_RegisterClass
                0x0000000008003b38        0xe Middlewares/ST/STM32_USB_Device_Library/Core/Src/usbd_core.o
                0x0000000008003b38                USBD_RegisterClass
 .text.USBD_Start
                0x0000000008003b46        0xa Middlewares/ST/STM32_USB_Device_Library/Core/Src/usbd_core.o
                0x0000000008003b46                USBD_Start
 .text.USBD_SetClassConfig
                0x0000000008003b50       0x16 Middlewares/ST/STM32_USB_Device_Library/Core/Src/usbd_core.o
                0x0000000008003b50                USBD_SetClassConfig
 .text.USBD_ClrClassConfig
                0x0000000008003b66        0xe Middlewares/ST/STM32_USB_Device_Library/Core/Src/usbd_core.o
                0x0000000008003b66                USBD_ClrClassConfig
 .text.USBD_LL_SetupStage
                0x0000000008003b74       0x5a Middlewares/ST/STM32_USB_Device_Library/Core/Src/usbd_core.o
                0x0000000008003b74                USBD_LL_SetupStage
 .text.USBD_LL_DataOutStage
                0x0000000008003bce       0x74 Middlewares/ST/STM32_USB_Device_Library/Core/Src/usbd_core.o
                0x0000000008003bce                USBD_LL_DataOutStage
 .text.USBD_LL_DataInStage
                0x0000000008003c42       0xb6 Middlewares/ST/STM32_USB_Device_Library/Core/Src/usbd_core.o
                0x0000000008003c42                USBD_LL_DataInStage
 .text.USBD_LL_Reset
                0x0000000008003cf8       0x4e Middlewares/ST/STM32_USB_Device_Library/Core/Src/usbd_core.o
                0x0000000008003cf8                USBD_LL_Reset
 .text.USBD_LL_SetSpeed
                0x0000000008003d46        0x6 Middlewares/ST/STM32_USB_Device_Library/Core/Src/usbd_core.o
                0x0000000008003d46                USBD_LL_SetSpeed
 .text.USBD_LL_Suspend
                0x0000000008003d4c       0x12 Middlewares/ST/STM32_USB_Device_Library/Core/Src/usbd_core.o
                0x0000000008003d4c                USBD_LL_Suspend
 .text.USBD_LL_Resume
                0x0000000008003d5e       0x14 Middlewares/ST/STM32_USB_Device_Library/Core/Src/usbd_core.o
                0x0000000008003d5e                USBD_LL_Resume
 .text.USBD_LL_SOF
                0x0000000008003d72       0x18 Middlewares/ST/STM32_USB_Device_Library/Core/Src/usbd_core.o
                0x0000000008003d72                USBD_LL_SOF
 .text.USBD_CtlError.constprop.1
                0x0000000008003d8a       0x16 Middlewares/ST/STM32_USB_Device_Library/Core/Src/usbd_ctlreq.o
 .text.USBD_StdDevReq
                0x0000000008003da0      0x248 Middlewares/ST/STM32_USB_Device_Library/Core/Src/usbd_ctlreq.o
                0x0000000008003da0                USBD_StdDevReq
 .text.USBD_StdItfReq
                0x0000000008003fe8       0x4a Middlewares/ST/STM32_USB_Device_Library/Core/Src/usbd_ctlreq.o
                0x0000000008003fe8                USBD_StdItfReq
 .text.USBD_StdEPReq
                0x0000000008004032      0x112 Middlewares/ST/STM32_USB_Device_Library/Core/Src/usbd_ctlreq.o
                0x0000000008004032                USBD_StdEPReq
 .text.USBD_ParseSetupRequest
                0x0000000008004144       0x28 Middlewares/ST/STM32_USB_Device_Library/Core/Src/usbd_ctlreq.o
                0x0000000008004144                USBD_ParseSetupRequest
 .text.USBD_CtlError
                0x000000000800416c       0x16 Middlewares/ST/STM32_USB_Device_Library/Core/Src/usbd_ctlreq.o
                0x000000000800416c                USBD_CtlError
 .text.USBD_GetString
                0x0000000008004182       0x38 Middlewares/ST/STM32_USB_Device_Library/Core/Src/usbd_ctlreq.o
                0x0000000008004182                USBD_GetString
 .text.USBD_CtlSendData
                0x00000000080041ba       0x1a Middlewares/ST/STM32_USB_Device_Library/Core/Src/usbd_ioreq.o
                0x00000000080041ba                USBD_CtlSendData
 .text.USBD_CtlContinueSendData
                0x00000000080041d4       0x10 Middlewares/ST/STM32_USB_Device_Library/Core/Src/usbd_ioreq.o
                0x00000000080041d4                USBD_CtlContinueSendData
 .text.USBD_CtlPrepareRx
                0x00000000080041e4       0x1e Middlewares/ST/STM32_USB_Device_Library/Core/Src/usbd_ioreq.o
                0x00000000080041e4                USBD_CtlPrepareRx
 .text.USBD_CtlContinueRx
                0x0000000008004202       0x10 Middlewares/ST/STM32_USB_Device_Library/Core/Src/usbd_ioreq.o
                0x0000000008004202                USBD_CtlContinueRx
 .text.USBD_CtlSendStatus
                0x0000000008004212       0x16 Middlewares/ST/STM32_USB_Device_Library/Core/Src/usbd_ioreq.o
                0x0000000008004212                USBD_CtlSendStatus
 .text.USBD_CtlReceiveStatus
                0x0000000008004228       0x16 Middlewares/ST/STM32_USB_Device_Library/Core/Src/usbd_ioreq.o
                0x0000000008004228                USBD_CtlReceiveStatus
 *fill*         0x000000000800423e        0x2 
 .text.MX_USB_DEVICE_Init
                0x0000000008004240       0x50 USB_DEVICE/App/usb_device.o
                0x0000000008004240                MX_USB_DEVICE_Init
 .text.CDC_DeInit_FS
                0x0000000008004290        0x4 USB_DEVICE/App/usbd_cdc_if.o
 .text.CDC_Control_FS
                0x0000000008004294        0x4 USB_DEVICE/App/usbd_cdc_if.o
 .text.CDC_Receive_FS
                0x0000000008004298       0x74 USB_DEVICE/App/usbd_cdc_if.o
 .text.CDC_Init_FS
                0x000000000800430c       0x28 USB_DEVICE/App/usbd_cdc_if.o
 .text.CDC_Transmit_FS
                0x0000000008004334       0x2c USB_DEVICE/App/usbd_cdc_if.o
                0x0000000008004334                CDC_Transmit_FS
 .text.USBD_FS_DeviceDescriptor
                0x0000000008004360        0xc USB_DEVICE/App/usbd_desc.o
                0x0000000008004360                USBD_FS_DeviceDescriptor
 .text.USBD_FS_LangIDStrDescriptor
                0x000000000800436c        0xc USB_DEVICE/App/usbd_desc.o
                0x000000000800436c                USBD_FS_LangIDStrDescriptor
 .text.IntToUnicode
                0x0000000008004378       0x2a USB_DEVICE/App/usbd_desc.o
 *fill*         0x00000000080043a2        0x2 
 .text.USBD_FS_SerialStrDescriptor
                0x00000000080043a4       0x40 USB_DEVICE/App/usbd_desc.o
                0x00000000080043a4                USBD_FS_SerialStrDescriptor
 .text.USBD_FS_ManufacturerStrDescriptor
                0x00000000080043e4       0x1c USB_DEVICE/App/usbd_desc.o
                0x00000000080043e4                USBD_FS_ManufacturerStrDescriptor
 .text.USBD_FS_ProductStrDescriptor
                0x0000000008004400       0x1c USB_DEVICE/App/usbd_desc.o
                0x0000000008004400                USBD_FS_ProductStrDescriptor
 .text.USBD_FS_ConfigStrDescriptor
                0x000000000800441c       0x1c USB_DEVICE/App/usbd_desc.o
                0x000000000800441c                USBD_FS_ConfigStrDescriptor
 .text.USBD_FS_InterfaceStrDescriptor
                0x0000000008004438       0x1c USB_DEVICE/App/usbd_desc.o
                0x0000000008004438                USBD_FS_InterfaceStrDescriptor
 .text.HAL_PCD_MspInit
                0x0000000008004454       0x40 USB_DEVICE/Target/usbd_conf.o
                0x0000000008004454                HAL_PCD_MspInit
 .text.HAL_PCD_SetupStageCallback
                0x0000000008004494        0xc USB_DEVICE/Target/usbd_conf.o
                0x0000000008004494                HAL_PCD_SetupStageCallback
 .text.HAL_PCD_DataOutStageCallback
                0x00000000080044a0       0x12 USB_DEVICE/Target/usbd_conf.o
                0x00000000080044a0                HAL_PCD_DataOutStageCallback
 .text.HAL_PCD_DataInStageCallback
                0x00000000080044b2       0x10 USB_DEVICE/Target/usbd_conf.o
                0x00000000080044b2                HAL_PCD_DataInStageCallback
 .text.HAL_PCD_SOFCallback
                0x00000000080044c2        0x8 USB_DEVICE/Target/usbd_conf.o
                0x00000000080044c2                HAL_PCD_SOFCallback
 .text.HAL_PCD_ResetCallback
                0x00000000080044ca       0x24 USB_DEVICE/Target/usbd_conf.o
                0x00000000080044ca                HAL_PCD_ResetCallback
 *fill*         0x00000000080044ee        0x2 
 .text.HAL_PCD_SuspendCallback
                0x00000000080044f0       0x20 USB_DEVICE/Target/usbd_conf.o
                0x00000000080044f0                HAL_PCD_SuspendCallback
 .text.HAL_PCD_ResumeCallback
                0x0000000008004510        0x8 USB_DEVICE/Target/usbd_conf.o
                0x0000000008004510                HAL_PCD_ResumeCallback
 .text.USBD_LL_Init
                0x0000000008004518       0x84 USB_DEVICE/Target/usbd_conf.o
                0x0000000008004518                USBD_LL_Init
 .text.USBD_LL_Start
                0x000000000800459c       0x1c USB_DEVICE/Target/usbd_conf.o
                0x000000000800459c                USBD_LL_Start
 .text.USBD_LL_OpenEP
                0x00000000080045b8       0x20 USB_DEVICE/Target/usbd_conf.o
                0x00000000080045b8                USBD_LL_OpenEP
 .text.USBD_LL_CloseEP
                0x00000000080045d8       0x1c USB_DEVICE/Target/usbd_conf.o
                0x00000000080045d8                USBD_LL_CloseEP
 .text.USBD_LL_StallEP
                0x00000000080045f4       0x1c USB_DEVICE/Target/usbd_conf.o
                0x00000000080045f4                USBD_LL_StallEP
 .text.USBD_LL_ClearStallEP
                0x0000000008004610       0x1c USB_DEVICE/Target/usbd_conf.o
                0x0000000008004610                USBD_LL_ClearStallEP
 .text.USBD_LL_IsStallEP
                0x000000000800462c       0x24 USB_DEVICE/Target/usbd_conf.o
                0x000000000800462c                USBD_LL_IsStallEP
 .text.USBD_LL_SetUSBAddress
                0x0000000008004650       0x1c USB_DEVICE/Target/usbd_conf.o
                0x0000000008004650                USBD_LL_SetUSBAddress
 .text.USBD_LL_Transmit
                0x000000000800466c       0x1c USB_DEVICE/Target/usbd_conf.o
                0x000000000800466c                USBD_LL_Transmit
 .text.USBD_LL_PrepareReceive
                0x0000000008004688       0x1c USB_DEVICE/Target/usbd_conf.o
                0x0000000008004688                USBD_LL_PrepareReceive
 .text.USBD_LL_GetRxDataSize
                0x00000000080046a4        0x8 USB_DEVICE/Target/usbd_conf.o
                0x00000000080046a4                USBD_LL_GetRxDataSize
 .text.USBD_static_malloc
                0x00000000080046ac        0x8 USB_DEVICE/Target/usbd_conf.o
                0x00000000080046ac                USBD_static_malloc
 .text.USBD_static_free
                0x00000000080046b4        0x2 USB_DEVICE/Target/usbd_conf.o
                0x00000000080046b4                USBD_static_free
 .text.HAL_PCDEx_SetConnectionState
                0x00000000080046b6        0x2 USB_DEVICE/Target/usbd_conf.o
                0x00000000080046b6                HAL_PCDEx_SetConnectionState
 .text.app_main
                0x00000000080046b8       0xd4 __App/Src/app.o
                0x00000000080046b8                app_main
 .text.SCPI_Flush
                0x000000000800478c        0x4 __App/Src/comm.o
                0x000000000800478c                SCPI_Flush
 .text.respond  0x0000000008004790       0x5c __App/Src/comm.o
 .text.SCPI_Write
                0x00000000080047ec        0x8 __App/Src/comm.o
                0x00000000080047ec                SCPI_Write
 .text.SCPI_Reset
                0x00000000080047f4       0x14 __App/Src/comm.o
                0x00000000080047f4                SCPI_Reset
 .text.SCPI_Error
                0x0000000008004808       0x2c __App/Src/comm.o
                0x0000000008004808                SCPI_Error
 .text.SCPI_Control
                0x0000000008004834       0x38 __App/Src/comm.o
                0x0000000008004834                SCPI_Control
 .text.uart_put_text
                0x000000000800486c       0x28 __App/Src/comm.o
                0x000000000800486c                uart_put_text
 .text.comm_init
                0x0000000008004894       0x80 __App/Src/comm.o
                0x0000000008004894                comm_init
 .text.comm_main
                0x0000000008004914       0x64 __App/Src/comm.o
                0x0000000008004914                comm_main
 .text.USART1_IRQHandler
                0x0000000008004978       0x40 __App/Src/irq.o
                0x0000000008004978                USART1_IRQHandler
 .text.ADC1_2_IRQHandler
                0x00000000080049b8       0x20 __App/Src/irq.o
                0x00000000080049b8                ADC1_2_IRQHandler
 .text.DMA1_Channel1_IRQHandler
                0x00000000080049d8        0x4 __App/Src/irq.o
                0x00000000080049d8                DMA1_Channel1_IRQHandler
 .text.TIM3_IRQHandler
                0x00000000080049dc       0xa8 __App/Src/irq.o
                0x00000000080049dc                TIM3_IRQHandler
 .text.TIM1_UP_IRQHandler
                0x0000000008004a84       0x20 __App/Src/irq.o
                0x0000000008004a84                TIM1_UP_IRQHandler
 .text.EXTI1_IRQHandler
                0x0000000008004aa4       0x1c __App/Src/irq.o
                0x0000000008004aa4                EXTI1_IRQHandler
 .text.EXTI2_IRQHandler
                0x0000000008004ac0       0x1c __App/Src/irq.o
                0x0000000008004ac0                EXTI2_IRQHandler
 .text.EXTI3_IRQHandler
                0x0000000008004adc       0x1c __App/Src/irq.o
                0x0000000008004adc                EXTI3_IRQHandler
 .text.EXTI4_IRQHandler
                0x0000000008004af8       0x1c __App/Src/irq.o
                0x0000000008004af8                EXTI4_IRQHandler
 .text.daq_clear_buff
                0x0000000008004b14       0x14 __App/Src/periph.o
 .text.__NVIC_DisableIRQ
                0x0000000008004b28       0x28 __App/Src/periph.o
 .text.LL_ADC_REG_SetSequencerRanks.constprop.18
                0x0000000008004b50       0x38 __App/Src/periph.o
 .text.LL_ADC_SetChannelSamplingTime.constprop.19
                0x0000000008004b88       0x54 __App/Src/periph.o
 .text.dma_set.constprop.9
                0x0000000008004bdc       0x44 __App/Src/periph.o
 .text.daq_malloc
                0x0000000008004c20       0x92 __App/Src/periph.o
 .text.led_init
                0x0000000008004cb2        0xa __App/Src/periph.o
                0x0000000008004cb2                led_init
 .text.led_set  0x0000000008004cbc       0x20 __App/Src/periph.o
                0x0000000008004cbc                led_set
 .text.led_toggle
                0x0000000008004cdc       0x28 __App/Src/periph.o
                0x0000000008004cdc                led_toggle
 .text.led_blink_set
                0x0000000008004d04       0x10 __App/Src/periph.o
                0x0000000008004d04                led_blink_set
 .text.led_blink_do
                0x0000000008004d14       0x20 __App/Src/periph.o
                0x0000000008004d14                led_blink_do
 .text.cntr_init
                0x0000000008004d34       0x3c __App/Src/periph.o
                0x0000000008004d34                cntr_init
 .text.cntr_enable
                0x0000000008004d70       0x2c __App/Src/periph.o
                0x0000000008004d70                cntr_enable
 .text.pwm_init
                0x0000000008004d9c        0x6 __App/Src/periph.o
                0x0000000008004d9c                pwm_init
 *fill*         0x0000000008004da2        0x2 
 .text.pwm_set  0x0000000008004da4       0xcc __App/Src/periph.o
                0x0000000008004da4                pwm_set
 .text.daq_trig_init
                0x0000000008004e70      0x104 __App/Src/periph.o
                0x0000000008004e70                daq_trig_init
 .text.daq_trig_trigger
                0x0000000008004f74      0x110 __App/Src/periph.o
                0x0000000008004f74                daq_trig_trigger
 .text.daq_trig_check
                0x0000000008005084       0x70 __App/Src/periph.o
                0x0000000008005084                daq_trig_check
 .text.daq_trig_trigger_scope
                0x00000000080050f4       0xd4 __App/Src/periph.o
                0x00000000080050f4                daq_trig_trigger_scope
 .text.daq_trig_trigger_la
                0x00000000080051c8       0x84 __App/Src/periph.o
                0x00000000080051c8                daq_trig_trigger_la
 .text.daq_init
                0x000000000800524c      0x1e8 __App/Src/periph.o
                0x000000000800524c                daq_init
 .text.daq_reset
                0x0000000008005434       0x80 __App/Src/periph.o
                0x0000000008005434                daq_reset
 .text.daq_enable
                0x00000000080054b4       0xdc __App/Src/periph.o
                0x00000000080054b4                daq_enable
 .text.daq_trig_set
                0x0000000008005590      0x374 __App/Src/periph.o
                0x0000000008005590                daq_trig_set
 .text.daq_trig_update
                0x0000000008005904       0x22 __App/Src/periph.o
                0x0000000008005904                daq_trig_update
 .text.daq_trig_disable
                0x0000000008005926       0x20 __App/Src/periph.o
                0x0000000008005926                daq_trig_disable
 *fill*         0x0000000008005946        0x2 
 .text.daq_mem_set
                0x0000000008005948       0xf0 __App/Src/periph.o
                0x0000000008005948                daq_mem_set
 .text.daq_bit_set
                0x0000000008005a38       0x4a __App/Src/periph.o
                0x0000000008005a38                daq_bit_set
 *fill*         0x0000000008005a82        0x2 
 .text.daq_fs_set
                0x0000000008005a84       0x84 __App/Src/periph.o
                0x0000000008005a84                daq_fs_set
 .text.daq_ch_set
                0x0000000008005b08      0x10c __App/Src/periph.o
                0x0000000008005b08                daq_ch_set
 .text.daq_mode_set
                0x0000000008005c14      0x22c __App/Src/periph.o
                0x0000000008005c14                daq_mode_set
 .text.PS_System_Mode
                0x0000000008005e40       0x6c __App/Src/proto.o
                0x0000000008005e40                PS_System_Mode
 .text.PS_System_ModeQ
                0x0000000008005eac       0x48 __App/Src/proto.o
                0x0000000008005eac                PS_System_ModeQ
 *fill*         0x0000000008005ef4        0x4 
 .text.PS_VM_ReadQ
                0x0000000008005ef8      0x19c __App/Src/proto.o
                0x0000000008005ef8                PS_VM_ReadQ
 .text.PS_SCOPE_ReadQ
                0x0000000008006094      0x1dc __App/Src/proto.o
                0x0000000008006094                PS_SCOPE_ReadQ
 .text.PS_SCOPE_Set
                0x0000000008006270      0x1ec __App/Src/proto.o
                0x0000000008006270                PS_SCOPE_Set
 .text.PS_SCOPE_SetQ
                0x000000000800645c       0xe8 __App/Src/proto.o
                0x000000000800645c                PS_SCOPE_SetQ
 .text.PS_LA_ReadQ
                0x0000000008006544       0xb0 __App/Src/proto.o
                0x0000000008006544                PS_LA_ReadQ
 .text.PS_LA_Set
                0x00000000080065f4      0x1cc __App/Src/proto.o
                0x00000000080065f4                PS_LA_Set
 .text.PS_LA_SetQ
                0x00000000080067c0       0xdc __App/Src/proto.o
                0x00000000080067c0                PS_LA_SetQ
 *fill*         0x000000000800689c        0x4 
 .text.PS_CNTR_ReadQ
                0x00000000080068a0      0x1bc __App/Src/proto.o
                0x00000000080068a0                PS_CNTR_ReadQ
 .text.PS_SGEN_Set
                0x0000000008006a5c       0x10 __App/Src/proto.o
                0x0000000008006a5c                PS_SGEN_Set
 .text.PS_PWM_SetChQ
                0x0000000008006a6c       0x80 __App/Src/proto.o
                0x0000000008006a6c                PS_PWM_SetChQ
 .text.PS_PWM_SetCh
                0x0000000008006aec       0x80 __App/Src/proto.o
                0x0000000008006aec                PS_PWM_SetCh
 .text.PS_PWM_StartCh
                0x0000000008006b6c       0x42 __App/Src/proto.o
                0x0000000008006b6c                PS_PWM_StartCh
 .text.PS_PWM_StopCh
                0x0000000008006bae       0x44 __App/Src/proto.o
                0x0000000008006bae                PS_PWM_StopCh
 .text.assert2  0x0000000008006bf2        0x2 __App/Src/utility.o
                0x0000000008006bf2                assert2
 .text.get_avg_from_circ
                0x0000000008006bf4      0x130 __App/Src/utility.o
                0x0000000008006bf4                get_avg_from_circ
 .text.get_vcc_from_circ
                0x0000000008006d24       0x3e __App/Src/utility.o
                0x0000000008006d24                get_vcc_from_circ
 .text.get_1ch_from_circ
                0x0000000008006d62       0xba __App/Src/utility.o
                0x0000000008006d62                get_1ch_from_circ
 .text.get_last_circ_idx
                0x0000000008006e1c        0xa __App/Src/utility.o
                0x0000000008006e1c                get_last_circ_idx
 .text.get_freq
                0x0000000008006e26       0x7c __App/Src/utility.o
                0x0000000008006e26                get_freq
 *fill*         0x0000000008006ea2        0x6 
 .text.sprint_fast
                0x0000000008006ea8      0x134 __App/Src/utility.o
                0x0000000008006ea8                sprint_fast
 .text.SCPI_ErrorEmit
                0x0000000008006fdc       0x22 __App/Src/scpi/error.o
 .text.SCPI_ErrorInit
                0x0000000008006ffe        0x6 __App/Src/scpi/error.o
                0x0000000008006ffe                SCPI_ErrorInit
 .text.SCPI_ErrorCount
                0x0000000008007004       0x1a __App/Src/scpi/error.o
                0x0000000008007004                SCPI_ErrorCount
 .text.SCPI_ErrorEmitEmpty
                0x000000000800701e       0x36 __App/Src/scpi/error.o
 .text.SCPI_ErrorClear
                0x0000000008007054       0x14 __App/Src/scpi/error.o
                0x0000000008007054                SCPI_ErrorClear
 .text.SCPI_ErrorPop
                0x0000000008007068       0x24 __App/Src/scpi/error.o
                0x0000000008007068                SCPI_ErrorPop
 .text.SCPI_ErrorPushEx
                0x000000000800708c       0xa0 __App/Src/scpi/error.o
                0x000000000800708c                SCPI_ErrorPushEx
 .text.SCPI_ErrorPush
                0x000000000800712c        0x8 __App/Src/scpi/error.o
                0x000000000800712c                SCPI_ErrorPush
 .text.SCPI_ErrorTranslate
                0x0000000008007134      0x100 __App/Src/scpi/error.o
                0x0000000008007134                SCPI_ErrorTranslate
 .text.fifo_init
                0x0000000008007234        0xc __App/Src/scpi/fifo.o
                0x0000000008007234                fifo_init
 .text.fifo_clear
                0x0000000008007240        0x8 __App/Src/scpi/fifo.o
                0x0000000008007240                fifo_clear
 .text.fifo_add
                0x0000000008007248       0x38 __App/Src/scpi/fifo.o
                0x0000000008007248                fifo_add
 .text.fifo_remove
                0x0000000008007280       0x32 __App/Src/scpi/fifo.o
                0x0000000008007280                fifo_remove
 .text.fifo_remove_last
                0x00000000080072b2       0x34 __App/Src/scpi/fifo.o
                0x00000000080072b2                fifo_remove_last
 .text.fifo_count
                0x00000000080072e6        0xa __App/Src/scpi/fifo.o
                0x00000000080072e6                fifo_count
 .text.SCPI_RegGet
                0x00000000080072f0       0x12 __App/Src/scpi/ieee488.o
                0x00000000080072f0                SCPI_RegGet
 .text.SCPI_RegClearBits
                0x0000000008007302       0x1c __App/Src/scpi/ieee488.o
                0x0000000008007302                SCPI_RegClearBits
 .text.regUpdateSTB
                0x000000000800731e       0x2a __App/Src/scpi/ieee488.o
 .text.SCPI_RegSet
                0x0000000008007348       0xbe __App/Src/scpi/ieee488.o
                0x0000000008007348                SCPI_RegSet
 .text.regUpdate
                0x0000000008007406       0x18 __App/Src/scpi/ieee488.o
 .text.SCPI_RegSetBits
                0x000000000800741e       0x1a __App/Src/scpi/ieee488.o
                0x000000000800741e                SCPI_RegSetBits
 .text.SCPI_EventClear
                0x0000000008007438        0x8 __App/Src/scpi/ieee488.o
                0x0000000008007438                SCPI_EventClear
 .text.SCPI_CoreCls
                0x0000000008007440       0x26 __App/Src/scpi/ieee488.o
                0x0000000008007440                SCPI_CoreCls
 .text.SCPI_CoreEse
                0x0000000008007466       0x26 __App/Src/scpi/ieee488.o
                0x0000000008007466                SCPI_CoreEse
 .text.SCPI_CoreEseQ
                0x000000000800748c       0x14 __App/Src/scpi/ieee488.o
                0x000000000800748c                SCPI_CoreEseQ
 .text.SCPI_CoreEsrQ
                0x00000000080074a0       0x22 __App/Src/scpi/ieee488.o
                0x00000000080074a0                SCPI_CoreEsrQ
 *fill*         0x00000000080074c2        0x2 
 .text.SCPI_CoreIdnQ
                0x00000000080074c4       0x60 __App/Src/scpi/ieee488.o
                0x00000000080074c4                SCPI_CoreIdnQ
 .text.SCPI_CoreOpc
                0x0000000008007524        0xe __App/Src/scpi/ieee488.o
                0x0000000008007524                SCPI_CoreOpc
 .text.SCPI_CoreOpcQ
                0x0000000008007532        0xc __App/Src/scpi/ieee488.o
                0x0000000008007532                SCPI_CoreOpcQ
 .text.SCPI_CoreRst
                0x000000000800753e       0x10 __App/Src/scpi/ieee488.o
                0x000000000800753e                SCPI_CoreRst
 .text.SCPI_CoreSre
                0x000000000800754e       0x26 __App/Src/scpi/ieee488.o
                0x000000000800754e                SCPI_CoreSre
 .text.SCPI_CoreSreQ
                0x0000000008007574       0x14 __App/Src/scpi/ieee488.o
                0x0000000008007574                SCPI_CoreSreQ
 .text.SCPI_CoreStbQ
                0x0000000008007588       0x14 __App/Src/scpi/ieee488.o
                0x0000000008007588                SCPI_CoreStbQ
 .text.SCPI_CoreWai
                0x000000000800759c        0x4 __App/Src/scpi/ieee488.o
                0x000000000800759c                SCPI_CoreWai
 .text.iseos    0x00000000080075a0       0x12 __App/Src/scpi/lexer.o
 .text.skipWs   0x00000000080075b2       0x26 __App/Src/scpi/lexer.o
 .text.skipQuoteProgramData
                0x00000000080075d8       0x34 __App/Src/scpi/lexer.o
 .text.skipProgramMnemonic
                0x000000000800760c       0x52 __App/Src/scpi/lexer.o
 .text.skipNumbers
                0x000000000800765e       0x2a __App/Src/scpi/lexer.o
 .text.skipAlpha
                0x0000000008007688       0x2a __App/Src/scpi/lexer.o
 .text.skipPlusmn
                0x00000000080076b2       0x22 __App/Src/scpi/lexer.o
 .text.skipChr  0x00000000080076d4       0x1e __App/Src/scpi/lexer.o
 .text.skipDigit
                0x00000000080076f2       0x26 __App/Src/scpi/lexer.o
 .text.scpiLex_IsEos
                0x0000000008007718        0x4 __App/Src/scpi/lexer.o
                0x0000000008007718                scpiLex_IsEos
 .text.scpiLex_WhiteSpace
                0x000000000800771c       0x22 __App/Src/scpi/lexer.o
                0x000000000800771c                scpiLex_WhiteSpace
 .text.scpiLex_ProgramHeader
                0x000000000800773e       0xb0 __App/Src/scpi/lexer.o
                0x000000000800773e                scpiLex_ProgramHeader
 .text.scpiLex_CharacterProgramData
                0x00000000080077ee       0x5a __App/Src/scpi/lexer.o
                0x00000000080077ee                scpiLex_CharacterProgramData
 .text.scpiLex_DecimalNumericProgramData
                0x0000000008007848       0x7e __App/Src/scpi/lexer.o
                0x0000000008007848                scpiLex_DecimalNumericProgramData
 .text.scpiLex_SuffixProgramData
                0x00000000080078c6       0x64 __App/Src/scpi/lexer.o
                0x00000000080078c6                scpiLex_SuffixProgramData
 .text.scpiLex_NondecimalNumericData
                0x000000000800792a       0xca __App/Src/scpi/lexer.o
                0x000000000800792a                scpiLex_NondecimalNumericData
 .text.scpiLex_StringProgramData
                0x00000000080079f4       0x7e __App/Src/scpi/lexer.o
                0x00000000080079f4                scpiLex_StringProgramData
 .text.scpiLex_ArbitraryBlockProgramData
                0x0000000008007a72       0xc4 __App/Src/scpi/lexer.o
                0x0000000008007a72                scpiLex_ArbitraryBlockProgramData
 *fill*         0x0000000008007b36        0x2 
 .text.scpiLex_ProgramExpression
                0x0000000008007b38       0x78 __App/Src/scpi/lexer.o
                0x0000000008007b38                scpiLex_ProgramExpression
 .text.scpiLex_Comma
                0x0000000008007bb0       0x22 __App/Src/scpi/lexer.o
                0x0000000008007bb0                scpiLex_Comma
 .text.scpiLex_Semicolon
                0x0000000008007bd2       0x20 __App/Src/scpi/lexer.o
                0x0000000008007bd2                scpiLex_Semicolon
 .text.scpiLex_NewLine
                0x0000000008007bf2       0x38 __App/Src/scpi/lexer.o
                0x0000000008007bf2                scpiLex_NewLine
 *fill*         0x0000000008007c2a        0x2 
 .text.SCPI_SystemVersionQ
                0x0000000008007c2c       0x14 __App/Src/scpi/minimal.o
                0x0000000008007c2c                SCPI_SystemVersionQ
 .text.SCPI_SystemErrorNextQ
                0x0000000008007c40       0x18 __App/Src/scpi/minimal.o
                0x0000000008007c40                SCPI_SystemErrorNextQ
 .text.SCPI_SystemErrorCountQ
                0x0000000008007c58       0x14 __App/Src/scpi/minimal.o
                0x0000000008007c58                SCPI_SystemErrorCountQ
 .text.writeData
                0x0000000008007c6c       0x12 __App/Src/scpi/parser.o
 *fill*         0x0000000008007c7e        0x2 
 .text.ParamSignToUInt32
                0x0000000008007c80       0x68 __App/Src/scpi/parser.o
 .text.writeDelimiter
                0x0000000008007ce8       0x18 __App/Src/scpi/parser.o
 .text.resultUInt32BaseSign
                0x0000000008007d00       0x5c __App/Src/scpi/parser.o
 .text.SCPI_Init
                0x0000000008007d5c       0x9c __App/Src/scpi/parser.o
                0x0000000008007d5c                SCPI_Init
 .text.SCPI_ResultCharacters
                0x0000000008007df8       0x22 __App/Src/scpi/parser.o
                0x0000000008007df8                SCPI_ResultCharacters
 .text.SCPI_ResultInt32
                0x0000000008007e1a        0x8 __App/Src/scpi/parser.o
                0x0000000008007e1a                SCPI_ResultInt32
 *fill*         0x0000000008007e22        0x2 
 .text.SCPI_ResultText
                0x0000000008007e24       0x8c __App/Src/scpi/parser.o
                0x0000000008007e24                SCPI_ResultText
 .text.SCPI_ResultError
                0x0000000008007eb0       0xb0 __App/Src/scpi/parser.o
                0x0000000008007eb0                SCPI_ResultError
 .text.SCPI_ResultArbitraryBlockHeader
                0x0000000008007f60       0x3e __App/Src/scpi/parser.o
                0x0000000008007f60                SCPI_ResultArbitraryBlockHeader
 *fill*         0x0000000008007f9e        0x2 
 .text.SCPI_ResultArbitraryBlockData
                0x0000000008007fa0       0x34 __App/Src/scpi/parser.o
                0x0000000008007fa0                SCPI_ResultArbitraryBlockData
 .text.SCPI_ResultArbitraryBlock
                0x0000000008007fd4       0x1e __App/Src/scpi/parser.o
                0x0000000008007fd4                SCPI_ResultArbitraryBlock
 .text.SCPI_ParamIsNumber
                0x0000000008007ff2       0x1e __App/Src/scpi/parser.o
                0x0000000008007ff2                SCPI_ParamIsNumber
 .text.scpiParser_parseProgramData
                0x0000000008008010       0x94 __App/Src/scpi/parser.o
                0x0000000008008010                scpiParser_parseProgramData
 .text.SCPI_Parameter
                0x00000000080080a4       0xa0 __App/Src/scpi/parser.o
                0x00000000080080a4                SCPI_Parameter
 .text.ParamSignUInt32
                0x0000000008008144       0x60 __App/Src/scpi/parser.o
 .text.SCPI_ParamInt32
                0x00000000080081a4        0x6 __App/Src/scpi/parser.o
                0x00000000080081a4                SCPI_ParamInt32
 .text.SCPI_ParamUInt32
                0x00000000080081aa        0x6 __App/Src/scpi/parser.o
                0x00000000080081aa                SCPI_ParamUInt32
 .text.SCPI_ParamCharacters
                0x00000000080081b0       0x48 __App/Src/scpi/parser.o
                0x00000000080081b0                SCPI_ParamCharacters
 .text.scpiParser_parseAllProgramData
                0x00000000080081f8       0x66 __App/Src/scpi/parser.o
                0x00000000080081f8                scpiParser_parseAllProgramData
 .text.scpiParser_detectProgramMessageUnit
                0x000000000800825e       0xb0 __App/Src/scpi/parser.o
                0x000000000800825e                scpiParser_detectProgramMessageUnit
 *fill*         0x000000000800830e        0x2 
 .text.SCPI_Parse
                0x0000000008008310      0x188 __App/Src/scpi/parser.o
                0x0000000008008310                SCPI_Parse
 .text.SCPI_Input
                0x0000000008008498       0x9e __App/Src/scpi/parser.o
                0x0000000008008498                SCPI_Input
 .text.patternSeparatorShortPos
                0x0000000008008536       0x34 __App/Src/scpi/utils.o
 .text.strnpbrk
                0x000000000800856a       0x28 __App/Src/scpi/utils.o
                0x000000000800856a                strnpbrk
 *fill*         0x0000000008008592        0x2 
 .text.UInt32ToStrBaseSign
                0x0000000008008594       0xc8 __App/Src/scpi/utils.o
                0x0000000008008594                UInt32ToStrBaseSign
 .text.SCPI_UInt32ToStrBase
                0x000000000800865c        0xe __App/Src/scpi/utils.o
                0x000000000800865c                SCPI_UInt32ToStrBase
 .text.strBaseToInt32
                0x000000000800866a       0x16 __App/Src/scpi/utils.o
                0x000000000800866a                strBaseToInt32
 .text.strBaseToUInt32
                0x0000000008008680       0x16 __App/Src/scpi/utils.o
                0x0000000008008680                strBaseToUInt32
 .text.compareStr
                0x0000000008008696       0x1c __App/Src/scpi/utils.o
                0x0000000008008696                compareStr
 .text.compareStrAndNum
                0x00000000080086b2       0x6c __App/Src/scpi/utils.o
                0x00000000080086b2                compareStrAndNum
 .text.matchPattern
                0x000000000800871e       0x7c __App/Src/scpi/utils.o
                0x000000000800871e                matchPattern
 *fill*         0x000000000800879a        0x2 
 .text.matchCommand
                0x000000000800879c      0x208 __App/Src/scpi/utils.o
                0x000000000800879c                matchCommand
 .text.composeCompoundCommand
                0x00000000080089a4       0x54 __App/Src/scpi/utils.o
                0x00000000080089a4                composeCompoundCommand
 .text.__errno  0x00000000080089f8        0xc f:/programs/stm32cubeide_1.4.0/stm32cubeide/plugins/com.st.stm32cube.ide.mcu.externaltools.gnu-tools-for-stm32.7-2018-q2-update.win32_1.4.0.202007081208/tools/bin/../lib/gcc/arm-none-eabi/7.3.1/../../../../arm-none-eabi/lib/thumb/v7-m\libc_nano.a(lib_a-errno.o)
                0x00000000080089f8                __errno
 .text.__libc_init_array
                0x0000000008008a04       0x48 f:/programs/stm32cubeide_1.4.0/stm32cubeide/plugins/com.st.stm32cube.ide.mcu.externaltools.gnu-tools-for-stm32.7-2018-q2-update.win32_1.4.0.202007081208/tools/bin/../lib/gcc/arm-none-eabi/7.3.1/../../../../arm-none-eabi/lib/thumb/v7-m\libc_nano.a(lib_a-init.o)
                0x0000000008008a04                __libc_init_array
 .text.__locale_ctype_ptr_l
                0x0000000008008a4c        0x6 f:/programs/stm32cubeide_1.4.0/stm32cubeide/plugins/com.st.stm32cube.ide.mcu.externaltools.gnu-tools-for-stm32.7-2018-q2-update.win32_1.4.0.202007081208/tools/bin/../lib/gcc/arm-none-eabi/7.3.1/../../../../arm-none-eabi/lib/thumb/v7-m\libc_nano.a(lib_a-locale.o)
                0x0000000008008a4c                __locale_ctype_ptr_l
 *fill*         0x0000000008008a52        0x2 
 .text.__locale_ctype_ptr
                0x0000000008008a54       0x1c f:/programs/stm32cubeide_1.4.0/stm32cubeide/plugins/com.st.stm32cube.ide.mcu.externaltools.gnu-tools-for-stm32.7-2018-q2-update.win32_1.4.0.202007081208/tools/bin/../lib/gcc/arm-none-eabi/7.3.1/../../../../arm-none-eabi/lib/thumb/v7-m\libc_nano.a(lib_a-locale.o)
                0x0000000008008a54                __locale_ctype_ptr
 .text.malloc   0x0000000008008a70       0x10 f:/programs/stm32cubeide_1.4.0/stm32cubeide/plugins/com.st.stm32cube.ide.mcu.externaltools.gnu-tools-for-stm32.7-2018-q2-update.win32_1.4.0.202007081208/tools/bin/../lib/gcc/arm-none-eabi/7.3.1/../../../../arm-none-eabi/lib/thumb/v7-m\libc_nano.a(lib_a-malloc.o)
                0x0000000008008a70                malloc
 .text.free     0x0000000008008a80       0x10 f:/programs/stm32cubeide_1.4.0/stm32cubeide/plugins/com.st.stm32cube.ide.mcu.externaltools.gnu-tools-for-stm32.7-2018-q2-update.win32_1.4.0.202007081208/tools/bin/../lib/gcc/arm-none-eabi/7.3.1/../../../../arm-none-eabi/lib/thumb/v7-m\libc_nano.a(lib_a-malloc.o)
                0x0000000008008a80                free
 .text.__ascii_mbtowc
                0x0000000008008a90       0x24 f:/programs/stm32cubeide_1.4.0/stm32cubeide/plugins/com.st.stm32cube.ide.mcu.externaltools.gnu-tools-for-stm32.7-2018-q2-update.win32_1.4.0.202007081208/tools/bin/../lib/gcc/arm-none-eabi/7.3.1/../../../../arm-none-eabi/lib/thumb/v7-m\libc_nano.a(lib_a-mbtowc_r.o)
                0x0000000008008a90                __ascii_mbtowc
 .text.memcpy   0x0000000008008ab4       0x16 f:/programs/stm32cubeide_1.4.0/stm32cubeide/plugins/com.st.stm32cube.ide.mcu.externaltools.gnu-tools-for-stm32.7-2018-q2-update.win32_1.4.0.202007081208/tools/bin/../lib/gcc/arm-none-eabi/7.3.1/../../../../arm-none-eabi/lib/thumb/v7-m\libc_nano.a(lib_a-memcpy-stub.o)
                0x0000000008008ab4                memcpy
 .text.memmove  0x0000000008008aca       0x32 f:/programs/stm32cubeide_1.4.0/stm32cubeide/plugins/com.st.stm32cube.ide.mcu.externaltools.gnu-tools-for-stm32.7-2018-q2-update.win32_1.4.0.202007081208/tools/bin/../lib/gcc/arm-none-eabi/7.3.1/../../../../arm-none-eabi/lib/thumb/v7-m\libc_nano.a(lib_a-memmove.o)
                0x0000000008008aca                memmove
 .text.memset   0x0000000008008afc       0x10 f:/programs/stm32cubeide_1.4.0/stm32cubeide/plugins/com.st.stm32cube.ide.mcu.externaltools.gnu-tools-for-stm32.7-2018-q2-update.win32_1.4.0.202007081208/tools/bin/../lib/gcc/arm-none-eabi/7.3.1/../../../../arm-none-eabi/lib/thumb/v7-m\libc_nano.a(lib_a-memset.o)
                0x0000000008008afc                memset
 .text._free_r  0x0000000008008b0c       0x98 f:/programs/stm32cubeide_1.4.0/stm32cubeide/plugins/com.st.stm32cube.ide.mcu.externaltools.gnu-tools-for-stm32.7-2018-q2-update.win32_1.4.0.202007081208/tools/bin/../lib/gcc/arm-none-eabi/7.3.1/../../../../arm-none-eabi/lib/thumb/v7-m\libc_nano.a(lib_a-nano-freer.o)
                0x0000000008008b0c                _free_r
 .text._malloc_r
                0x0000000008008ba4       0xb4 f:/programs/stm32cubeide_1.4.0/stm32cubeide/plugins/com.st.stm32cube.ide.mcu.externaltools.gnu-tools-for-stm32.7-2018-q2-update.win32_1.4.0.202007081208/tools/bin/../lib/gcc/arm-none-eabi/7.3.1/../../../../arm-none-eabi/lib/thumb/v7-m\libc_nano.a(lib_a-nano-mallocr.o)
                0x0000000008008ba4                _malloc_r
 .text._sbrk_r  0x0000000008008c58       0x20 f:/programs/stm32cubeide_1.4.0/stm32cubeide/plugins/com.st.stm32cube.ide.mcu.externaltools.gnu-tools-for-stm32.7-2018-q2-update.win32_1.4.0.202007081208/tools/bin/../lib/gcc/arm-none-eabi/7.3.1/../../../../arm-none-eabi/lib/thumb/v7-m\libc_nano.a(lib_a-sbrkr.o)
                0x0000000008008c58                _sbrk_r
 .text.sprintf  0x0000000008008c78       0x40 f:/programs/stm32cubeide_1.4.0/stm32cubeide/plugins/com.st.stm32cube.ide.mcu.externaltools.gnu-tools-for-stm32.7-2018-q2-update.win32_1.4.0.202007081208/tools/bin/../lib/gcc/arm-none-eabi/7.3.1/../../../../arm-none-eabi/lib/thumb/v7-m\libc_nano.a(lib_a-sprintf.o)
                0x0000000008008c78                siprintf
                0x0000000008008c78                sprintf
 .text.strcpy   0x0000000008008cb8       0x10 f:/programs/stm32cubeide_1.4.0/stm32cubeide/plugins/com.st.stm32cube.ide.mcu.externaltools.gnu-tools-for-stm32.7-2018-q2-update.win32_1.4.0.202007081208/tools/bin/../lib/gcc/arm-none-eabi/7.3.1/../../../../arm-none-eabi/lib/thumb/v7-m\libc_nano.a(lib_a-strcpy.o)
                0x0000000008008cb8                strcpy
 .text.strncasecmp
                0x0000000008008cc8       0x4a f:/programs/stm32cubeide_1.4.0/stm32cubeide/plugins/com.st.stm32cube.ide.mcu.externaltools.gnu-tools-for-stm32.7-2018-q2-update.win32_1.4.0.202007081208/tools/bin/../lib/gcc/arm-none-eabi/7.3.1/../../../../arm-none-eabi/lib/thumb/v7-m\libc_nano.a(lib_a-strncasecmp.o)
                0x0000000008008cc8                strncasecmp
 .text.strnlen  0x0000000008008d12       0x18 f:/programs/stm32cubeide_1.4.0/stm32cubeide/plugins/com.st.stm32cube.ide.mcu.externaltools.gnu-tools-for-stm32.7-2018-q2-update.win32_1.4.0.202007081208/tools/bin/../lib/gcc/arm-none-eabi/7.3.1/../../../../arm-none-eabi/lib/thumb/v7-m\libc_nano.a(lib_a-strnlen.o)
                0x0000000008008d12                strnlen
 .text._strtol_l.isra.0
                0x0000000008008d2a       0xf6 f:/programs/stm32cubeide_1.4.0/stm32cubeide/plugins/com.st.stm32cube.ide.mcu.externaltools.gnu-tools-for-stm32.7-2018-q2-update.win32_1.4.0.202007081208/tools/bin/../lib/gcc/arm-none-eabi/7.3.1/../../../../arm-none-eabi/lib/thumb/v7-m\libc_nano.a(lib_a-strtol.o)
 .text.strtol   0x0000000008008e20       0x2c f:/programs/stm32cubeide_1.4.0/stm32cubeide/plugins/com.st.stm32cube.ide.mcu.externaltools.gnu-tools-for-stm32.7-2018-q2-update.win32_1.4.0.202007081208/tools/bin/../lib/gcc/arm-none-eabi/7.3.1/../../../../arm-none-eabi/lib/thumb/v7-m\libc_nano.a(lib_a-strtol.o)
                0x0000000008008e20                strtol
 .text._strtoul_l.isra.0
                0x0000000008008e4c       0xf4 f:/programs/stm32cubeide_1.4.0/stm32cubeide/plugins/com.st.stm32cube.ide.mcu.externaltools.gnu-tools-for-stm32.7-2018-q2-update.win32_1.4.0.202007081208/tools/bin/../lib/gcc/arm-none-eabi/7.3.1/../../../../arm-none-eabi/lib/thumb/v7-m\libc_nano.a(lib_a-strtoul.o)
 .text.strtoul  0x0000000008008f40       0x2c f:/programs/stm32cubeide_1.4.0/stm32cubeide/plugins/com.st.stm32cube.ide.mcu.externaltools.gnu-tools-for-stm32.7-2018-q2-update.win32_1.4.0.202007081208/tools/bin/../lib/gcc/arm-none-eabi/7.3.1/../../../../arm-none-eabi/lib/thumb/v7-m\libc_nano.a(lib_a-strtoul.o)
                0x0000000008008f40                strtoul
 .text.__ascii_wctomb
                0x0000000008008f6c       0x1a f:/programs/stm32cubeide_1.4.0/stm32cubeide/plugins/com.st.stm32cube.ide.mcu.externaltools.gnu-tools-for-stm32.7-2018-q2-update.win32_1.4.0.202007081208/tools/bin/../lib/gcc/arm-none-eabi/7.3.1/../../../../arm-none-eabi/lib/thumb/v7-m\libc_nano.a(lib_a-wctomb_r.o)
                0x0000000008008f6c                __ascii_wctomb
 .text.__malloc_lock
                0x0000000008008f86        0x2 f:/programs/stm32cubeide_1.4.0/stm32cubeide/plugins/com.st.stm32cube.ide.mcu.externaltools.gnu-tools-for-stm32.7-2018-q2-update.win32_1.4.0.202007081208/tools/bin/../lib/gcc/arm-none-eabi/7.3.1/../../../../arm-none-eabi/lib/thumb/v7-m\libc_nano.a(lib_a-mlock.o)
                0x0000000008008f86                __malloc_lock
 .text.__malloc_unlock
                0x0000000008008f88        0x2 f:/programs/stm32cubeide_1.4.0/stm32cubeide/plugins/com.st.stm32cube.ide.mcu.externaltools.gnu-tools-for-stm32.7-2018-q2-update.win32_1.4.0.202007081208/tools/bin/../lib/gcc/arm-none-eabi/7.3.1/../../../../arm-none-eabi/lib/thumb/v7-m\libc_nano.a(lib_a-mlock.o)
                0x0000000008008f88                __malloc_unlock
 .text.__ssputs_r
                0x0000000008008f8a       0xb4 f:/programs/stm32cubeide_1.4.0/stm32cubeide/plugins/com.st.stm32cube.ide.mcu.externaltools.gnu-tools-for-stm32.7-2018-q2-update.win32_1.4.0.202007081208/tools/bin/../lib/gcc/arm-none-eabi/7.3.1/../../../../arm-none-eabi/lib/thumb/v7-m\libc_nano.a(lib_a-nano-svfprintf.o)
                0x0000000008008f8a                __ssputs_r
 *fill*         0x000000000800903e        0x2 
 .text._svfprintf_r
                0x0000000008009040      0x1f0 f:/programs/stm32cubeide_1.4.0/stm32cubeide/plugins/com.st.stm32cube.ide.mcu.externaltools.gnu-tools-for-stm32.7-2018-q2-update.win32_1.4.0.202007081208/tools/bin/../lib/gcc/arm-none-eabi/7.3.1/../../../../arm-none-eabi/lib/thumb/v7-m\libc_nano.a(lib_a-nano-svfprintf.o)
                0x0000000008009040                _svfiprintf_r
                0x0000000008009040                _svfprintf_r
 .text._printf_common
                0x0000000008009230       0xec f:/programs/stm32cubeide_1.4.0/stm32cubeide/plugins/com.st.stm32cube.ide.mcu.externaltools.gnu-tools-for-stm32.7-2018-q2-update.win32_1.4.0.202007081208/tools/bin/../lib/gcc/arm-none-eabi/7.3.1/../../../../arm-none-eabi/lib/thumb/v7-m\libc_nano.a(lib_a-nano-vfprintf_i.o)
                0x0000000008009230                _printf_common
 .text._printf_i
                0x000000000800931c      0x224 f:/programs/stm32cubeide_1.4.0/stm32cubeide/plugins/com.st.stm32cube.ide.mcu.externaltools.gnu-tools-for-stm32.7-2018-q2-update.win32_1.4.0.202007081208/tools/bin/../lib/gcc/arm-none-eabi/7.3.1/../../../../arm-none-eabi/lib/thumb/v7-m\libc_nano.a(lib_a-nano-vfprintf_i.o)
                0x000000000800931c                _printf_i
 .text.memchr   0x0000000008009540       0x1c f:/programs/stm32cubeide_1.4.0/stm32cubeide/plugins/com.st.stm32cube.ide.mcu.externaltools.gnu-tools-for-stm32.7-2018-q2-update.win32_1.4.0.202007081208/tools/bin/../lib/gcc/arm-none-eabi/7.3.1/../../../../arm-none-eabi/lib/thumb/v7-m\libc_nano.a(lib_a-memchr-stub.o)
                0x0000000008009540                memchr
 .text._realloc_r
                0x000000000800955c       0x4c f:/programs/stm32cubeide_1.4.0/stm32cubeide/plugins/com.st.stm32cube.ide.mcu.externaltools.gnu-tools-for-stm32.7-2018-q2-update.win32_1.4.0.202007081208/tools/bin/../lib/gcc/arm-none-eabi/7.3.1/../../../../arm-none-eabi/lib/thumb/v7-m\libc_nano.a(lib_a-nano-reallocr.o)
                0x000000000800955c                _realloc_r
 .text._malloc_usable_size_r
                0x00000000080095a8       0x10 f:/programs/stm32cubeide_1.4.0/stm32cubeide/plugins/com.st.stm32cube.ide.mcu.externaltools.gnu-tools-for-stm32.7-2018-q2-update.win32_1.4.0.202007081208/tools/bin/../lib/gcc/arm-none-eabi/7.3.1/../../../../arm-none-eabi/lib/thumb/v7-m\libc_nano.a(lib_a-nano-msizer.o)
                0x00000000080095a8                _malloc_usable_size_r
 .text.pow      0x00000000080095b8      0x2b8 f:/programs/stm32cubeide_1.4.0/stm32cubeide/plugins/com.st.stm32cube.ide.mcu.externaltools.gnu-tools-for-stm32.7-2018-q2-update.win32_1.4.0.202007081208/tools/bin/../lib/gcc/arm-none-eabi/7.3.1/../../../../arm-none-eabi/lib/thumb/v7-m\libm.a(lib_a-w_pow.o)
                0x00000000080095b8                pow
 .text.__ieee754_pow
                0x0000000008009870      0xa14 f:/programs/stm32cubeide_1.4.0/stm32cubeide/plugins/com.st.stm32cube.ide.mcu.externaltools.gnu-tools-for-stm32.7-2018-q2-update.win32_1.4.0.202007081208/tools/bin/../lib/gcc/arm-none-eabi/7.3.1/../../../../arm-none-eabi/lib/thumb/v7-m\libm.a(lib_a-e_pow.o)
                0x0000000008009870                __ieee754_pow
 .text.__ieee754_sqrt
                0x000000000800a284      0x158 f:/programs/stm32cubeide_1.4.0/stm32cubeide/plugins/com.st.stm32cube.ide.mcu.externaltools.gnu-tools-for-stm32.7-2018-q2-update.win32_1.4.0.202007081208/tools/bin/../lib/gcc/arm-none-eabi/7.3.1/../../../../arm-none-eabi/lib/thumb/v7-m\libm.a(lib_a-e_sqrt.o)
                0x000000000800a284                __ieee754_sqrt
 .text.fabs     0x000000000800a3dc        0x8 f:/programs/stm32cubeide_1.4.0/stm32cubeide/plugins/com.st.stm32cube.ide.mcu.externaltools.gnu-tools-for-stm32.7-2018-q2-update.win32_1.4.0.202007081208/tools/bin/../lib/gcc/arm-none-eabi/7.3.1/../../../../arm-none-eabi/lib/thumb/v7-m\libm.a(lib_a-s_fabs.o)
                0x000000000800a3dc                fabs
 .text.finite   0x000000000800a3e4        0xc f:/programs/stm32cubeide_1.4.0/stm32cubeide/plugins/com.st.stm32cube.ide.mcu.externaltools.gnu-tools-for-stm32.7-2018-q2-update.win32_1.4.0.202007081208/tools/bin/../lib/gcc/arm-none-eabi/7.3.1/../../../../arm-none-eabi/lib/thumb/v7-m\libm.a(lib_a-s_finite.o)
                0x000000000800a3e4                finite
 .text.matherr  0x000000000800a3f0        0x4 f:/programs/stm32cubeide_1.4.0/stm32cubeide/plugins/com.st.stm32cube.ide.mcu.externaltools.gnu-tools-for-stm32.7-2018-q2-update.win32_1.4.0.202007081208/tools/bin/../lib/gcc/arm-none-eabi/7.3.1/../../../../arm-none-eabi/lib/thumb/v7-m\libm.a(lib_a-s_matherr.o)
                0x000000000800a3f0                matherr
 .text.nan      0x000000000800a3f4        0xc f:/programs/stm32cubeide_1.4.0/stm32cubeide/plugins/com.st.stm32cube.ide.mcu.externaltools.gnu-tools-for-stm32.7-2018-q2-update.win32_1.4.0.202007081208/tools/bin/../lib/gcc/arm-none-eabi/7.3.1/../../../../arm-none-eabi/lib/thumb/v7-m\libm.a(lib_a-s_nan.o)
                0x000000000800a3f4                nan
 .text.rint     0x000000000800a400      0x114 f:/programs/stm32cubeide_1.4.0/stm32cubeide/plugins/com.st.stm32cube.ide.mcu.externaltools.gnu-tools-for-stm32.7-2018-q2-update.win32_1.4.0.202007081208/tools/bin/../lib/gcc/arm-none-eabi/7.3.1/../../../../arm-none-eabi/lib/thumb/v7-m\libm.a(lib_a-s_rint.o)
                0x000000000800a400                rint
 *fill*         0x000000000800a514        0x4 
 .text.scalbn   0x000000000800a518       0xdc f:/programs/stm32cubeide_1.4.0/stm32cubeide/plugins/com.st.stm32cube.ide.mcu.externaltools.gnu-tools-for-stm32.7-2018-q2-update.win32_1.4.0.202007081208/tools/bin/../lib/gcc/arm-none-eabi/7.3.1/../../../../arm-none-eabi/lib/thumb/v7-m\libm.a(lib_a-s_scalbn.o)
                0x000000000800a518                scalbn
 .text.copysign
                0x000000000800a5f4       0x12 f:/programs/stm32cubeide_1.4.0/stm32cubeide/plugins/com.st.stm32cube.ide.mcu.externaltools.gnu-tools-for-stm32.7-2018-q2-update.win32_1.4.0.202007081208/tools/bin/../lib/gcc/arm-none-eabi/7.3.1/../../../../arm-none-eabi/lib/thumb/v7-m\libm.a(lib_a-s_copysign.o)
                0x000000000800a5f4                copysign
 *(.glue_7)
 .glue_7        0x000000000800a606        0x0 linker stubs
 *(.glue_7t)
 .glue_7t       0x000000000800a606        0x0 linker stubs
 *(.eh_frame)
 *fill*         0x000000000800a606        0x2 
 .eh_frame      0x000000000800a608        0x0 f:/programs/stm32cubeide_1.4.0/stm32cubeide/plugins/com.st.stm32cube.ide.mcu.externaltools.gnu-tools-for-stm32.7-2018-q2-update.win32_1.4.0.202007081208/tools/bin/../lib/gcc/arm-none-eabi/7.3.1/thumb/v7-m/crtbegin.o
 *(.init)
 .init          0x000000000800a608        0x4 f:/programs/stm32cubeide_1.4.0/stm32cubeide/plugins/com.st.stm32cube.ide.mcu.externaltools.gnu-tools-for-stm32.7-2018-q2-update.win32_1.4.0.202007081208/tools/bin/../lib/gcc/arm-none-eabi/7.3.1/thumb/v7-m/crti.o
                0x000000000800a608                _init
 .init          0x000000000800a60c        0x8 f:/programs/stm32cubeide_1.4.0/stm32cubeide/plugins/com.st.stm32cube.ide.mcu.externaltools.gnu-tools-for-stm32.7-2018-q2-update.win32_1.4.0.202007081208/tools/bin/../lib/gcc/arm-none-eabi/7.3.1/thumb/v7-m/crtn.o
 *(.fini)
 .fini          0x000000000800a614        0x4 f:/programs/stm32cubeide_1.4.0/stm32cubeide/plugins/com.st.stm32cube.ide.mcu.externaltools.gnu-tools-for-stm32.7-2018-q2-update.win32_1.4.0.202007081208/tools/bin/../lib/gcc/arm-none-eabi/7.3.1/thumb/v7-m/crti.o
                0x000000000800a614                _fini
 .fini          0x000000000800a618        0x8 f:/programs/stm32cubeide_1.4.0/stm32cubeide/plugins/com.st.stm32cube.ide.mcu.externaltools.gnu-tools-for-stm32.7-2018-q2-update.win32_1.4.0.202007081208/tools/bin/../lib/gcc/arm-none-eabi/7.3.1/thumb/v7-m/crtn.o
                0x000000000800a620                . = ALIGN (0x4)
                0x000000000800a620                _etext = .

.vfp11_veneer   0x000000000800a620        0x0
 .vfp11_veneer  0x000000000800a620        0x0 linker stubs

.v4_bx          0x000000000800a620        0x0
 .v4_bx         0x000000000800a620        0x0 linker stubs

.iplt           0x000000000800a620        0x0
 .iplt          0x000000000800a620        0x0 f:/programs/stm32cubeide_1.4.0/stm32cubeide/plugins/com.st.stm32cube.ide.mcu.externaltools.gnu-tools-for-stm32.7-2018-q2-update.win32_1.4.0.202007081208/tools/bin/../lib/gcc/arm-none-eabi/7.3.1/thumb/v7-m/crtbegin.o

.rodata         0x000000000800a620      0xa10
                0x000000000800a620                . = ALIGN (0x4)
 *(.rodata)
 *(.rodata*)
 .rodata.AHBPrescTable
                0x000000000800a620       0x10 Core/Src/system_stm32f1xx.o
                0x000000000800a620                AHBPrescTable
 .rodata.APBPrescTable
                0x000000000800a630        0x8 Core/Src/system_stm32f1xx.o
                0x000000000800a630                APBPrescTable
 .rodata.USBD_FS_ConfigStrDescriptor.str1.1
                0x000000000800a638        0xb USB_DEVICE/App/usbd_desc.o
 .rodata.USBD_FS_InterfaceStrDescriptor.str1.1
                0x000000000800a643        0xe USB_DEVICE/App/usbd_desc.o
 .rodata.USBD_FS_ManufacturerStrDescriptor.str1.1
                0x000000000800a651       0x10 USB_DEVICE/App/usbd_desc.o
 .rodata.USBD_FS_ProductStrDescriptor.str1.1
                0x000000000800a661       0x12 USB_DEVICE/App/usbd_desc.o
 .rodata.CSWTCH.3
                0x000000000800a673        0x4 USB_DEVICE/Target/usbd_conf.o
 .rodata.app_main.str1.1
                0x000000000800a677      0x168 __App/Src/app.o
 .rodata.SCPI_Control.str1.1
                0x000000000800a7df       0x2c __App/Src/comm.o
 .rodata.SCPI_Error.str1.1
                0x000000000800a80b       0x14 __App/Src/comm.o
 .rodata.SCPI_Reset.str1.1
                0x000000000800a81f        0xa __App/Src/comm.o
 .rodata.comm_init.str1.1
                0x000000000800a829       0x17 __App/Src/comm.o
                                         0x29 (size before relaxing)
 .rodata.scpi_commands
                0x000000000800a840      0x174 __App/Src/comm.o
                0x000000000800a840                scpi_commands
 .rodata.str1.1
                0x000000000800a9b4      0x11a __App/Src/comm.o
 .rodata.CHANNEL_OFFSET_TAB
                0x000000000800aace        0x7 __App/Src/irq.o
 .rodata.TIM3_IRQHandler.str1.1
                0x000000000800aad5       0x2b __App/Src/irq.o
 .rodata.CHANNEL_OFFSET_TAB
                0x000000000800ab00        0x7 __App/Src/periph.o
 .rodata.pwm_set.str1.1
                0x000000000800ab07       0x2e __App/Src/periph.o
 .rodata.PS_CNTR_ReadQ.str1.1
                0x000000000800ab35       0x41 __App/Src/proto.o
                                         0x47 (size before relaxing)
 .rodata.PS_LA_SetQ.str1.1
                0x000000000800ab76       0x15 __App/Src/proto.o
 .rodata.PS_PWM_SetChQ.str1.1
                0x000000000800ab8b        0x9 __App/Src/proto.o
 .rodata.PS_SCOPE_ReadQ.str1.1
                0x000000000800ab94       0x38 __App/Src/proto.o
                                         0x3a (size before relaxing)
 .rodata.PS_SCOPE_SetQ.str1.1
                0x000000000800abcc       0x1b __App/Src/proto.o
 .rodata.PS_SGEN_Set.str1.1
                0x000000000800abe7       0x12 __App/Src/proto.o
 .rodata.PS_System_Mode.str1.1
                0x000000000800abf9       0x12 __App/Src/proto.o
 .rodata.PS_System_ModeQ.str1.1
                0x000000000800ac0b        0xc __App/Src/proto.o
 .rodata.PS_VM_ReadQ.str1.1
                0x000000000800ac17        0xf __App/Src/proto.o
                                         0x12 (size before relaxing)
 .rodata.sprint_fast.str1.1
                0x000000000800ac26        0xf __App/Src/utility.o
                                          0x3 (size before relaxing)
 .rodata.SCPI_ErrorTranslate.str1.1
                0x000000000800ac26      0x131 __App/Src/scpi/error.o
 *fill*         0x000000000800ad57        0x1 
 .rodata.errs   0x000000000800ad58       0x36 __App/Src/scpi/error.o
 .rodata.SCPI_CoreIdnQ.str1.1
                0x000000000800ad8e        0x2 __App/Src/scpi/ieee488.o
 .rodata.SCPI_SystemVersionQ.str1.1
                0x000000000800ad8e        0x7 __App/Src/scpi/minimal.o
 *fill*         0x000000000800ad95        0x3 
 .rodata.CSWTCH.29
                0x000000000800ad98       0x3c __App/Src/scpi/parser.o
 .rodata.SCPI_Init.str1.1
                0x000000000800add4        0xf __App/Src/scpi/parser.o
 .rodata.SCPI_Parse.str1.1
                0x000000000800ade3        0x2 __App/Src/scpi/parser.o
                                          0x5 (size before relaxing)
 .rodata.SCPI_ResultText.str1.1
                0x000000000800ade5        0x2 __App/Src/scpi/parser.o
 .rodata.str1.1
                0x000000000800ade7       0x10 __App/Src/scpi/parser.o
 .rodata.writeDelimiter.str1.1
                0x000000000800adf7        0x2 __App/Src/scpi/parser.o
 *fill*         0x000000000800adf9        0x7 
 .rodata.scpi_units_def
                0x000000000800ae00       0x60 __App/Src/scpi/units.o
                0x000000000800ae00                scpi_units_def
 .rodata.str1.1
                0x000000000800ae60       0x42 __App/Src/scpi/units.o
                                         0x47 (size before relaxing)
 .rodata.UInt32ToStrBaseSign.str1.1
                0x000000000800aea2       0x11 __App/Src/scpi/utils.o
 .rodata.matchCommand.str1.1
                0x000000000800aeb3        0x8 __App/Src/scpi/utils.o
 .rodata._setlocale_r.str1.1
                0x000000000800aebb        0x6 f:/programs/stm32cubeide_1.4.0/stm32cubeide/plugins/com.st.stm32cube.ide.mcu.externaltools.gnu-tools-for-stm32.7-2018-q2-update.win32_1.4.0.202007081208/tools/bin/../lib/gcc/arm-none-eabi/7.3.1/../../../../arm-none-eabi/lib/thumb/v7-m\libc_nano.a(lib_a-locale.o)
                                          0x9 (size before relaxing)
 .rodata.str1.1
                0x000000000800aec1        0x2 f:/programs/stm32cubeide_1.4.0/stm32cubeide/plugins/com.st.stm32cube.ide.mcu.externaltools.gnu-tools-for-stm32.7-2018-q2-update.win32_1.4.0.202007081208/tools/bin/../lib/gcc/arm-none-eabi/7.3.1/../../../../arm-none-eabi/lib/thumb/v7-m\libc_nano.a(lib_a-locale.o)
 .rodata._ctype_
                0x000000000800aec3      0x101 f:/programs/stm32cubeide_1.4.0/stm32cubeide/plugins/com.st.stm32cube.ide.mcu.externaltools.gnu-tools-for-stm32.7-2018-q2-update.win32_1.4.0.202007081208/tools/bin/../lib/gcc/arm-none-eabi/7.3.1/../../../../arm-none-eabi/lib/thumb/v7-m\libc_nano.a(lib_a-ctype_.o)
                0x000000000800aec3                _ctype_
 .rodata._svfprintf_r.str1.1
                0x000000000800afc4       0x11 f:/programs/stm32cubeide_1.4.0/stm32cubeide/plugins/com.st.stm32cube.ide.mcu.externaltools.gnu-tools-for-stm32.7-2018-q2-update.win32_1.4.0.202007081208/tools/bin/../lib/gcc/arm-none-eabi/7.3.1/../../../../arm-none-eabi/lib/thumb/v7-m\libc_nano.a(lib_a-nano-svfprintf.o)
 .rodata._printf_i.str1.1
                0x000000000800afd5       0x11 f:/programs/stm32cubeide_1.4.0/stm32cubeide/plugins/com.st.stm32cube.ide.mcu.externaltools.gnu-tools-for-stm32.7-2018-q2-update.win32_1.4.0.202007081208/tools/bin/../lib/gcc/arm-none-eabi/7.3.1/../../../../arm-none-eabi/lib/thumb/v7-m\libc_nano.a(lib_a-nano-vfprintf_i.o)
                                         0x22 (size before relaxing)
 .rodata.pow.str1.1