Archive member included to satisfy reference by file (symbol)

f:/programs/stm32cubeide_1.4.0/stm32cubeide/plugins/com.st.stm32cube.ide.mcu.externaltools.gnu-tools-for-stm32.7-2018-q2-update.win32_1.4.0.202007081208/tools/bin/../lib/gcc/arm-none-eabi/7.3.1/../../../../arm-none-eabi/lib/thumb/v7-m\libc_nano.a(lib_a-errno.o)
                              Core/Src/syscalls.o (__errno)
f:/programs/stm32cubeide_1.4.0/stm32cubeide/plugins/com.st.stm32cube.ide.mcu.externaltools.gnu-tools-for-stm32.7-2018-q2-update.win32_1.4.0.202007081208/tools/bin/../lib/gcc/arm-none-eabi/7.3.1/../../../../arm-none-eabi/lib/thumb/v7-m\libc_nano.a(lib_a-exit.o)
                              f:/programs/stm32cubeide_1.4.0/stm32cubeide/plugins/com.st.stm32cube.ide.mcu.externaltools.gnu-tools-for-stm32.7-2018-q2-update.win32_1.4.0.202007081208/tools/bin/../lib/gcc/arm-none-eabi/7.3.1/../../../../arm-none-eabi/lib/thumb/v7-m/crt0.o (exit)
f:/programs/stm32cubeide_1.4.0/stm32cubeide/plugins/com.st.stm32cube.ide.mcu.externaltools.gnu-tools-for-stm32.7-2018-q2-update.win32_1.4.0.202007081208/tools/bin/../lib/gcc/arm-none-eabi/7.3.1/../../../../arm-none-eabi/lib/thumb/v7-m\libc_nano.a(lib_a-impure.o)
                              f:/programs/stm32cubeide_1.4.0/stm32cubeide/plugins/com.st.stm32cube.ide.mcu.externaltools.gnu-tools-for-stm32.7-2018-q2-update.win32_1.4.0.202007081208/tools/bin/../lib/gcc/arm-none-eabi/7.3.1/../../../../arm-none-eabi/lib/thumb/v7-m\libc_nano.a(lib_a-exit.o) (_global_impure_ptr)
f:/programs/stm32cubeide_1.4.0/stm32cubeide/plugins/com.st.stm32cube.ide.mcu.externaltools.gnu-tools-for-stm32.7-2018-q2-update.win32_1.4.0.202007081208/tools/bin/../lib/gcc/arm-none-eabi/7.3.1/../../../../arm-none-eabi/lib/thumb/v7-m\libc_nano.a(lib_a-init.o)
                              f:/programs/stm32cubeide_1.4.0/stm32cubeide/plugins/com.st.stm32cube.ide.mcu.externaltools.gnu-tools-for-stm32.7-2018-q2-update.win32_1.4.0.202007081208/tools/bin/../lib/gcc/arm-none-eabi/7.3.1/../../../../arm-none-eabi/lib/thumb/v7-m/crt0.o (__libc_init_array)
f:/programs/stm32cubeide_1.4.0/stm32cubeide/plugins/com.st.stm32cube.ide.mcu.externaltools.gnu-tools-for-stm32.7-2018-q2-update.win32_1.4.0.202007081208/tools/bin/../lib/gcc/arm-none-eabi/7.3.1/../../../../arm-none-eabi/lib/thumb/v7-m\libc_nano.a(lib_a-locale.o)
                              __App/Src/scpi/lexer.o (__locale_ctype_ptr)
f:/programs/stm32cubeide_1.4.0/stm32cubeide/plugins/com.st.stm32cube.ide.mcu.externaltools.gnu-tools-for-stm32.7-2018-q2-update.win32_1.4.0.202007081208/tools/bin/../lib/gcc/arm-none-eabi/7.3.1/../../../../arm-none-eabi/lib/thumb/v7-m\libc_nano.a(lib_a-mbtowc_r.o)
                              f:/programs/stm32cubeide_1.4.0/stm32cubeide/plugins/com.st.stm32cube.ide.mcu.externaltools.gnu-tools-for-stm32.7-2018-q2-update.win32_1.4.0.202007081208/tools/bin/../lib/gcc/arm-none-eabi/7.3.1/../../../../arm-none-eabi/lib/thumb/v7-m\libc_nano.a(lib_a-locale.o) (__ascii_mbtowc)
f:/programs/stm32cubeide_1.4.0/stm32cubeide/plugins/com.st.stm32cube.ide.mcu.externaltools.gnu-tools-for-stm32.7-2018-q2-update.win32_1.4.0.202007081208/tools/bin/../lib/gcc/arm-none-eabi/7.3.1/../../../../arm-none-eabi/lib/thumb/v7-m\libc_nano.a(lib_a-memcpy-stub.o)
                              __App/Src/scpi/parser.o (memcpy)
f:/programs/stm32cubeide_1.4.0/stm32cubeide/plugins/com.st.stm32cube.ide.mcu.externaltools.gnu-tools-for-stm32.7-2018-q2-update.win32_1.4.0.202007081208/tools/bin/../lib/gcc/arm-none-eabi/7.3.1/../../../../arm-none-eabi/lib/thumb/v7-m\libc_nano.a(lib_a-memmove.o)
                              __App/Src/scpi/parser.o (memmove)
f:/programs/stm32cubeide_1.4.0/stm32cubeide/plugins/com.st.stm32cube.ide.mcu.externaltools.gnu-tools-for-stm32.7-2018-q2-update.win32_1.4.0.202007081208/tools/bin/../lib/gcc/arm-none-eabi/7.3.1/../../../../arm-none-eabi/lib/thumb/v7-m\libc_nano.a(lib_a-memset.o)
                              f:/programs/stm32cubeide_1.4.0/stm32cubeide/plugins/com.st.stm32cube.ide.mcu.externaltools.gnu-tools-for-stm32.7-2018-q2-update.win32_1.4.0.202007081208/tools/bin/../lib/gcc/arm-none-eabi/7.3.1/../../../../arm-none-eabi/lib/thumb/v7-m/crt0.o (memset)
f:/programs/stm32cubeide_1.4.0/stm32cubeide/plugins/com.st.stm32cube.ide.mcu.externaltools.gnu-tools-for-stm32.7-2018-q2-update.win32_1.4.0.202007081208/tools/bin/../lib/gcc/arm-none-eabi/7.3.1/../../../../arm-none-eabi/lib/thumb/v7-m\libc_nano.a(lib_a-s_frexp.o)
                              __App/Src/scpi/utils.o (frexp)
f:/programs/stm32cubeide_1.4.0/stm32cubeide/plugins/com.st.stm32cube.ide.mcu.externaltools.gnu-tools-for-stm32.7-2018-q2-update.win32_1.4.0.202007081208/tools/bin/../lib/gcc/arm-none-eabi/7.3.1/../../../../arm-none-eabi/lib/thumb/v7-m\libc_nano.a(lib_a-s_modf.o)
                              __App/Src/scpi/utils.o (modf)
[...]
Memory Configuration

Name             Origin             Length             Attributes
RAM              0x0000000020000000 0x0000000000005000 xrw
FLASH            0x0000000008000000 0x0000000000010000 xr
*default*        0x0000000000000000 0xffffffffffffffff

Linker script and memory map

LOAD f:/programs/stm32cubeide_1.4.0/stm32cubeide/plugins/com.st.stm32cube.ide.mcu.externaltools.gnu-tools-for-stm32.7-2018-q2-update.win32_1.4.0.202007081208/tools/bin/../lib/gcc/arm-none-eabi/7.3.1/thumb/v7-m/crti.o
LOAD f:/programs/stm32cubeide_1.4.0/stm32cubeide/plugins/com.st.stm32cube.ide.mcu.externaltools.gnu-tools-for-stm32.7-2018-q2-update.win32_1.4.0.202007081208/tools/bin/../lib/gcc/arm-none-eabi/7.3.1/thumb/v7-m/crtbegin.o
LOAD f:/programs/stm32cubeide_1.4.0/stm32cubeide/plugins/com.st.stm32cube.ide.mcu.externaltools.gnu-tools-for-stm32.7-2018-q2-update.win32_1.4.0.202007081208/tools/bin/../lib/gcc/arm-none-eabi/7.3.1/../../../../arm-none-eabi/lib/thumb/v7-m/crt0.o
LOAD Core/Src/main.o
LOAD Core/Src/stm32f1xx_hal_msp.o
LOAD Core/Src/stm32f1xx_it.o
LOAD Core/Src/syscalls.o
LOAD Core/Src/sysmem.o
LOAD Core/Src/system_stm32f1xx.o
LOAD Core/Startup/startup_stm32f103c8tx.o
LOAD Drivers/STM32F1xx_HAL_Driver/Src/stm32f1xx_hal.o
LOAD Drivers/STM32F1xx_HAL_Driver/Src/stm32f1xx_hal_cortex.o
LOAD Drivers/STM32F1xx_HAL_Driver/Src/stm32f1xx_hal_dma.o
LOAD Drivers/STM32F1xx_HAL_Driver/Src/stm32f1xx_hal_exti.o
LOAD Drivers/STM32F1xx_HAL_Driver/Src/stm32f1xx_hal_flash.o
LOAD Drivers/STM32F1xx_HAL_Driver/Src/stm32f1xx_hal_flash_ex.o
LOAD Drivers/STM32F1xx_HAL_Driver/Src/stm32f1xx_hal_gpio.o
LOAD Drivers/STM32F1xx_HAL_Driver/Src/stm32f1xx_hal_gpio_ex.o
LOAD Drivers/STM32F1xx_HAL_Driver/Src/stm32f1xx_hal_pcd.o
LOAD Drivers/STM32F1xx_HAL_Driver/Src/stm32f1xx_hal_pcd_ex.o
LOAD Drivers/STM32F1xx_HAL_Driver/Src/stm32f1xx_hal_pwr.o
LOAD Drivers/STM32F1xx_HAL_Driver/Src/stm32f1xx_hal_rcc.o
LOAD Drivers/STM32F1xx_HAL_Driver/Src/stm32f1xx_hal_rcc_ex.o
LOAD Drivers/STM32F1xx_HAL_Driver/Src/stm32f1xx_hal_tim.o
LOAD Drivers/STM32F1xx_HAL_Driver/Src/stm32f1xx_hal_tim_ex.o
LOAD Drivers/STM32F1xx_HAL_Driver/Src/stm32f1xx_ll_adc.o
LOAD Drivers/STM32F1xx_HAL_Driver/Src/stm32f1xx_ll_dma.o
LOAD Drivers/STM32F1xx_HAL_Driver/Src/stm32f1xx_ll_exti.o
LOAD Drivers/STM32F1xx_HAL_Driver/Src/stm32f1xx_ll_gpio.o
LOAD Drivers/STM32F1xx_HAL_Driver/Src/stm32f1xx_ll_rcc.o
LOAD Drivers/STM32F1xx_HAL_Driver/Src/stm32f1xx_ll_tim.o
LOAD Drivers/STM32F1xx_HAL_Driver/Src/stm32f1xx_ll_usart.o
LOAD Drivers/STM32F1xx_HAL_Driver/Src/stm32f1xx_ll_usb.o
LOAD Drivers/STM32F1xx_HAL_Driver/Src/stm32f1xx_ll_utils.o
LOAD Middlewares/ST/STM32_USB_Device_Library/Class/CDC/Src/usbd_cdc.o
LOAD Middlewares/ST/STM32_USB_Device_Library/Core/Src/usbd_core.o
LOAD Middlewares/ST/STM32_USB_Device_Library/Core/Src/usbd_ctlreq.o
LOAD Middlewares/ST/STM32_USB_Device_Library/Core/Src/usbd_ioreq.o
LOAD USB_DEVICE/App/usb_device.o
LOAD USB_DEVICE/App/usbd_cdc_if.o
LOAD USB_DEVICE/App/usbd_desc.o
LOAD USB_DEVICE/Target/usbd_conf.o
LOAD __App/Src/app.o
LOAD __App/Src/cfg.o
LOAD __App/Src/cntr.o
LOAD __App/Src/comm.o
LOAD __App/Src/daq.o
LOAD __App/Src/daq_trig.o
LOAD __App/Src/irq.o
LOAD __App/Src/led.o
LOAD __App/Src/periph.o
LOAD __App/Src/proto.o
LOAD __App/Src/pwm.o
LOAD __App/Src/utility.o
LOAD __App/Src/scpi/error.o
LOAD __App/Src/scpi/expression.o
LOAD __App/Src/scpi/fifo.o
LOAD __App/Src/scpi/ieee488.o
LOAD __App/Src/scpi/lexer.o
LOAD __App/Src/scpi/minimal.o
LOAD __App/Src/scpi/parser.o
LOAD __App/Src/scpi/units.o
LOAD __App/Src/scpi/utils.o
LOAD __OS/croutine.o
LOAD __OS/event_groups.o
LOAD __OS/list.o
LOAD __OS/port.o
LOAD __OS/queue.o
LOAD __OS/tasks.o
LOAD __OS/timers.o
START GROUP
LOAD f:/programs/stm32cubeide_1.4.0/stm32cubeide/plugins/com.st.stm32cube.ide.mcu.externaltools.gnu-tools-for-stm32.7-2018-q2-update.win32_1.4.0.202007081208/tools/bin/../lib/gcc/arm-none-eabi/7.3.1/../../../../arm-none-eabi/lib/thumb/v7-m\libc_nano.a
LOAD f:/programs/stm32cubeide_1.4.0/stm32cubeide/plugins/com.st.stm32cube.ide.mcu.externaltools.gnu-tools-for-stm32.7-2018-q2-update.win32_1.4.0.202007081208/tools/bin/../lib/gcc/arm-none-eabi/7.3.1/../../../../arm-none-eabi/lib/thumb/v7-m\libm.a
END GROUP
START GROUP
LOAD f:/programs/stm32cubeide_1.4.0/stm32cubeide/plugins/com.st.stm32cube.ide.mcu.externaltools.gnu-tools-for-stm32.7-2018-q2-update.win32_1.4.0.202007081208/tools/bin/../lib/gcc/arm-none-eabi/7.3.1/thumb/v7-m\libgcc.a
LOAD f:/programs/stm32cubeide_1.4.0/stm32cubeide/plugins/com.st.stm32cube.ide.mcu.externaltools.gnu-tools-for-stm32.7-2018-q2-update.win32_1.4.0.202007081208/tools/bin/../lib/gcc/arm-none-eabi/7.3.1/../../../../arm-none-eabi/lib/thumb/v7-m\libc_nano.a
END GROUP
START GROUP
LOAD f:/programs/stm32cubeide_1.4.0/stm32cubeide/plugins/com.st.stm32cube.ide.mcu.externaltools.gnu-tools-for-stm32.7-2018-q2-update.win32_1.4.0.202007081208/tools/bin/../lib/gcc/arm-none-eabi/7.3.1/thumb/v7-m\libgcc.a
LOAD f:/programs/stm32cubeide_1.4.0/stm32cubeide/plugins/com.st.stm32cube.ide.mcu.externaltools.gnu-tools-for-stm32.7-2018-q2-update.win32_1.4.0.202007081208/tools/bin/../lib/gcc/arm-none-eabi/7.3.1/../../../../arm-none-eabi/lib/thumb/v7-m\libc_nano.a
LOAD f:/programs/stm32cubeide_1.4.0/stm32cubeide/plugins/com.st.stm32cube.ide.mcu.externaltools.gnu-tools-for-stm32.7-2018-q2-update.win32_1.4.0.202007081208/tools/bin/../lib/gcc/arm-none-eabi/7.3.1/../../../../arm-none-eabi/lib/thumb/v7-m\libnosys.a
END GROUP
START GROUP
LOAD f:/programs/stm32cubeide_1.4.0/stm32cubeide/plugins/com.st.stm32cube.ide.mcu.externaltools.gnu-tools-for-stm32.7-2018-q2-update.win32_1.4.0.202007081208/tools/bin/../lib/gcc/arm-none-eabi/7.3.1/thumb/v7-m\libgcc.a
LOAD f:/programs/stm32cubeide_1.4.0/stm32cubeide/plugins/com.st.stm32cube.ide.mcu.externaltools.gnu-tools-for-stm32.7-2018-q2-update.win32_1.4.0.202007081208/tools/bin/../lib/gcc/arm-none-eabi/7.3.1/../../../../arm-none-eabi/lib/thumb/v7-m\libc_nano.a
LOAD f:/programs/stm32cubeide_1.4.0/stm32cubeide/plugins/com.st.stm32cube.ide.mcu.externaltools.gnu-tools-for-stm32.7-2018-q2-update.win32_1.4.0.202007081208/tools/bin/../lib/gcc/arm-none-eabi/7.3.1/../../../../arm-none-eabi/lib/thumb/v7-m\libnosys.a
END GROUP
LOAD f:/programs/stm32cubeide_1.4.0/stm32cubeide/plugins/com.st.stm32cube.ide.mcu.externaltools.gnu-tools-for-stm32.7-2018-q2-update.win32_1.4.0.202007081208/tools/bin/../lib/gcc/arm-none-eabi/7.3.1/thumb/v7-m/crtend.o
LOAD f:/programs/stm32cubeide_1.4.0/stm32cubeide/plugins/com.st.stm32cube.ide.mcu.externaltools.gnu-tools-for-stm32.7-2018-q2-update.win32_1.4.0.202007081208/tools/bin/../lib/gcc/arm-none-eabi/7.3.1/thumb/v7-m/crtn.o
                0x0000000020005000                _estack = (ORIGIN (RAM) + LENGTH (RAM))
                0x0000000000000200                _Min_Heap_Size = 0x200
                0x0000000000000400                _Min_Stack_Size = 0x400

.isr_vector     0x0000000008000000      0x10c
                0x0000000008000000                . = ALIGN (0x4)
 *(.isr_vector)
 .isr_vector    0x0000000008000000      0x10c Core/Startup/startup_stm32f103c8tx.o
                0x0000000008000000                g_pfnVectors
                0x000000000800010c                . = ALIGN (0x4)

.text           0x0000000008000110     0xc308
                0x0000000008000110                . = ALIGN (0x4)
 *(.text)
 .text          0x0000000008000110       0x40 f:/programs/stm32cubeide_1.4.0/stm32cubeide/plugins/com.st.stm32cube.ide.mcu.externaltools.gnu-tools-for-stm32.7-2018-q2-update.win32_1.4.0.202007081208/tools/bin/../lib/gcc/arm-none-eabi/7.3.1/thumb/v7-m/crtbegin.o
 .text          0x0000000008000150       0x14 f:/programs/stm32cubeide_1.4.0/stm32cubeide/plugins/com.st.stm32cube.ide.mcu.externaltools.gnu-tools-for-stm32.7-2018-q2-update.win32_1.4.0.202007081208/tools/bin/../lib/gcc/arm-none-eabi/7.3.1/../../../../arm-none-eabi/lib/thumb/v7-m\libc_nano.a(lib_a-strcmp.o)
                0x0000000008000150                strcmp
 .text          0x0000000008000164       0x10 f:/programs/stm32cubeide_1.4.0/stm32cubeide/plugins/com.st.stm32cube.ide.mcu.externaltools.gnu-tools-for-stm32.7-2018-q2-update.win32_1.4.0.202007081208/tools/bin/../lib/gcc/arm-none-eabi/7.3.1/../../../../arm-none-eabi/lib/thumb/v7-m\libc_nano.a(lib_a-strlen.o)
                0x0000000008000164                strlen
 .text          0x0000000008000174      0x378 f:/programs/stm32cubeide_1.4.0/stm32cubeide/plugins/com.st.stm32cube.ide.mcu.externaltools.gnu-tools-for-stm32.7-2018-q2-update.win32_1.4.0.202007081208/tools/bin/../lib/gcc/arm-none-eabi/7.3.1/thumb/v7-m\libgcc.a(_arm_addsubdf3.o)
                0x0000000008000174                __aeabi_drsub
                0x000000000800017c                __aeabi_dsub
                0x000000000800017c                __subdf3
                0x0000000008000180                __aeabi_dadd
                0x0000000008000180                __adddf3
                0x00000000080003f8                __floatunsidf
                0x00000000080003f8                __aeabi_ui2d
                0x0000000008000418                __floatsidf
                0x0000000008000418                __aeabi_i2d
                0x000000000800043c                __aeabi_f2d
                0x000000000800043c                __extendsfdf2
                0x0000000008000480                __floatundidf
                0x0000000008000480                __aeabi_ul2d
                0x0000000008000490                __floatdidf
                0x0000000008000490                __aeabi_l2d
 .text          0x00000000080004ec      0x424 f:/programs/stm32cubeide_1.4.0/stm32cubeide/plugins/com.st.stm32cube.ide.mcu.externaltools.gnu-tools-for-stm32.7-2018-q2-update.win32_1.4.0.202007081208/tools/bin/../lib/gcc/arm-none-eabi/7.3.1/thumb/v7-m\libgcc.a(_arm_muldivdf3.o)
                0x00000000080004ec                __aeabi_dmul
                0x00000000080004ec                __muldf3
                0x0000000008000740                __divdf3
                0x0000000008000740                __aeabi_ddiv
 .text          0x0000000008000910      0x110 f:/programs/stm32cubeide_1.4.0/stm32cubeide/plugins/com.st.stm32cube.ide.mcu.externaltools.gnu-tools-for-stm32.7-2018-q2-update.win32_1.4.0.202007081208/tools/bin/../lib/gcc/arm-none-eabi/7.3.1/thumb/v7-m\libgcc.a(_arm_cmpdf2.o)
                0x0000000008000910                __gtdf2
                0x0000000008000910                __gedf2
                0x0000000008000918                __ltdf2
                0x0000000008000918                __ledf2
                0x0000000008000920                __nedf2
                0x0000000008000920                __eqdf2
                0x0000000008000920                __cmpdf2
                0x000000000800099c                __aeabi_cdrcmple
                0x00000000080009ac                __aeabi_cdcmpeq
                0x00000000080009ac                __aeabi_cdcmple
                0x00000000080009bc                __aeabi_dcmpeq
                0x00000000080009d0                __aeabi_dcmplt
                0x00000000080009e4                __aeabi_dcmple
                0x00000000080009f8                __aeabi_dcmpge
                0x0000000008000a0c                __aeabi_dcmpgt
 .text          0x0000000008000a20       0x2c f:/programs/stm32cubeide_1.4.0/stm32cubeide/plugins/com.st.stm32cube.ide.mcu.externaltools.gnu-tools-for-stm32.7-2018-q2-update.win32_1.4.0.202007081208/tools/bin/../lib/gcc/arm-none-eabi/7.3.1/thumb/v7-m\libgcc.a(_arm_unorddf2.o)
                0x0000000008000a20                __unorddf2
                0x0000000008000a20                __aeabi_dcmpun
 .text          0x0000000008000a4c       0x50 f:/programs/stm32cubeide_1.4.0/stm32cubeide/plugins/com.st.stm32cube.ide.mcu.externaltools.gnu-tools-for-stm32.7-2018-q2-update.win32_1.4.0.202007081208/tools/bin/../lib/gcc/arm-none-eabi/7.3.1/thumb/v7-m\libgcc.a(_arm_fixdfsi.o)
                0x0000000008000a4c                __aeabi_d2iz
                0x0000000008000a4c                __fixdfsi
 .text          0x0000000008000a9c       0xa0 f:/programs/stm32cubeide_1.4.0/stm32cubeide/plugins/com.st.stm32cube.ide.mcu.externaltools.gnu-tools-for-stm32.7-2018-q2-update.win32_1.4.0.202007081208/tools/bin/../lib/gcc/arm-none-eabi/7.3.1/thumb/v7-m\libgcc.a(_arm_truncdfsf2.o)
                0x0000000008000a9c                __truncdfsf2
                0x0000000008000a9c                __aeabi_d2f
 .text          0x0000000008000b3c      0x21c f:/programs/stm32cubeide_1.4.0/stm32cubeide/plugins/com.st.stm32cube.ide.mcu.externaltools.gnu-tools-for-stm32.7-2018-q2-update.win32_1.4.0.202007081208/tools/bin/../lib/gcc/arm-none-eabi/7.3.1/thumb/v7-m\libgcc.a(_arm_addsubsf3.o)
                0x0000000008000b3c                __aeabi_frsub
                0x0000000008000b44                __subsf3
                0x0000000008000b44                __aeabi_fsub
                0x0000000008000b48                __aeabi_fadd
                0x0000000008000b48                __addsf3
                0x0000000008000ca8                __aeabi_ui2f
                0x0000000008000ca8                __floatunsisf
                0x0000000008000cb0                __aeabi_i2f
                0x0000000008000cb0                __floatsisf
                0x0000000008000ccc                __aeabi_ul2f
                0x0000000008000ccc                __floatundisf
                0x0000000008000cdc                __aeabi_l2f
                0x0000000008000cdc                __floatdisf
 .text          0x0000000008000d58      0x2a0 f:/programs/stm32cubeide_1.4.0/stm32cubeide/plugins/com.st.stm32cube.ide.mcu.externaltools.gnu-tools-for-stm32.7-2018-q2-update.win32_1.4.0.202007081208/tools/bin/../lib/gcc/arm-none-eabi/7.3.1/thumb/v7-m\libgcc.a(_arm_muldivsf3.o)
                0x0000000008000d58                __mulsf3
                0x0000000008000d58                __aeabi_fmul
                0x0000000008000ec0                __aeabi_fdiv
                0x0000000008000ec0                __divsf3
 .text          0x0000000008000ff8       0xec f:/programs/stm32cubeide_1.4.0/stm32cubeide/plugins/com.st.stm32cube.ide.mcu.externaltools.gnu-tools-for-stm32.7-2018-q2-update.win32_1.4.0.202007081208/tools/bin/../lib/gcc/arm-none-eabi/7.3.1/thumb/v7-m\libgcc.a(_arm_cmpsf2.o)
                0x0000000008000ff8                __gesf2
                0x0000000008000ff8                __gtsf2
                0x0000000008001000                __lesf2
                0x0000000008001000                __ltsf2
                0x0000000008001008                __nesf2
                0x0000000008001008                __eqsf2
                0x0000000008001008                __cmpsf2
                0x0000000008001068                __aeabi_cfrcmple
                0x0000000008001070                __aeabi_cfcmpeq
                0x0000000008001070                __aeabi_cfcmple
                0x0000000008001080                __aeabi_fcmpeq
                0x0000000008001094                __aeabi_fcmplt
                0x00000000080010a8                __aeabi_fcmple
                0x00000000080010bc                __aeabi_fcmpge
                0x00000000080010d0                __aeabi_fcmpgt
 .text          0x00000000080010e4       0x4c f:/programs/stm32cubeide_1.4.0/stm32cubeide/plugins/com.st.stm32cube.ide.mcu.externaltools.gnu-tools-for-stm32.7-2018-q2-update.win32_1.4.0.202007081208/tools/bin/../lib/gcc/arm-none-eabi/7.3.1/thumb/v7-m\libgcc.a(_arm_fixsfsi.o)
                0x00000000080010e4                __aeabi_f2iz
                0x00000000080010e4                __fixsfsi
 .text          0x0000000008001130       0x40 f:/programs/stm32cubeide_1.4.0/stm32cubeide/plugins/com.st.stm32cube.ide.mcu.externaltools.gnu-tools-for-stm32.7-2018-q2-update.win32_1.4.0.202007081208/tools/bin/../lib/gcc/arm-none-eabi/7.3.1/thumb/v7-m\libgcc.a(_arm_fixunssfsi.o)
                0x0000000008001130                __fixunssfsi
                0x0000000008001130                __aeabi_f2uiz
 *(.text*)
 .text.LL_APB1_GRP1_EnableClock
                0x0000000008001170       0x1c Core/Src/main.o
 .text.LL_APB2_GRP1_EnableClock
                0x000000000800118c       0x1c Core/Src/main.o
 .text.LL_ADC_REG_SetSequencerRanks
                0x00000000080011a8       0x34 Core/Src/main.o
 .text.LL_ADC_SetChannelSamplingTime
                0x00000000080011dc       0x4e Core/Src/main.o
 *fill*         0x000000000800122a        0x2 
 .text.SystemClock_Config
                0x000000000800122c       0xac Core/Src/main.o
                0x000000000800122c                SystemClock_Config
 .text.startup.main
                0x00000000080012d8      0x680 Core/Src/main.o
                0x00000000080012d8                main
 .text.Error_Handler
                0x0000000008001958        0x2 Core/Src/main.o
                0x0000000008001958                Error_Handler
 *fill*         0x000000000800195a        0x2 
 .text.HAL_MspInit
                0x000000000800195c       0x50 Core/Src/stm32f1xx_hal_msp.o
                0x000000000800195c                HAL_MspInit
 .text.NMI_Handler
                0x00000000080019ac        0x2 Core/Src/stm32f1xx_it.o
                0x00000000080019ac                NMI_Handler
 .text.HardFault_Handler
                0x00000000080019ae        0x2 Core/Src/stm32f1xx_it.o
                0x00000000080019ae                HardFault_Handler
 .text.MemManage_Handler
                0x00000000080019b0        0x2 Core/Src/stm32f1xx_it.o
                0x00000000080019b0                MemManage_Handler
 .text.BusFault_Handler
                0x00000000080019b2        0x2 Core/Src/stm32f1xx_it.o
                0x00000000080019b2                BusFault_Handler
 .text.UsageFault_Handler
                0x00000000080019b4        0x2 Core/Src/stm32f1xx_it.o
                0x00000000080019b4                UsageFault_Handler
 .text.DebugMon_Handler
                0x00000000080019b6        0x2 Core/Src/stm32f1xx_it.o
                0x00000000080019b6                DebugMon_Handler
 .text.USB_LP_CAN1_RX0_IRQHandler
                0x00000000080019b8        0xc Core/Src/stm32f1xx_it.o
                0x00000000080019b8                USB_LP_CAN1_RX0_IRQHandler
 .text._sbrk    0x00000000080019c4       0x40 Core/Src/sysmem.o
                0x00000000080019c4                _sbrk
 .text.SystemInit
                0x0000000008001a04        0x2 Core/Src/system_stm32f1xx.o
                0x0000000008001a04                SystemInit
 *fill*         0x0000000008001a06        0x2 
 .text.Reset_Handler
                0x0000000008001a08       0x48 Core/Startup/startup_stm32f103c8tx.o
                0x0000000008001a08                Reset_Handler
 .text.Default_Handler
                0x0000000008001a50        0x2 Core/Startup/startup_stm32f103c8tx.o
                0x0000000008001a50                RTC_Alarm_IRQHandler
                0x0000000008001a50                PVD_IRQHandler
                0x0000000008001a50                I2C2_EV_IRQHandler
                0x0000000008001a50                SPI1_IRQHandler
                0x0000000008001a50                TAMPER_IRQHandler
                0x0000000008001a50                DMA1_Channel4_IRQHandler
                0x0000000008001a50                USART3_IRQHandler
                0x0000000008001a50                RTC_IRQHandler
                0x0000000008001a50                DMA1_Channel7_IRQHandler
                0x0000000008001a50                CAN1_RX1_IRQHandler
                0x0000000008001a50                TIM4_IRQHandler
                0x0000000008001a50                I2C1_EV_IRQHandler
                0x0000000008001a50                DMA1_Channel6_IRQHandler
                0x0000000008001a50                TIM3_IRQHandler
                0x0000000008001a50                RCC_IRQHandler
                0x0000000008001a50                TIM1_TRG_COM_IRQHandler
                0x0000000008001a50                DMA1_Channel1_IRQHandler
                0x0000000008001a50                Default_Handler
                0x0000000008001a50                EXTI15_10_IRQHandler
                0x0000000008001a50                EXTI9_5_IRQHandler
                0x0000000008001a50                SPI2_IRQHandler
                0x0000000008001a50                DMA1_Channel5_IRQHandler
                0x0000000008001a50                USB_HP_CAN1_TX_IRQHandler
                0x0000000008001a50                DMA1_Channel3_IRQHandler
                0x0000000008001a50                WWDG_IRQHandler
                0x0000000008001a50                TIM2_IRQHandler
                0x0000000008001a50                TIM1_BRK_IRQHandler
                0x0000000008001a50                USART2_IRQHandler
                0x0000000008001a50                I2C2_ER_IRQHandler
                0x0000000008001a50                DMA1_Channel2_IRQHandler
                0x0000000008001a50                CAN1_SCE_IRQHandler
                0x0000000008001a50                FLASH_IRQHandler
                0x0000000008001a50                I2C1_ER_IRQHandler
                0x0000000008001a50                USBWakeUp_IRQHandler
 *fill*         0x0000000008001a52        0x2 
 .text.HAL_InitTick
                0x0000000008001a54       0x48 Drivers/STM32F1xx_HAL_Driver/Src/stm32f1xx_hal.o
                0x0000000008001a54                HAL_InitTick
 .text.HAL_Init
                0x0000000008001a9c       0x24 Drivers/STM32F1xx_HAL_Driver/Src/stm32f1xx_hal.o
                0x0000000008001a9c                HAL_Init
 .text.HAL_IncTick
                0x0000000008001ac0       0x18 Drivers/STM32F1xx_HAL_Driver/Src/stm32f1xx_hal.o
                0x0000000008001ac0                HAL_IncTick
 .text.HAL_NVIC_SetPriorityGrouping
                0x0000000008001ad8       0x24 Drivers/STM32F1xx_HAL_Driver/Src/stm32f1xx_hal_cortex.o
                0x0000000008001ad8                HAL_NVIC_SetPriorityGrouping
 .text.HAL_NVIC_SetPriority
                0x0000000008001afc       0x68 Drivers/STM32F1xx_HAL_Driver/Src/stm32f1xx_hal_cortex.o
                0x0000000008001afc                HAL_NVIC_SetPriority
 .text.HAL_NVIC_EnableIRQ
                0x0000000008001b64       0x1c Drivers/STM32F1xx_HAL_Driver/Src/stm32f1xx_hal_cortex.o
                0x0000000008001b64                HAL_NVIC_EnableIRQ
 .text.HAL_SYSTICK_Config
                0x0000000008001b80       0x2c Drivers/STM32F1xx_HAL_Driver/Src/stm32f1xx_hal_cortex.o
                0x0000000008001b80                HAL_SYSTICK_Config
 .text.HAL_PCD_Init
                0x0000000008001bac       0xf0 Drivers/STM32F1xx_HAL_Driver/Src/stm32f1xx_hal_pcd.o
                0x0000000008001bac                HAL_PCD_Init
 .text.HAL_PCD_Start
                0x0000000008001c9c       0x32 Drivers/STM32F1xx_HAL_Driver/Src/stm32f1xx_hal_pcd.o
                0x0000000008001c9c                HAL_PCD_Start
 .text.HAL_PCD_SetAddress
                0x0000000008001cce       0x28 Drivers/STM32F1xx_HAL_Driver/Src/stm32f1xx_hal_pcd.o
                0x0000000008001cce                HAL_PCD_SetAddress
 *fill*         0x0000000008001cf6        0x2 
 .text.HAL_PCD_IRQHandler
                0x0000000008001cf8      0x844 Drivers/STM32F1xx_HAL_Driver/Src/stm32f1xx_hal_pcd.o
                0x0000000008001cf8                HAL_PCD_IRQHandler
 .text.HAL_PCD_EP_Open
                0x000000000800253c       0x64 Drivers/STM32F1xx_HAL_Driver/Src/stm32f1xx_hal_pcd.o
                0x000000000800253c                HAL_PCD_EP_Open
 .text.HAL_PCD_EP_Close
                0x00000000080025a0       0x52 Drivers/STM32F1xx_HAL_Driver/Src/stm32f1xx_hal_pcd.o
                0x00000000080025a0                HAL_PCD_EP_Close
 .text.HAL_PCD_EP_Receive
                0x00000000080025f2       0x32 Drivers/STM32F1xx_HAL_Driver/Src/stm32f1xx_hal_pcd.o
                0x00000000080025f2                HAL_PCD_EP_Receive
 .text.HAL_PCD_EP_GetRxCount
                0x0000000008002624       0x10 Drivers/STM32F1xx_HAL_Driver/Src/stm32f1xx_hal_pcd.o
                0x0000000008002624                HAL_PCD_EP_GetRxCount
 .text.HAL_PCD_EP_Transmit
                0x0000000008002634       0x34 Drivers/STM32F1xx_HAL_Driver/Src/stm32f1xx_hal_pcd.o
                0x0000000008002634                HAL_PCD_EP_Transmit
 .text.HAL_PCD_EP_SetStall
                0x0000000008002668       0x68 Drivers/STM32F1xx_HAL_Driver/Src/stm32f1xx_hal_pcd.o
                0x0000000008002668                HAL_PCD_EP_SetStall
 .text.HAL_PCD_EP_ClrStall
                0x00000000080026d0       0x64 Drivers/STM32F1xx_HAL_Driver/Src/stm32f1xx_hal_pcd.o
                0x00000000080026d0                HAL_PCD_EP_ClrStall
 .text.HAL_PCDEx_PMAConfig
                0x0000000008002734       0x36 Drivers/STM32F1xx_HAL_Driver/Src/stm32f1xx_hal_pcd_ex.o
                0x0000000008002734                HAL_PCDEx_PMAConfig
 *fill*         0x000000000800276a        0x2 
 .text.LL_ADC_CommonInit
                0x000000000800276c       0x38 Drivers/STM32F1xx_HAL_Driver/Src/stm32f1xx_ll_adc.o
                0x000000000800276c                LL_ADC_CommonInit
 .text.LL_ADC_Init
                0x00000000080027a4       0x2a Drivers/STM32F1xx_HAL_Driver/Src/stm32f1xx_ll_adc.o
                0x00000000080027a4                LL_ADC_Init
 .text.LL_ADC_REG_Init
                0x00000000080027ce       0x44 Drivers/STM32F1xx_HAL_Driver/Src/stm32f1xx_ll_adc.o
                0x00000000080027ce                LL_ADC_REG_Init
 *fill*         0x0000000008002812        0x2 
 .text.LL_EXTI_Init
                0x0000000008002814       0xa8 Drivers/STM32F1xx_HAL_Driver/Src/stm32f1xx_ll_exti.o
                0x0000000008002814                LL_EXTI_Init
 .text.LL_GPIO_Init
                0x00000000080028bc       0xfa Drivers/STM32F1xx_HAL_Driver/Src/stm32f1xx_ll_gpio.o
                0x00000000080028bc                LL_GPIO_Init
 *fill*         0x00000000080029b6        0x2 
 .text.RCC_GetHCLKClockFreq
                0x00000000080029b8       0x18 Drivers/STM32F1xx_HAL_Driver/Src/stm32f1xx_ll_rcc.o
                0x00000000080029b8                RCC_GetHCLKClockFreq
 .text.RCC_GetPCLK1ClockFreq
                0x00000000080029d0       0x18 Drivers/STM32F1xx_HAL_Driver/Src/stm32f1xx_ll_rcc.o
                0x00000000080029d0                RCC_GetPCLK1ClockFreq
 .text.RCC_GetPCLK2ClockFreq
                0x00000000080029e8       0x18 Drivers/STM32F1xx_HAL_Driver/Src/stm32f1xx_ll_rcc.o
                0x00000000080029e8                RCC_GetPCLK2ClockFreq
 .text.RCC_PLL_GetFreqDomain_SYS
                0x0000000008002a00       0x34 Drivers/STM32F1xx_HAL_Driver/Src/stm32f1xx_ll_rcc.o
                0x0000000008002a00                RCC_PLL_GetFreqDomain_SYS
 .text.RCC_GetSystemClockFreq
                0x0000000008002a34       0x1c Drivers/STM32F1xx_HAL_Driver/Src/stm32f1xx_ll_rcc.o
                0x0000000008002a34                RCC_GetSystemClockFreq
 .text.LL_RCC_GetSystemClocksFreq
                0x0000000008002a50       0x20 Drivers/STM32F1xx_HAL_Driver/Src/stm32f1xx_ll_rcc.o
                0x0000000008002a50                LL_RCC_GetSystemClocksFreq
 .text.LL_TIM_Init
                0x0000000008002a70       0x70 Drivers/STM32F1xx_HAL_Driver/Src/stm32f1xx_ll_tim.o
                0x0000000008002a70                LL_TIM_Init
 .text.LL_TIM_OC_Init
                0x0000000008002ae0      0x190 Drivers/STM32F1xx_HAL_Driver/Src/stm32f1xx_ll_tim.o
                0x0000000008002ae0                LL_TIM_OC_Init
 .text.LL_USART_Init
                0x0000000008002c70       0xa4 Drivers/STM32F1xx_HAL_Driver/Src/stm32f1xx_ll_usart.o
                0x0000000008002c70                LL_USART_Init
 .text.USB_CoreInit
                0x0000000008002d14        0xe Drivers/STM32F1xx_HAL_Driver/Src/stm32f1xx_ll_usb.o
                0x0000000008002d14                USB_CoreInit
 .text.USB_EnableGlobalInt
                0x0000000008002d22       0x12 Drivers/STM32F1xx_HAL_Driver/Src/stm32f1xx_ll_usb.o
                0x0000000008002d22                USB_EnableGlobalInt
 .text.USB_DisableGlobalInt
                0x0000000008002d34       0x14 Drivers/STM32F1xx_HAL_Driver/Src/stm32f1xx_ll_usb.o
                0x0000000008002d34                USB_DisableGlobalInt
 .text.USB_SetCurrentMode
                0x0000000008002d48        0x4 Drivers/STM32F1xx_HAL_Driver/Src/stm32f1xx_ll_usb.o
                0x0000000008002d48                USB_SetCurrentMode
 .text.USB_DevInit
                0x0000000008002d4c       0x28 Drivers/STM32F1xx_HAL_Driver/Src/stm32f1xx_ll_usb.o
                0x0000000008002d4c                USB_DevInit
 .text.USB_ActivateEndpoint
                0x0000000008002d74      0x27c Drivers/STM32F1xx_HAL_Driver/Src/stm32f1xx_ll_usb.o
                0x0000000008002d74                USB_ActivateEndpoint
 .text.USB_DeactivateEndpoint
                0x0000000008002ff0      0x18c Drivers/STM32F1xx_HAL_Driver/Src/stm32f1xx_ll_usb.o
                0x0000000008002ff0                USB_DeactivateEndpoint
 .text.USB_EPSetStall
                0x000000000800317c       0x38 Drivers/STM32F1xx_HAL_Driver/Src/stm32f1xx_ll_usb.o
                0x000000000800317c                USB_EPSetStall
 .text.USB_EPClearStall
                0x00000000080031b4       0x86 Drivers/STM32F1xx_HAL_Driver/Src/stm32f1xx_ll_usb.o
                0x00000000080031b4                USB_EPClearStall
 .text.USB_SetDevAddress
                0x000000000800323a        0xc Drivers/STM32F1xx_HAL_Driver/Src/stm32f1xx_ll_usb.o
                0x000000000800323a                USB_SetDevAddress
 .text.USB_DevConnect
                0x0000000008003246        0x4 Drivers/STM32F1xx_HAL_Driver/Src/stm32f1xx_ll_usb.o
                0x0000000008003246                USB_DevConnect
 .text.USB_DevDisconnect
                0x000000000800324a        0x4 Drivers/STM32F1xx_HAL_Driver/Src/stm32f1xx_ll_usb.o
                0x000000000800324a                USB_DevDisconnect
 .text.USB_ReadInterrupts
                0x000000000800324e        0x6 Drivers/STM32F1xx_HAL_Driver/Src/stm32f1xx_ll_usb.o
                0x000000000800324e                USB_ReadInterrupts
 .text.USB_EP0_OutStart
                0x0000000008003254        0x4 Drivers/STM32F1xx_HAL_Driver/Src/stm32f1xx_ll_usb.o
                0x0000000008003254                USB_EP0_OutStart
 .text.USB_WritePMA
                0x0000000008003258       0x20 Drivers/STM32F1xx_HAL_Driver/Src/stm32f1xx_ll_usb.o
                0x0000000008003258                USB_WritePMA
 .text.USB_EPStartXfer
                0x0000000008003278      0x558 Drivers/STM32F1xx_HAL_Driver/Src/stm32f1xx_ll_usb.o
                0x0000000008003278                USB_EPStartXfer
 .text.USB_ReadPMA
                0x00000000080037d0       0x38 Drivers/STM32F1xx_HAL_Driver/Src/stm32f1xx_ll_usb.o
                0x00000000080037d0                USB_ReadPMA
 .text.LL_SetSystemCoreClock
                0x0000000008003808        0xc Drivers/STM32F1xx_HAL_Driver/Src/stm32f1xx_ll_utils.o
                0x0000000008003808                LL_SetSystemCoreClock
 .text.USBD_CDC_EP0_RxReady
                0x0000000008003814       0x28 Middlewares/ST/STM32_USB_Device_Library/Class/CDC/Src/usbd_cdc.o
 .text.USBD_CDC_GetFSCfgDesc
                0x000000000800383c        0xc Middlewares/ST/STM32_USB_Device_Library/Class/CDC/Src/usbd_cdc.o
 .text.USBD_CDC_GetHSCfgDesc
                0x0000000008003848        0xc Middlewares/ST/STM32_USB_Device_Library/Class/CDC/Src/usbd_cdc.o
 .text.USBD_CDC_GetOtherSpeedCfgDesc
                0x0000000008003854        0xc Middlewares/ST/STM32_USB_Device_Library/Class/CDC/Src/usbd_cdc.o
 .text.USBD_CDC_GetDeviceQualifierDescriptor
                0x0000000008003860        0xc Middlewares/ST/STM32_USB_Device_Library/Class/CDC/Src/usbd_cdc.o
                0x0000000008003860                USBD_CDC_GetDeviceQualifierDescriptor
 .text.USBD_CDC_DataOut
                0x000000000800386c       0x2e Middlewares/ST/STM32_USB_Device_Library/Class/CDC/Src/usbd_cdc.o
 .text.USBD_CDC_DataIn
                0x000000000800389a       0x42 Middlewares/ST/STM32_USB_Device_Library/Class/CDC/Src/usbd_cdc.o
 .text.USBD_CDC_Setup
                0x00000000080038dc       0xbc Middlewares/ST/STM32_USB_Device_Library/Class/CDC/Src/usbd_cdc.o
 .text.USBD_CDC_DeInit
                0x0000000008003998       0x42 Middlewares/ST/STM32_USB_Device_Library/Class/CDC/Src/usbd_cdc.o
 .text.USBD_CDC_Init
                0x00000000080039da       0xa6 Middlewares/ST/STM32_USB_Device_Library/Class/CDC/Src/usbd_cdc.o
 .text.USBD_CDC_RegisterInterface
                0x0000000008003a80        0xe Middlewares/ST/STM32_USB_Device_Library/Class/CDC/Src/usbd_cdc.o
                0x0000000008003a80                USBD_CDC_RegisterInterface
 .text.USBD_CDC_SetTxBuffer
                0x0000000008003a8e       0x10 Middlewares/ST/STM32_USB_Device_Library/Class/CDC/Src/usbd_cdc.o
                0x0000000008003a8e                USBD_CDC_SetTxBuffer
 .text.USBD_CDC_SetRxBuffer
                0x0000000008003a9e        0xc Middlewares/ST/STM32_USB_Device_Library/Class/CDC/Src/usbd_cdc.o
                0x0000000008003a9e                USBD_CDC_SetRxBuffer
 .text.USBD_CDC_TransmitPacket
                0x0000000008003aaa       0x32 Middlewares/ST/STM32_USB_Device_Library/Class/CDC/Src/usbd_cdc.o
                0x0000000008003aaa                USBD_CDC_TransmitPacket
 .text.USBD_CDC_ReceivePacket
                0x0000000008003adc       0x26 Middlewares/ST/STM32_USB_Device_Library/Class/CDC/Src/usbd_cdc.o
                0x0000000008003adc                USBD_CDC_ReceivePacket
 .text.USBD_Init
                0x0000000008003b02       0x2a Middlewares/ST/STM32_USB_Device_Library/Core/Src/usbd_core.o
                0x0000000008003b02                USBD_Init
 .text.USBD_RegisterClass
                0x0000000008003b2c        0xe Middlewares/ST/STM32_USB_Device_Library/Core/Src/usbd_core.o
                0x0000000008003b2c                USBD_RegisterClass
 .text.USBD_Start
                0x0000000008003b3a        0xa Middlewares/ST/STM32_USB_Device_Library/Core/Src/usbd_core.o
                0x0000000008003b3a                USBD_Start
 .text.USBD_SetClassConfig
                0x0000000008003b44       0x16 Middlewares/ST/STM32_USB_Device_Library/Core/Src/usbd_core.o
                0x0000000008003b44                USBD_SetClassConfig
 .text.USBD_ClrClassConfig
                0x0000000008003b5a        0xe Middlewares/ST/STM32_USB_Device_Library/Core/Src/usbd_core.o
                0x0000000008003b5a                USBD_ClrClassConfig
 .text.USBD_LL_SetupStage
                0x0000000008003b68       0x5a Middlewares/ST/STM32_USB_Device_Library/Core/Src/usbd_core.o
                0x0000000008003b68                USBD_LL_SetupStage
 .text.USBD_LL_DataOutStage
                0x0000000008003bc2       0x74 Middlewares/ST/STM32_USB_Device_Library/Core/Src/usbd_core.o
                0x0000000008003bc2                USBD_LL_DataOutStage
 .text.USBD_LL_DataInStage
                0x0000000008003c36       0xb6 Middlewares/ST/STM32_USB_Device_Library/Core/Src/usbd_core.o
                0x0000000008003c36                USBD_LL_DataInStage
 .text.USBD_LL_Reset
                0x0000000008003cec       0x4e Middlewares/ST/STM32_USB_Device_Library/Core/Src/usbd_core.o
                0x0000000008003cec                USBD_LL_Reset
 .text.USBD_LL_SetSpeed
                0x0000000008003d3a        0x6 Middlewares/ST/STM32_USB_Device_Library/Core/Src/usbd_core.o
                0x0000000008003d3a                USBD_LL_SetSpeed
 .text.USBD_LL_Suspend
                0x0000000008003d40       0x12 Middlewares/ST/STM32_USB_Device_Library/Core/Src/usbd_core.o
                0x0000000008003d40                USBD_LL_Suspend
 .text.USBD_LL_Resume
                0x0000000008003d52       0x14 Middlewares/ST/STM32_USB_Device_Library/Core/Src/usbd_core.o
                0x0000000008003d52                USBD_LL_Resume
 .text.USBD_LL_SOF
                0x0000000008003d66       0x18 Middlewares/ST/STM32_USB_Device_Library/Core/Src/usbd_core.o
                0x0000000008003d66                USBD_LL_SOF
 .text.USBD_CtlError.constprop.1
                0x0000000008003d7e       0x16 Middlewares/ST/STM32_USB_Device_Library/Core/Src/usbd_ctlreq.o
 .text.USBD_StdDevReq
                0x0000000008003d94      0x248 Middlewares/ST/STM32_USB_Device_Library/Core/Src/usbd_ctlreq.o
                0x0000000008003d94                USBD_StdDevReq
 .text.USBD_StdItfReq
                0x0000000008003fdc       0x4a Middlewares/ST/STM32_USB_Device_Library/Core/Src/usbd_ctlreq.o
                0x0000000008003fdc                USBD_StdItfReq
 .text.USBD_StdEPReq
                0x0000000008004026      0x112 Middlewares/ST/STM32_USB_Device_Library/Core/Src/usbd_ctlreq.o
                0x0000000008004026                USBD_StdEPReq
 .text.USBD_ParseSetupRequest
                0x0000000008004138       0x28 Middlewares/ST/STM32_USB_Device_Library/Core/Src/usbd_ctlreq.o
                0x0000000008004138                USBD_ParseSetupRequest
 .text.USBD_CtlError
                0x0000000008004160       0x16 Middlewares/ST/STM32_USB_Device_Library/Core/Src/usbd_ctlreq.o
                0x0000000008004160                USBD_CtlError
 .text.USBD_GetString
                0x0000000008004176       0x38 Middlewares/ST/STM32_USB_Device_Library/Core/Src/usbd_ctlreq.o
                0x0000000008004176                USBD_GetString
 .text.USBD_CtlSendData
                0x00000000080041ae       0x1a Middlewares/ST/STM32_USB_Device_Library/Core/Src/usbd_ioreq.o
                0x00000000080041ae                USBD_CtlSendData
 .text.USBD_CtlContinueSendData
                0x00000000080041c8       0x10 Middlewares/ST/STM32_USB_Device_Library/Core/Src/usbd_ioreq.o
                0x00000000080041c8                USBD_CtlContinueSendData
 .text.USBD_CtlPrepareRx
                0x00000000080041d8       0x1e Middlewares/ST/STM32_USB_Device_Library/Core/Src/usbd_ioreq.o
                0x00000000080041d8                USBD_CtlPrepareRx
 .text.USBD_CtlContinueRx
                0x00000000080041f6       0x10 Middlewares/ST/STM32_USB_Device_Library/Core/Src/usbd_ioreq.o
                0x00000000080041f6                USBD_CtlContinueRx
 .text.USBD_CtlSendStatus
                0x0000000008004206       0x16 Middlewares/ST/STM32_USB_Device_Library/Core/Src/usbd_ioreq.o
                0x0000000008004206                USBD_CtlSendStatus
 .text.USBD_CtlReceiveStatus
                0x000000000800421c       0x16 Middlewares/ST/STM32_USB_Device_Library/Core/Src/usbd_ioreq.o
                0x000000000800421c                USBD_CtlReceiveStatus
 *fill*         0x0000000008004232        0x2 
 .text.MX_USB_DEVICE_Init
                0x0000000008004234       0x50 USB_DEVICE/App/usb_device.o
                0x0000000008004234                MX_USB_DEVICE_Init
 .text.CDC_DeInit_FS
                0x0000000008004284        0x4 USB_DEVICE/App/usbd_cdc_if.o
 .text.CDC_Control_FS
                0x0000000008004288        0x4 USB_DEVICE/App/usbd_cdc_if.o
 .text.CDC_Receive_FS
                0x000000000800428c       0xc0 USB_DEVICE/App/usbd_cdc_if.o
 .text.CDC_Init_FS
                0x000000000800434c       0x28 USB_DEVICE/App/usbd_cdc_if.o
 .text.CDC_Transmit_FS
                0x0000000008004374       0x2c USB_DEVICE/App/usbd_cdc_if.o
                0x0000000008004374                CDC_Transmit_FS
 .text.USBD_FS_DeviceDescriptor
                0x00000000080043a0        0xc USB_DEVICE/App/usbd_desc.o
                0x00000000080043a0                USBD_FS_DeviceDescriptor
 .text.USBD_FS_LangIDStrDescriptor
                0x00000000080043ac        0xc USB_DEVICE/App/usbd_desc.o
                0x00000000080043ac                USBD_FS_LangIDStrDescriptor
 .text.IntToUnicode
                0x00000000080043b8       0x2a USB_DEVICE/App/usbd_desc.o
 *fill*         0x00000000080043e2        0x2 
 .text.USBD_FS_SerialStrDescriptor
                0x00000000080043e4       0x40 USB_DEVICE/App/usbd_desc.o
                0x00000000080043e4                USBD_FS_SerialStrDescriptor
 .text.USBD_FS_ManufacturerStrDescriptor
                0x0000000008004424       0x1c USB_DEVICE/App/usbd_desc.o
                0x0000000008004424                USBD_FS_ManufacturerStrDescriptor
 .text.USBD_FS_ProductStrDescriptor
                0x0000000008004440       0x1c USB_DEVICE/App/usbd_desc.o
                0x0000000008004440                USBD_FS_ProductStrDescriptor
 .text.USBD_FS_ConfigStrDescriptor
                0x000000000800445c       0x1c USB_DEVICE/App/usbd_desc.o
                0x000000000800445c                USBD_FS_ConfigStrDescriptor
 .text.USBD_FS_InterfaceStrDescriptor
                0x0000000008004478       0x1c USB_DEVICE/App/usbd_desc.o
                0x0000000008004478                USBD_FS_InterfaceStrDescriptor
 .text.HAL_PCD_MspInit
                0x0000000008004494       0x40 USB_DEVICE/Target/usbd_conf.o
                0x0000000008004494                HAL_PCD_MspInit
 .text.HAL_PCD_SetupStageCallback
                0x00000000080044d4        0xc USB_DEVICE/Target/usbd_conf.o
                0x00000000080044d4                HAL_PCD_SetupStageCallback
 .text.HAL_PCD_DataOutStageCallback
                0x00000000080044e0       0x12 USB_DEVICE/Target/usbd_conf.o
                0x00000000080044e0                HAL_PCD_DataOutStageCallback
 .text.HAL_PCD_DataInStageCallback
                0x00000000080044f2       0x10 USB_DEVICE/Target/usbd_conf.o
                0x00000000080044f2                HAL_PCD_DataInStageCallback
 .text.HAL_PCD_SOFCallback
                0x0000000008004502        0x8 USB_DEVICE/Target/usbd_conf.o
                0x0000000008004502                HAL_PCD_SOFCallback
 .text.HAL_PCD_ResetCallback
                0x000000000800450a       0x24 USB_DEVICE/Target/usbd_conf.o
                0x000000000800450a                HAL_PCD_ResetCallback
 *fill*         0x000000000800452e        0x2 
 .text.HAL_PCD_SuspendCallback
                0x0000000008004530       0x20 USB_DEVICE/Target/usbd_conf.o
                0x0000000008004530                HAL_PCD_SuspendCallback
 .text.HAL_PCD_ResumeCallback
                0x0000000008004550        0x8 USB_DEVICE/Target/usbd_conf.o
                0x0000000008004550                HAL_PCD_ResumeCallback
 .text.USBD_LL_Init
                0x0000000008004558       0x84 USB_DEVICE/Target/usbd_conf.o
                0x0000000008004558                USBD_LL_Init
 .text.USBD_LL_Start
                0x00000000080045dc       0x1c USB_DEVICE/Target/usbd_conf.o
                0x00000000080045dc                USBD_LL_Start
 .text.USBD_LL_OpenEP
                0x00000000080045f8       0x20 USB_DEVICE/Target/usbd_conf.o
                0x00000000080045f8                USBD_LL_OpenEP
 .text.USBD_LL_CloseEP
                0x0000000008004618       0x1c USB_DEVICE/Target/usbd_conf.o
                0x0000000008004618                USBD_LL_CloseEP
 .text.USBD_LL_StallEP
                0x0000000008004634       0x1c USB_DEVICE/Target/usbd_conf.o
                0x0000000008004634                USBD_LL_StallEP
 .text.USBD_LL_ClearStallEP
                0x0000000008004650       0x1c USB_DEVICE/Target/usbd_conf.o
                0x0000000008004650                USBD_LL_ClearStallEP
 .text.USBD_LL_IsStallEP
                0x000000000800466c       0x24 USB_DEVICE/Target/usbd_conf.o
                0x000000000800466c                USBD_LL_IsStallEP
 .text.USBD_LL_SetUSBAddress
                0x0000000008004690       0x1c USB_DEVICE/Target/usbd_conf.o
                0x0000000008004690                USBD_LL_SetUSBAddress
 .text.USBD_LL_Transmit
                0x00000000080046ac       0x1c USB_DEVICE/Target/usbd_conf.o
                0x00000000080046ac                USBD_LL_Transmit
 .text.USBD_LL_PrepareReceive
                0x00000000080046c8       0x1c USB_DEVICE/Target/usbd_conf.o
                0x00000000080046c8                USBD_LL_PrepareReceive
 .text.USBD_LL_GetRxDataSize
                0x00000000080046e4        0x8 USB_DEVICE/Target/usbd_conf.o
                0x00000000080046e4                USBD_LL_GetRxDataSize
 .text.USBD_static_malloc
                0x00000000080046ec        0x8 USB_DEVICE/Target/usbd_conf.o
                0x00000000080046ec                USBD_static_malloc
 .text.USBD_static_free
                0x00000000080046f4        0x2 USB_DEVICE/Target/usbd_conf.o
                0x00000000080046f4                USBD_static_free
 .text.HAL_PCDEx_SetConnectionState
                0x00000000080046f6        0x2 USB_DEVICE/Target/usbd_conf.o
                0x00000000080046f6                HAL_PCDEx_SetConnectionState
 .text.t1_wd    0x00000000080046f8       0x34 __App/Src/app.o
                0x00000000080046f8                t1_wd
 .text.t2_trig_check
                0x000000000800472c       0x64 __App/Src/app.o
                0x000000000800472c                t2_trig_check
 .text.t3_trig_post_count
                0x0000000008004790       0x78 __App/Src/app.o
                0x0000000008004790                t3_trig_post_count
 .text.t4_comm_and_init
                0x0000000008004808       0xe0 __App/Src/app.o
                0x0000000008004808                t4_comm_and_init
 .text.app_main
                0x00000000080048e8      0x15c __App/Src/app.o
                0x00000000080048e8                app_main
 .text.NVIC_EncodePriority.constprop.2
                0x0000000008004a44       0x2e __App/Src/cntr.o
 *fill*         0x0000000008004a72        0x2 
 .text.cntr_init
                0x0000000008004a74       0x9c __App/Src/cntr.o
                0x0000000008004a74                cntr_init
 .text.cntr_enable
                0x0000000008004b10       0x7c __App/Src/cntr.o
                0x0000000008004b10                cntr_enable
 .text.cntr_read
                0x0000000008004b8c       0xa4 __App/Src/cntr.o
                0x0000000008004b8c                cntr_read
 .text.SCPI_Flush
                0x0000000008004c30        0x4 __App/Src/comm.o
                0x0000000008004c30                SCPI_Flush
 .text.SCPI_CoreIdnQ
                0x0000000008004c34       0x5c __App/Src/comm.o
                0x0000000008004c34                SCPI_CoreIdnQ
 .text.uart_put_text
                0x0000000008004c90       0x28 __App/Src/comm.o
                0x0000000008004c90                uart_put_text
 .text.comm_init
                0x0000000008004cb8       0xdc __App/Src/comm.o
                0x0000000008004cb8                comm_init
 .text.comm_main
                0x0000000008004d94       0x60 __App/Src/comm.o
                0x0000000008004d94                comm_main
 .text.comm_respond
                0x0000000008004df4       0x50 __App/Src/comm.o
                0x0000000008004df4                comm_respond
 .text.SCPI_Write
                0x0000000008004e44        0x8 __App/Src/comm.o
                0x0000000008004e44                SCPI_Write
 .text.SCPI_Error
                0x0000000008004e4c       0x30 __App/Src/comm.o
                0x0000000008004e4c                SCPI_Error
 .text.SCPI_Control
                0x0000000008004e7c       0x3c __App/Src/comm.o
                0x0000000008004e7c                SCPI_Control
 .text.SCPI_Reset
                0x0000000008004eb8       0x18 __App/Src/comm.o
                0x0000000008004eb8                SCPI_Reset
 .text.daq_malloc.constprop.4
                0x0000000008004ed0       0xe0 __App/Src/daq.o
 .text.NVIC_EncodePriority.constprop.6
                0x0000000008004fb0       0x2c __App/Src/daq.o
 .text.daq_settings_save
                0x0000000008004fdc       0x38 __App/Src/daq.o
                0x0000000008004fdc                daq_settings_save
 .text.daq_settings_init
                0x0000000008005014       0x9c __App/Src/daq.o
                0x0000000008005014                daq_settings_init
 .text.daq_init
                0x00000000080050b0      0x124 __App/Src/daq.o
                0x00000000080050b0                daq_init
 .text.daq_reset
                0x00000000080051d4       0x6a __App/Src/daq.o
                0x00000000080051d4                daq_reset
 *fill*         0x000000000800523e        0x2 
 .text.daq_enable
                0x0000000008005240      0x124 __App/Src/daq.o
                0x0000000008005240                daq_enable
 .text.daq_mem_set
                0x0000000008005364      0x13c __App/Src/daq.o
                0x0000000008005364                daq_mem_set
 .text.daq_bit_set
                0x00000000080054a0       0x8c __App/Src/daq.o
                0x00000000080054a0                daq_bit_set
 .text.daq_fs_set
                0x000000000800552c       0xf0 __App/Src/daq.o
                0x000000000800552c                daq_fs_set
 *fill*         0x000000000800561c        0x4 
 .text.daq_ch_set
                0x0000000008005620      0x198 __App/Src/daq.o
                0x0000000008005620                daq_ch_set
 .text.daq_mode_set
                0x00000000080057b8      0x1e0 __App/Src/daq.o
                0x00000000080057b8                daq_mode_set
 .text.__NVIC_DisableIRQ
                0x0000000008005998       0x28 __App/Src/daq_trig.o
 .text.daq_trig_init
                0x00000000080059c0       0x98 __App/Src/daq_trig.o
                0x00000000080059c0                daq_trig_init
 .text.daq_trig_check
                0x0000000008005a58      0x150 __App/Src/daq_trig.o
                0x0000000008005a58                daq_trig_check
 .text.daq_trig_poststart
                0x0000000008005ba8       0x80 __App/Src/daq_trig.o
                0x0000000008005ba8                daq_trig_poststart
 .text.daq_trig_trigger_scope
                0x0000000008005c28      0x10c __App/Src/daq_trig.o
                0x0000000008005c28                daq_trig_trigger_scope
 .text.daq_trig_trigger_la
                0x0000000008005d34       0x84 __App/Src/daq_trig.o
                0x0000000008005d34                daq_trig_trigger_la
 .text.daq_trig_postcount
                0x0000000008005db8      0x1ac __App/Src/daq_trig.o
                0x0000000008005db8                daq_trig_postcount
 .text.daq_trig_set
                0x0000000008005f64      0x4c4 __App/Src/daq_trig.o
                0x0000000008005f64                daq_trig_set
 .text.daq_trig_update
                0x0000000008006428       0x2c __App/Src/daq_trig.o
                0x0000000008006428                daq_trig_update
 .text.SysTick_Handler
                0x0000000008006454       0x16 __App/Src/irq.o
                0x0000000008006454                SysTick_Handler
 .text.SVC_Handler
                0x000000000800646a        0x4 __App/Src/irq.o
                0x000000000800646a                SVC_Handler
 .text.PendSV_Handler
                0x000000000800646e        0x4 __App/Src/irq.o
                0x000000000800646e                PendSV_Handler
 *fill*         0x0000000008006472        0x2 
 .text.USART1_IRQHandler
                0x0000000008006474       0x8c __App/Src/irq.o
                0x0000000008006474                USART1_IRQHandler
 .text.ADC1_2_IRQHandler
                0x0000000008006500       0x20 __App/Src/irq.o
                0x0000000008006500                ADC1_2_IRQHandler
 .text.TIM1_UP_IRQHandler
                0x0000000008006520       0x24 __App/Src/irq.o
                0x0000000008006520                TIM1_UP_IRQHandler
 .text.TIM1_CC_IRQHandler
                0x0000000008006544       0x34 __App/Src/irq.o
                0x0000000008006544                TIM1_CC_IRQHandler
 .text.EXTI1_IRQHandler
                0x0000000008006578       0x20 __App/Src/irq.o
                0x0000000008006578                EXTI1_IRQHandler
 .text.EXTI2_IRQHandler
                0x0000000008006598       0x20 __App/Src/irq.o
                0x0000000008006598                EXTI2_IRQHandler
 .text.EXTI3_IRQHandler
                0x00000000080065b8       0x20 __App/Src/irq.o
                0x00000000080065b8                EXTI3_IRQHandler
 .text.EXTI4_IRQHandler
                0x00000000080065d8       0x20 __App/Src/irq.o
                0x00000000080065d8                EXTI4_IRQHandler
 .text.EXTI0_IRQHandler
                0x00000000080065f8       0x14 __App/Src/irq.o
                0x00000000080065f8                EXTI0_IRQHandler
 .text.led_init
                0x000000000800660c        0xc __App/Src/led.o
                0x000000000800660c                led_init
 .text.led_set  0x0000000008006618       0x20 __App/Src/led.o
                0x0000000008006618                led_set
 .text.led_toggle
                0x0000000008006638       0x28 __App/Src/led.o
                0x0000000008006638                led_toggle
 .text.led_blink_set
                0x0000000008006660       0x18 __App/Src/led.o
                0x0000000008006660                led_blink_set
 .text.led_blink_do
                0x0000000008006678       0x38 __App/Src/led.o
                0x0000000008006678                led_blink_do
 .text.LL_ADC_REG_SetSequencerRanks
                0x00000000080066b0       0x34 __App/Src/periph.o
 .text.LL_ADC_SetChannelSamplingTime
                0x00000000080066e4       0x4e __App/Src/periph.o
 *fill*         0x0000000008006732        0x2 
 .text.dma_set  0x0000000008006734       0x4c __App/Src/periph.o
                0x0000000008006734                dma_set
 .text.adc_init_calib
                0x0000000008006780       0x42 __App/Src/periph.o
                0x0000000008006780                adc_init_calib
 *fill*         0x00000000080067c2        0x2 
 .text.adc_init
                0x00000000080067c4        0xc __App/Src/periph.o
                0x00000000080067c4                adc_init
 .text.adc_get_next_rank
                0x00000000080067d0       0x2c __App/Src/periph.o
                0x00000000080067d0                adc_get_next_rank
 .text.adc_set_ch
                0x00000000080067fc      0x130 __App/Src/periph.o
                0x00000000080067fc                adc_set_ch
 .text.adc_set_res
                0x000000000800692c        0x2 __App/Src/periph.o
                0x000000000800692c                adc_set_res
 *fill*         0x000000000800692e        0x2 
 .text.PS_Reset
                0x0000000008006930       0x38 __App/Src/proto.o
                0x0000000008006930                PS_Reset
 .text.PS_System_Mode
                0x0000000008006968       0x74 __App/Src/proto.o
                0x0000000008006968                PS_System_Mode
 .text.PS_System_ModeQ
                0x00000000080069dc       0x30 __App/Src/proto.o
                0x00000000080069dc                PS_System_ModeQ
 .text.PS_System_LimitsQ
                0x0000000008006a0c       0x58 __App/Src/proto.o
                0x0000000008006a0c                PS_System_LimitsQ
 .text.PS_VM_ReadQ
                0x0000000008006a64      0x1b0 __App/Src/proto.o
                0x0000000008006a64                PS_VM_ReadQ
 .text.PS_SCOPE_ReadQ
                0x0000000008006c14      0x1e0 __App/Src/proto.o
                0x0000000008006c14                PS_SCOPE_ReadQ
 .text.PS_SCOPE_Set
                0x0000000008006df4      0x254 __App/Src/proto.o
                0x0000000008006df4                PS_SCOPE_Set
 .text.PS_SCOPE_SetQ
                0x0000000008007048      0x170 __App/Src/proto.o
                0x0000000008007048                PS_SCOPE_SetQ
 .text.PS_LA_ReadQ
                0x00000000080071b8       0xb0 __App/Src/proto.o
                0x00000000080071b8                PS_LA_ReadQ
 .text.PS_LA_Set
                0x0000000008007268      0x1b4 __App/Src/proto.o
                0x0000000008007268                PS_LA_Set
 .text.PS_LA_SetQ
                0x000000000800741c       0xb0 __App/Src/proto.o
                0x000000000800741c                PS_LA_SetQ
 *fill*         0x00000000080074cc        0x4 
 .text.PS_CNTR_ReadQ
                0x00000000080074d0      0x114 __App/Src/proto.o
                0x00000000080074d0                PS_CNTR_ReadQ
 .text.PS_SGEN_Set
                0x00000000080075e4       0x14 __App/Src/proto.o
                0x00000000080075e4                PS_SGEN_Set
 .text.PS_PWM_SetQ
                0x00000000080075f8       0x74 __App/Src/proto.o
                0x00000000080075f8                PS_PWM_SetQ
 .text.PS_PWM_Set
                0x000000000800766c       0x90 __App/Src/proto.o
                0x000000000800766c                PS_PWM_Set
 .text.pwm_init
                0x00000000080076fc       0x1c __App/Src/pwm.o
                0x00000000080076fc                pwm_init
 .text.pwm_set  0x0000000008007718      0x164 __App/Src/pwm.o
                0x0000000008007718                pwm_set
 .text.assert2  0x000000000800787c        0x2 __App/Src/utility.o
                0x000000000800787c                assert2
 .text.get_avg_from_circ
                0x000000000800787e      0x10a __App/Src/utility.o
                0x000000000800787e                get_avg_from_circ
 .text.get_1ch_from_circ
                0x0000000008007988       0xc0 __App/Src/utility.o
                0x0000000008007988                get_1ch_from_circ
 .text.get_last_circ_idx
                0x0000000008007a48        0xa __App/Src/utility.o
                0x0000000008007a48                get_last_circ_idx
 .text.get_freq
                0x0000000008007a52       0x8e __App/Src/utility.o
                0x0000000008007a52                get_freq
 .text.sprint_fast
                0x0000000008007ae0      0x134 __App/Src/utility.o
                0x0000000008007ae0                sprint_fast
 .text.SCPI_ErrorEmit
                0x0000000008007c14       0x22 __App/Src/scpi/error.o
 .text.SCPI_ErrorInit
                0x0000000008007c36        0x6 __App/Src/scpi/error.o
                0x0000000008007c36                SCPI_ErrorInit
 .text.SCPI_ErrorCount
                0x0000000008007c3c       0x1a __App/Src/scpi/error.o
                0x0000000008007c3c                SCPI_ErrorCount
 .text.SCPI_ErrorEmitEmpty
                0x0000000008007c56       0x36 __App/Src/scpi/error.o
 .text.SCPI_ErrorClear
                0x0000000008007c8c       0x14 __App/Src/scpi/error.o
                0x0000000008007c8c                SCPI_ErrorClear
 .text.SCPI_ErrorPop
                0x0000000008007ca0       0x24 __App/Src/scpi/error.o
                0x0000000008007ca0                SCPI_ErrorPop
 .text.SCPI_ErrorPushEx
                0x0000000008007cc4       0xa4 __App/Src/scpi/error.o
                0x0000000008007cc4                SCPI_ErrorPushEx
 .text.SCPI_ErrorPush
                0x0000000008007d68        0x8 __App/Src/scpi/error.o
                0x0000000008007d68                SCPI_ErrorPush
 .text.SCPI_ErrorTranslate
                0x0000000008007d70      0x118 __App/Src/scpi/error.o
                0x0000000008007d70                SCPI_ErrorTranslate
 .text.fifo_init
                0x0000000008007e88        0xc __App/Src/scpi/fifo.o
                0x0000000008007e88                fifo_init
 .text.fifo_clear
                0x0000000008007e94        0x8 __App/Src/scpi/fifo.o
                0x0000000008007e94                fifo_clear
 .text.fifo_add
                0x0000000008007e9c       0x38 __App/Src/scpi/fifo.o
                0x0000000008007e9c                fifo_add
 .text.fifo_remove
                0x0000000008007ed4       0x32 __App/Src/scpi/fifo.o
                0x0000000008007ed4                fifo_remove
 .text.fifo_remove_last
                0x0000000008007f06       0x34 __App/Src/scpi/fifo.o
                0x0000000008007f06                fifo_remove_last
 .text.fifo_count
                0x0000000008007f3a        0xa __App/Src/scpi/fifo.o
                0x0000000008007f3a                fifo_count
 .text.SCPI_RegGet
                0x0000000008007f44       0x12 __App/Src/scpi/ieee488.o
                0x0000000008007f44                SCPI_RegGet
 .text.SCPI_RegClearBits
                0x0000000008007f56       0x1c __App/Src/scpi/ieee488.o
                0x0000000008007f56                SCPI_RegClearBits
 .text.regUpdateSTB
                0x0000000008007f72       0x2a __App/Src/scpi/ieee488.o
 .text.SCPI_RegSet
                0x0000000008007f9c       0xbe __App/Src/scpi/ieee488.o
                0x0000000008007f9c                SCPI_RegSet
 .text.regUpdate
                0x000000000800805a       0x18 __App/Src/scpi/ieee488.o
 .text.SCPI_RegSetBits
                0x0000000008008072       0x1a __App/Src/scpi/ieee488.o
                0x0000000008008072                SCPI_RegSetBits
 .text.SCPI_EventClear
                0x000000000800808c        0x8 __App/Src/scpi/ieee488.o
                0x000000000800808c                SCPI_EventClear
 .text.SCPI_CoreCls
                0x0000000008008094       0x26 __App/Src/scpi/ieee488.o
                0x0000000008008094                SCPI_CoreCls
 .text.SCPI_CoreEse
                0x00000000080080ba       0x26 __App/Src/scpi/ieee488.o
                0x00000000080080ba                SCPI_CoreEse
 .text.SCPI_CoreEseQ
                0x00000000080080e0       0x14 __App/Src/scpi/ieee488.o
                0x00000000080080e0                SCPI_CoreEseQ
 .text.SCPI_CoreEsrQ
                0x00000000080080f4       0x22 __App/Src/scpi/ieee488.o
                0x00000000080080f4                SCPI_CoreEsrQ
 .text.SCPI_CoreOpc
                0x0000000008008116        0xe __App/Src/scpi/ieee488.o
                0x0000000008008116                SCPI_CoreOpc
 .text.SCPI_CoreOpcQ
                0x0000000008008124        0xc __App/Src/scpi/ieee488.o
                0x0000000008008124                SCPI_CoreOpcQ
 .text.SCPI_CoreSre
                0x0000000008008130       0x26 __App/Src/scpi/ieee488.o
                0x0000000008008130                SCPI_CoreSre
 .text.SCPI_CoreSreQ
                0x0000000008008156       0x14 __App/Src/scpi/ieee488.o
                0x0000000008008156                SCPI_CoreSreQ
 .text.SCPI_CoreStbQ
                0x000000000800816a       0x14 __App/Src/scpi/ieee488.o
                0x000000000800816a                SCPI_CoreStbQ
 .text.SCPI_CoreWai
                0x000000000800817e        0x4 __App/Src/scpi/ieee488.o
                0x000000000800817e                SCPI_CoreWai
 .text.iseos    0x0000000008008182       0x12 __App/Src/scpi/lexer.o
 .text.skipWs   0x0000000008008194       0x26 __App/Src/scpi/lexer.o
 .text.skipQuoteProgramData
                0x00000000080081ba       0x34 __App/Src/scpi/lexer.o
 .text.skipProgramMnemonic
                0x00000000080081ee       0x52 __App/Src/scpi/lexer.o
 .text.skipNumbers
                0x0000000008008240       0x2a __App/Src/scpi/lexer.o
 .text.skipAlpha
                0x000000000800826a       0x2a __App/Src/scpi/lexer.o
 .text.skipPlusmn
                0x0000000008008294       0x22 __App/Src/scpi/lexer.o
 .text.skipChr  0x00000000080082b6       0x1e __App/Src/scpi/lexer.o
 .text.skipDigit
                0x00000000080082d4       0x26 __App/Src/scpi/lexer.o
 .text.scpiLex_IsEos
                0x00000000080082fa        0x4 __App/Src/scpi/lexer.o
                0x00000000080082fa                scpiLex_IsEos
 .text.scpiLex_WhiteSpace
                0x00000000080082fe       0x22 __App/Src/scpi/lexer.o
                0x00000000080082fe                scpiLex_WhiteSpace
 .text.scpiLex_ProgramHeader
                0x0000000008008320       0xb0 __App/Src/scpi/lexer.o
                0x0000000008008320                scpiLex_ProgramHeader
 .text.scpiLex_CharacterProgramData
                0x00000000080083d0       0x5a __App/Src/scpi/lexer.o
                0x00000000080083d0                scpiLex_CharacterProgramData
 .text.scpiLex_DecimalNumericProgramData
                0x000000000800842a       0x7e __App/Src/scpi/lexer.o
                0x000000000800842a                scpiLex_DecimalNumericProgramData
 .text.scpiLex_SuffixProgramData
                0x00000000080084a8       0x64 __App/Src/scpi/lexer.o
                0x00000000080084a8                scpiLex_SuffixProgramData
 .text.scpiLex_NondecimalNumericData
                0x000000000800850c       0xca __App/Src/scpi/lexer.o
                0x000000000800850c                scpiLex_NondecimalNumericData
 .text.scpiLex_StringProgramData
                0x00000000080085d6       0x7e __App/Src/scpi/lexer.o
                0x00000000080085d6                scpiLex_StringProgramData
 .text.scpiLex_ArbitraryBlockProgramData
                0x0000000008008654       0xc4 __App/Src/scpi/lexer.o
                0x0000000008008654                scpiLex_ArbitraryBlockProgramData
 .text.scpiLex_ProgramExpression
                0x0000000008008718       0x78 __App/Src/scpi/lexer.o
                0x0000000008008718                scpiLex_ProgramExpression
 .text.scpiLex_Comma
                0x0000000008008790       0x22 __App/Src/scpi/lexer.o
                0x0000000008008790                scpiLex_Comma
 .text.scpiLex_Semicolon
                0x00000000080087b2       0x20 __App/Src/scpi/lexer.o
                0x00000000080087b2                scpiLex_Semicolon
 .text.scpiLex_NewLine
                0x00000000080087d2       0x38 __App/Src/scpi/lexer.o
                0x00000000080087d2                scpiLex_NewLine
 *fill*         0x000000000800880a        0x2 
 .text.SCPI_SystemVersionQ
                0x000000000800880c       0x14 __App/Src/scpi/minimal.o
                0x000000000800880c                SCPI_SystemVersionQ
 .text.SCPI_SystemErrorNextQ
                0x0000000008008820       0x18 __App/Src/scpi/minimal.o
                0x0000000008008820                SCPI_SystemErrorNextQ
 .text.SCPI_SystemErrorCountQ
                0x0000000008008838       0x14 __App/Src/scpi/minimal.o
                0x0000000008008838                SCPI_SystemErrorCountQ
 .text.writeData
                0x000000000800884c       0x12 __App/Src/scpi/parser.o
 *fill*         0x000000000800885e        0x2 
 .text.ParamSignToUInt32
                0x0000000008008860       0x68 __App/Src/scpi/parser.o
 .text.writeDelimiter
                0x00000000080088c8       0x18 __App/Src/scpi/parser.o
 .text.resultUInt32BaseSign
                0x00000000080088e0       0x5c __App/Src/scpi/parser.o
 .text.SCPI_Init
                0x000000000800893c       0xa4 __App/Src/scpi/parser.o
                0x000000000800893c                SCPI_Init
 .text.SCPI_ResultCharacters
                0x00000000080089e0       0x22 __App/Src/scpi/parser.o
                0x00000000080089e0                SCPI_ResultCharacters
 .text.SCPI_ResultInt32
                0x0000000008008a02        0x8 __App/Src/scpi/parser.o
                0x0000000008008a02                SCPI_ResultInt32
 *fill*         0x0000000008008a0a        0x2 
 .text.SCPI_ResultText
                0x0000000008008a0c       0x8c __App/Src/scpi/parser.o
                0x0000000008008a0c                SCPI_ResultText
 .text.SCPI_ResultError
                0x0000000008008a98       0xb0 __App/Src/scpi/parser.o
                0x0000000008008a98                SCPI_ResultError
 .text.SCPI_ResultArbitraryBlockHeader
                0x0000000008008b48       0x3e __App/Src/scpi/parser.o
                0x0000000008008b48                SCPI_ResultArbitraryBlockHeader
 *fill*         0x0000000008008b86        0x2 
 .text.SCPI_ResultArbitraryBlockData
                0x0000000008008b88       0x34 __App/Src/scpi/parser.o
                0x0000000008008b88                SCPI_ResultArbitraryBlockData
 .text.SCPI_ResultArbitraryBlock
                0x0000000008008bbc       0x1e __App/Src/scpi/parser.o
                0x0000000008008bbc                SCPI_ResultArbitraryBlock
 .text.SCPI_ParamIsNumber
                0x0000000008008bda       0x1e __App/Src/scpi/parser.o
                0x0000000008008bda                SCPI_ParamIsNumber
 .text.scpiParser_parseProgramData
                0x0000000008008bf8       0x94 __App/Src/scpi/parser.o
                0x0000000008008bf8                scpiParser_parseProgramData
 .text.SCPI_Parameter
                0x0000000008008c8c       0xa0 __App/Src/scpi/parser.o
                0x0000000008008c8c                SCPI_Parameter
 .text.ParamSignUInt32
                0x0000000008008d2c       0x60 __App/Src/scpi/parser.o
 .text.SCPI_ParamInt32
                0x0000000008008d8c        0x6 __App/Src/scpi/parser.o
                0x0000000008008d8c                SCPI_ParamInt32
 .text.SCPI_ParamUInt32
                0x0000000008008d92        0x6 __App/Src/scpi/parser.o
                0x0000000008008d92                SCPI_ParamUInt32
 .text.SCPI_ParamCharacters
                0x0000000008008d98       0x48 __App/Src/scpi/parser.o
                0x0000000008008d98                SCPI_ParamCharacters
 .text.scpiParser_parseAllProgramData
                0x0000000008008de0       0x66 __App/Src/scpi/parser.o
                0x0000000008008de0                scpiParser_parseAllProgramData
 .text.scpiParser_detectProgramMessageUnit
                0x0000000008008e46       0xb0 __App/Src/scpi/parser.o
                0x0000000008008e46                scpiParser_detectProgramMessageUnit
 *fill*         0x0000000008008ef6        0x2 
 .text.SCPI_Parse
                0x0000000008008ef8      0x18c __App/Src/scpi/parser.o
                0x0000000008008ef8                SCPI_Parse
 .text.SCPI_Input
                0x0000000008009084       0x9e __App/Src/scpi/parser.o
                0x0000000008009084                SCPI_Input
 .text.patternSeparatorShortPos
                0x0000000008009122       0x34 __App/Src/scpi/utils.o
 .text.strnpbrk
                0x0000000008009156       0x28 __App/Src/scpi/utils.o
                0x0000000008009156                strnpbrk
 *fill*         0x000000000800917e        0x2 
 .text.UInt32ToStrBaseSign
                0x0000000008009180       0xc8 __App/Src/scpi/utils.o
                0x0000000008009180                UInt32ToStrBaseSign
 .text.SCPI_UInt32ToStrBase
                0x0000000008009248        0xe __App/Src/scpi/utils.o
                0x0000000008009248                SCPI_UInt32ToStrBase
 .text.strBaseToInt32
                0x0000000008009256       0x16 __App/Src/scpi/utils.o
                0x0000000008009256                strBaseToInt32
 .text.strBaseToUInt32
                0x000000000800926c       0x16 __App/Src/scpi/utils.o
                0x000000000800926c                strBaseToUInt32
 .text.compareStr
                0x0000000008009282       0x1c __App/Src/scpi/utils.o
                0x0000000008009282                compareStr
 .text.compareStrAndNum
                0x000000000800929e       0x6c __App/Src/scpi/utils.o
                0x000000000800929e                compareStrAndNum
 .text.matchPattern
                0x000000000800930a       0x7c __App/Src/scpi/utils.o
                0x000000000800930a                matchPattern
 *fill*         0x0000000008009386        0x2 
 .text.matchCommand
                0x0000000008009388      0x208 __App/Src/scpi/utils.o
                0x0000000008009388                matchCommand
 .text.composeCompoundCommand
                0x0000000008009590       0x54 __App/Src/scpi/utils.o
                0x0000000008009590                composeCompoundCommand
 .text.vListInitialise
                0x00000000080095e4       0x16 __OS/list.o
                0x00000000080095e4                vListInitialise
 .text.vListInitialiseItem
                0x00000000080095fa        0x6 __OS/list.o
                0x00000000080095fa                vListInitialiseItem
 .text.vListInsertEnd
                0x0000000008009600       0x18 __OS/list.o
                0x0000000008009600                vListInsertEnd
 .text.vListInsert
                0x0000000008009618       0x2e __OS/list.o
                0x0000000008009618                vListInsert
 .text.uxListRemove
                0x0000000008009646       0x22 __OS/list.o
                0x0000000008009646                uxListRemove
 .text.prvTaskExitError
                0x0000000008009668       0x40 __OS/port.o
 .text.unlikely.prvPortStartFirstTask
                0x00000000080096a8       0x20 __OS/port.o
 .text.pxPortInitialiseStack
                0x00000000080096c8       0x24 __OS/port.o
                0x00000000080096c8                pxPortInitialiseStack
 *fill*         0x00000000080096ec        0x4 
 .text.vPortSVCHandler
                0x00000000080096f0       0x24 __OS/port.o
                0x00000000080096f0                vPortSVCHandler
 .text.vPortEnterCritical
                0x0000000008009714       0x44 __OS/port.o
                0x0000000008009714                vPortEnterCritical
 .text.vPortExitCritical
                0x0000000008009758       0x28 __OS/port.o
                0x0000000008009758                vPortExitCritical
 .text.xPortPendSVHandler
                0x0000000008009780       0x44 __OS/port.o
                0x0000000008009780                xPortPendSVHandler
 .text.xPortSysTickHandler
                0x00000000080097c4       0x2c __OS/port.o
                0x00000000080097c4                xPortSysTickHandler
 .text.vPortSetupTimerInterrupt
                0x00000000080097f0       0x28 __OS/port.o
                0x00000000080097f0                vPortSetupTimerInterrupt
 .text.xPortStartScheduler
                0x0000000008009818       0xb4 __OS/port.o
                0x0000000008009818                xPortStartScheduler
 .text.vPortValidateInterruptPriority
                0x00000000080098cc       0x5c __OS/port.o
                0x00000000080098cc                vPortValidateInterruptPriority
 .text.prvIsQueueEmpty
                0x0000000008009928       0x16 __OS/queue.o
 .text.prvCopyDataToQueue
                0x000000000800993e       0x66 __OS/queue.o
 .text.prvUnlockQueue
                0x00000000080099a4       0x70 __OS/queue.o
 .text.xQueueGenericReset
                0x0000000008009a14       0x80 __OS/queue.o
                0x0000000008009a14                xQueueGenericReset
 .text.xQueueGenericCreateStatic
                0x0000000008009a94       0x8c __OS/queue.o
                0x0000000008009a94                xQueueGenericCreateStatic
 .text.xQueueGenericSend
                0x0000000008009b20      0x164 __OS/queue.o
                0x0000000008009b20                xQueueGenericSend
 .text.xQueueCreateMutexStatic
                0x0000000008009c84       0x2a __OS/queue.o
                0x0000000008009c84                xQueueCreateMutexStatic
 .text.xQueueGiveFromISR
                0x0000000008009cae       0xa8 __OS/queue.o
                0x0000000008009cae                xQueueGiveFromISR
 *fill*         0x0000000008009d56        0x2 
 .text.xQueueSemaphoreTake
                0x0000000008009d58      0x184 __OS/queue.o
                0x0000000008009d58                xQueueSemaphoreTake
 .text.prvIdleTask
                0x0000000008009edc       0x24 __OS/tasks.o
 .text.unlikely.prvResetNextTaskUnblockTime
                0x0000000008009f00       0x24 __OS/tasks.o
 .text.prvAddCurrentTaskToDelayedList.isra.2
                0x0000000008009f24       0x70 __OS/tasks.o
 .text.xTaskCreateStatic
                0x0000000008009f94      0x19c __OS/tasks.o
                0x0000000008009f94                xTaskCreateStatic
 .text.vTaskStartScheduler
                0x000000000800a130       0x68 __OS/tasks.o
                0x000000000800a130                vTaskStartScheduler
 .text.vTaskSuspendAll
                0x000000000800a198       0x10 __OS/tasks.o
                0x000000000800a198                vTaskSuspendAll
 .text.xTaskIncrementTick
                0x000000000800a1a8      0x124 __OS/tasks.o
                0x000000000800a1a8                xTaskIncrementTick
 .text.xTaskResumeAll
                0x000000000800a2cc       0xec __OS/tasks.o
                0x000000000800a2cc                xTaskResumeAll
 .text.vTaskDelay
                0x000000000800a3b8       0x48 __OS/tasks.o
                0x000000000800a3b8                vTaskDelay
 .text.vTaskSwitchContext
                0x000000000800a400       0xa4 __OS/tasks.o
                0x000000000800a400                vTaskSwitchContext
 .text.vTaskPlaceOnEventList
                0x000000000800a4a4       0x30 __OS/tasks.o
                0x000000000800a4a4                vTaskPlaceOnEventList
 .text.xTaskRemoveFromEventList
                0x000000000800a4d4       0x84 __OS/tasks.o
                0x000000000800a4d4                xTaskRemoveFromEventList
 .text.vTaskInternalSetTimeOutState
                0x000000000800a558       0x18 __OS/tasks.o
                0x000000000800a558                vTaskInternalSetTimeOutState
 .text.xTaskCheckForTimeOut
                0x000000000800a570       0x70 __OS/tasks.o
                0x000000000800a570                xTaskCheckForTimeOut
 .text.vTaskMissedYield
                0x000000000800a5e0        0xc __OS/tasks.o
                0x000000000800a5e0                vTaskMissedYield
 .text.xTaskGetSchedulerState
                0x000000000800a5ec       0x20 __OS/tasks.o
                0x000000000800a5ec                xTaskGetSchedulerState
 .text.xTaskPriorityInherit
                0x000000000800a60c       0xa8 __OS/tasks.o
                0x000000000800a60c                xTaskPriorityInherit
 .text.xTaskPriorityDisinherit
                0x000000000800a6b4       0xa0 __OS/tasks.o
                0x000000000800a6b4                xTaskPriorityDisinherit
 .text.vTaskPriorityDisinheritAfterTimeout
                0x000000000800a754       0xb0 __OS/tasks.o
                0x000000000800a754                vTaskPriorityDisinheritAfterTimeout
 .text.pvTaskIncrementMutexHeldCount
                0x000000000800a804       0x18 __OS/tasks.o
                0x000000000800a804                pvTaskIncrementMutexHeldCount
 .text.__errno  0x000000000800a81c        0xc f:/programs/stm32cubeide_1.4.0/stm32cubeide/plugins/com.st.stm32cube.ide.mcu.externaltools.gnu-tools-for-stm32.7-2018-q2-update.win32_1.4.0.202007081208/tools/bin/../lib/gcc/arm-none-eabi/7.3.1/../../../../arm-none-eabi/lib/thumb/v7-m\libc_nano.a(lib_a-errno.o)
                0x000000000800a81c                __errno
 .text.__libc_init_array
                0x000000000800a828       0x48 f:/programs/stm32cubeide_1.4.0/stm32cubeide/plugins/com.st.stm32cube.ide.mcu.externaltools.gnu-tools-for-stm32.7-2018-q2-update.win32_1.4.0.202007081208/tools/bin/../lib/gcc/arm-none-eabi/7.3.1/../../../../arm-none-eabi/lib/thumb/v7-m\libc_nano.a(lib_a-init.o)
                0x000000000800a828                __libc_init_array
 .text.__locale_ctype_ptr_l
                0x000000000800a870        0x6 f:/programs/stm32cubeide_1.4.0/stm32cubeide/plugins/com.st.stm32cube.ide.mcu.externaltools.gnu-tools-for-stm32.7-2018-q2-update.win32_1.4.0.202007081208/tools/bin/../lib/gcc/arm-none-eabi/7.3.1/../../../../arm-none-eabi/lib/thumb/v7-m\libc_nano.a(lib_a-locale.o)
                0x000000000800a870                __locale_ctype_ptr_l
 *fill*         0x000000000800a876        0x2 
 .text.__locale_ctype_ptr
                0x000000000800a878       0x1c f:/programs/stm32cubeide_1.4.0/stm32cubeide/plugins/com.st.stm32cube.ide.mcu.externaltools.gnu-tools-for-stm32.7-2018-q2-update.win32_1.4.0.202007081208/tools/bin/../lib/gcc/arm-none-eabi/7.3.1/../../../../arm-none-eabi/lib/thumb/v7-m\libc_nano.a(lib_a-locale.o)
                0x000000000800a878                __locale_ctype_ptr
 .text.__ascii_mbtowc
                0x000000000800a894       0x24 f:/programs/stm32cubeide_1.4.0/stm32cubeide/plugins/com.st.stm32cube.ide.mcu.externaltools.gnu-tools-for-stm32.7-2018-q2-update.win32_1.4.0.202007081208/tools/bin/../lib/gcc/arm-none-eabi/7.3.1/../../../../arm-none-eabi/lib/thumb/v7-m\libc_nano.a(lib_a-mbtowc_r.o)
                0x000000000800a894                __ascii_mbtowc
 .text.memcpy   0x000000000800a8b8       0x16 f:/programs/stm32cubeide_1.4.0/stm32cubeide/plugins/com.st.stm32cube.ide.mcu.externaltools.gnu-tools-for-stm32.7-2018-q2-update.win32_1.4.0.202007081208/tools/bin/../lib/gcc/arm-none-eabi/7.3.1/../../../../arm-none-eabi/lib/thumb/v7-m\libc_nano.a(lib_a-memcpy-stub.o)
                0x000000000800a8b8                memcpy
 .text.memmove  0x000000000800a8ce       0x32 f:/programs/stm32cubeide_1.4.0/stm32cubeide/plugins/com.st.stm32cube.ide.mcu.externaltools.gnu-tools-for-stm32.7-2018-q2-update.win32_1.4.0.202007081208/tools/bin/../lib/gcc/arm-none-eabi/7.3.1/../../../../arm-none-eabi/lib/thumb/v7-m\libc_nano.a(lib_a-memmove.o)
                0x000000000800a8ce                memmove
 .text.memset   0x000000000800a900       0x10 f:/programs/stm32cubeide_1.4.0/stm32cubeide/plugins/com.st.stm32cube.ide.mcu.externaltools.gnu-tools-for-stm32.7-2018-q2-update.win32_1.4.0.202007081208/tools/bin/../lib/gcc/arm-none-eabi/7.3.1/../../../../arm-none-eabi/lib/thumb/v7-m\libc_nano.a(lib_a-memset.o)
                0x000000000800a900                memset
 .text.sprintf  0x000000000800a910       0x40 f:/programs/stm32cubeide_1.4.0/stm32cubeide/plugins/com.st.stm32cube.ide.mcu.externaltools.gnu-tools-for-stm32.7-2018-q2-update.win32_1.4.0.202007081208/tools/bin/../lib/gcc/arm-none-eabi/7.3.1/../../../../arm-none-eabi/lib/thumb/v7-m\libc_nano.a(lib_a-sprintf.o)
                0x000000000800a910                siprintf
                0x000000000800a910                sprintf
 .text.strncasecmp
                0x000000000800a950       0x4a f:/programs/stm32cubeide_1.4.0/stm32cubeide/plugins/com.st.stm32cube.ide.mcu.externaltools.gnu-tools-for-stm32.7-2018-q2-update.win32_1.4.0.202007081208/tools/bin/../lib/gcc/arm-none-eabi/7.3.1/../../../../arm-none-eabi/lib/thumb/v7-m\libc_nano.a(lib_a-strncasecmp.o)
                0x000000000800a950                strncasecmp
 .text.strnlen  0x000000000800a99a       0x18 f:/programs/stm32cubeide_1.4.0/stm32cubeide/plugins/com.st.stm32cube.ide.mcu.externaltools.gnu-tools-for-stm32.7-2018-q2-update.win32_1.4.0.202007081208/tools/bin/../lib/gcc/arm-none-eabi/7.3.1/../../../../arm-none-eabi/lib/thumb/v7-m\libc_nano.a(lib_a-strnlen.o)
                0x000000000800a99a                strnlen
 .text._strtol_l.isra.0
                0x000000000800a9b2       0xf6 f:/programs/stm32cubeide_1.4.0/stm32cubeide/plugins/com.st.stm32cube.ide.mcu.externaltools.gnu-tools-for-stm32.7-2018-q2-update.win32_1.4.0.202007081208/tools/bin/../lib/gcc/arm-none-eabi/7.3.1/../../../../arm-none-eabi/lib/thumb/v7-m\libc_nano.a(lib_a-strtol.o)
 .text.strtol   0x000000000800aaa8       0x2c f:/programs/stm32cubeide_1.4.0/stm32cubeide/plugins/com.st.stm32cube.ide.mcu.externaltools.gnu-tools-for-stm32.7-2018-q2-update.win32_1.4.0.202007081208/tools/bin/../lib/gcc/arm-none-eabi/7.3.1/../../../../arm-none-eabi/lib/thumb/v7-m\libc_nano.a(lib_a-strtol.o)
                0x000000000800aaa8                strtol
 .text._strtoul_l.isra.0
                0x000000000800aad4       0xf4 f:/programs/stm32cubeide_1.4.0/stm32cubeide/plugins/com.st.stm32cube.ide.mcu.externaltools.gnu-tools-for-stm32.7-2018-q2-update.win32_1.4.0.202007081208/tools/bin/../lib/gcc/arm-none-eabi/7.3.1/../../../../arm-none-eabi/lib/thumb/v7-m\libc_nano.a(lib_a-strtoul.o)
 .text.strtoul  0x000000000800abc8       0x2c f:/programs/stm32cubeide_1.4.0/stm32cubeide/plugins/com.st.stm32cube.ide.mcu.externaltools.gnu-tools-for-stm32.7-2018-q2-update.win32_1.4.0.202007081208/tools/bin/../lib/gcc/arm-none-eabi/7.3.1/../../../../arm-none-eabi/lib/thumb/v7-m\libc_nano.a(lib_a-strtoul.o)
                0x000000000800abc8                strtoul
 .text.__ascii_wctomb
                0x000000000800abf4       0x1a f:/programs/stm32cubeide_1.4.0/stm32cubeide/plugins/com.st.stm32cube.ide.mcu.externaltools.gnu-tools-for-stm32.7-2018-q2-update.win32_1.4.0.202007081208/tools/bin/../lib/gcc/arm-none-eabi/7.3.1/../../../../arm-none-eabi/lib/thumb/v7-m\libc_nano.a(lib_a-wctomb_r.o)
                0x000000000800abf4                __ascii_wctomb
 *fill*         0x000000000800ac0e        0x2 
 .text._malloc_r
                0x000000000800ac10       0xb4 f:/programs/stm32cubeide_1.4.0/stm32cubeide/plugins/com.st.stm32cube.ide.mcu.externaltools.gnu-tools-for-stm32.7-2018-q2-update.win32_1.4.0.202007081208/tools/bin/../lib/gcc/arm-none-eabi/7.3.1/../../../../arm-none-eabi/lib/thumb/v7-m\libc_nano.a(lib_a-nano-mallocr.o)
                0x000000000800ac10                _malloc_r
 .text.__ssputs_r
                0x000000000800acc4       0xb4 f:/programs/stm32cubeide_1.4.0/stm32cubeide/plugins/com.st.stm32cube.ide.mcu.externaltools.gnu-tools-for-stm32.7-2018-q2-update.win32_1.4.0.202007081208/tools/bin/../lib/gcc/arm-none-eabi/7.3.1/../../../../arm-none-eabi/lib/thumb/v7-m\libc_nano.a(lib_a-nano-svfprintf.o)
                0x000000000800acc4                __ssputs_r
 .text._svfprintf_r
                0x000000000800ad78      0x1f0 f:/programs/stm32cubeide_1.4.0/stm32cubeide/plugins/com.st.stm32cube.ide.mcu.externaltools.gnu-tools-for-stm32.7-2018-q2-update.win32_1.4.0.202007081208/tools/bin/../lib/gcc/arm-none-eabi/7.3.1/../../../../arm-none-eabi/lib/thumb/v7-m\libc_nano.a(lib_a-nano-svfprintf.o)
                0x000000000800ad78                _svfiprintf_r
                0x000000000800ad78                _svfprintf_r
 .text._printf_common
                0x000000000800af68       0xec f:/programs/stm32cubeide_1.4.0/stm32cubeide/plugins/com.st.stm32cube.ide.mcu.externaltools.gnu-tools-for-stm32.7-2018-q2-update.win32_1.4.0.202007081208/tools/bin/../lib/gcc/arm-none-eabi/7.3.1/../../../../arm-none-eabi/lib/thumb/v7-m\libc_nano.a(lib_a-nano-vfprintf_i.o)
                0x000000000800af68                _printf_common
 .text._printf_i
                0x000000000800b054      0x224 f:/programs/stm32cubeide_1.4.0/stm32cubeide/plugins/com.st.stm32cube.ide.mcu.externaltools.gnu-tools-for-stm32.7-2018-q2-update.win32_1.4.0.202007081208/tools/bin/../lib/gcc/arm-none-eabi/7.3.1/../../../../arm-none-eabi/lib/thumb/v7-m\libc_nano.a(lib_a-nano-vfprintf_i.o)
                0x000000000800b054                _printf_i
 .text._sbrk_r  0x000000000800b278       0x20 f:/programs/stm32cubeide_1.4.0/stm32cubeide/plugins/com.st.stm32cube.ide.mcu.externaltools.gnu-tools-for-stm32.7-2018-q2-update.win32_1.4.0.202007081208/tools/bin/../lib/gcc/arm-none-eabi/7.3.1/../../../../arm-none-eabi/lib/thumb/v7-m\libc_nano.a(lib_a-sbrkr.o)
                0x000000000800b278                _sbrk_r
 .text.memchr   0x000000000800b298       0x1c f:/programs/stm32cubeide_1.4.0/stm32cubeide/plugins/com.st.stm32cube.ide.mcu.externaltools.gnu-tools-for-stm32.7-2018-q2-update.win32_1.4.0.202007081208/tools/bin/../lib/gcc/arm-none-eabi/7.3.1/../../../../arm-none-eabi/lib/thumb/v7-m\libc_nano.a(lib_a-memchr-stub.o)
                0x000000000800b298                memchr
 .text.__malloc_lock
                0x000000000800b2b4        0x2 f:/programs/stm32cubeide_1.4.0/stm32cubeide/plugins/com.st.stm32cube.ide.mcu.externaltools.gnu-tools-for-stm32.7-2018-q2-update.win32_1.4.0.202007081208/tools/bin/../lib/gcc/arm-none-eabi/7.3.1/../../../../arm-none-eabi/lib/thumb/v7-m\libc_nano.a(lib_a-mlock.o)
                0x000000000800b2b4                __malloc_lock
 .text.__malloc_unlock
                0x000000000800b2b6        0x2 f:/programs/stm32cubeide_1.4.0/stm32cubeide/plugins/com.st.stm32cube.ide.mcu.externaltools.gnu-tools-for-stm32.7-2018-q2-update.win32_1.4.0.202007081208/tools/bin/../lib/gcc/arm-none-eabi/7.3.1/../../../../arm-none-eabi/lib/thumb/v7-m\libc_nano.a(lib_a-mlock.o)
                0x000000000800b2b6                __malloc_unlock
 .text._free_r  0x000000000800b2b8       0x98 f:/programs/stm32cubeide_1.4.0/stm32cubeide/plugins/com.st.stm32cube.ide.mcu.externaltools.gnu-tools-for-stm32.7-2018-q2-update.win32_1.4.0.202007081208/tools/bin/../lib/gcc/arm-none-eabi/7.3.1/../../../../arm-none-eabi/lib/thumb/v7-m\libc_nano.a(lib_a-nano-freer.o)
                0x000000000800b2b8                _free_r
 .text._realloc_r
                0x000000000800b350       0x4c f:/programs/stm32cubeide_1.4.0/stm32cubeide/plugins/com.st.stm32cube.ide.mcu.externaltools.gnu-tools-for-stm32.7-2018-q2-update.win32_1.4.0.202007081208/tools/bin/../lib/gcc/arm-none-eabi/7.3.1/../../../../arm-none-eabi/lib/thumb/v7-m\libc_nano.a(lib_a-nano-reallocr.o)
                0x000000000800b350                _realloc_r
 .text._malloc_usable_size_r
                0x000000000800b39c       0x10 f:/programs/stm32cubeide_1.4.0/stm32cubeide/plugins/com.st.stm32cube.ide.mcu.externaltools.gnu-tools-for-stm32.7-2018-q2-update.win32_1.4.0.202007081208/tools/bin/../lib/gcc/arm-none-eabi/7.3.1/../../../../arm-none-eabi/lib/thumb/v7-m\libc_nano.a(lib_a-nano-msizer.o)
                0x000000000800b39c                _malloc_usable_size_r
 .text.pow      0x000000000800b3ac      0x2b8 f:/programs/stm32cubeide_1.4.0/stm32cubeide/plugins/com.st.stm32cube.ide.mcu.externaltools.gnu-tools-for-stm32.7-2018-q2-update.win32_1.4.0.202007081208/tools/bin/../lib/gcc/arm-none-eabi/7.3.1/../../../../arm-none-eabi/lib/thumb/v7-m\libm.a(lib_a-w_pow.o)
                0x000000000800b3ac                pow
 *fill*         0x000000000800b664        0x4 
 .text.__ieee754_pow
                0x000000000800b668      0xa14 f:/programs/stm32cubeide_1.4.0/stm32cubeide/plugins/com.st.stm32cube.ide.mcu.externaltools.gnu-tools-for-stm32.7-2018-q2-update.win32_1.4.0.202007081208/tools/bin/../lib/gcc/arm-none-eabi/7.3.1/../../../../arm-none-eabi/lib/thumb/v7-m\libm.a(lib_a-e_pow.o)
                0x000000000800b668                __ieee754_pow
 .text.__ieee754_sqrt
                0x000000000800c07c      0x158 f:/programs/stm32cubeide_1.4.0/stm32cubeide/plugins/com.st.stm32cube.ide.mcu.externaltools.gnu-tools-for-stm32.7-2018-q2-update.win32_1.4.0.202007081208/tools/bin/../lib/gcc/arm-none-eabi/7.3.1/../../../../arm-none-eabi/lib/thumb/v7-m\libm.a(lib_a-e_sqrt.o)
                0x000000000800c07c                __ieee754_sqrt
 .text.fabs     0x000000000800c1d4        0x8 f:/programs/stm32cubeide_1.4.0/stm32cubeide/plugins/com.st.stm32cube.ide.mcu.externaltools.gnu-tools-for-stm32.7-2018-q2-update.win32_1.4.0.202007081208/tools/bin/../lib/gcc/arm-none-eabi/7.3.1/../../../../arm-none-eabi/lib/thumb/v7-m\libm.a(lib_a-s_fabs.o)
                0x000000000800c1d4                fabs
 .text.finite   0x000000000800c1dc        0xc f:/programs/stm32cubeide_1.4.0/stm32cubeide/plugins/com.st.stm32cube.ide.mcu.externaltools.gnu-tools-for-stm32.7-2018-q2-update.win32_1.4.0.202007081208/tools/bin/../lib/gcc/arm-none-eabi/7.3.1/../../../../arm-none-eabi/lib/thumb/v7-m\libm.a(lib_a-s_finite.o)
                0x000000000800c1dc                finite
 .text.matherr  0x000000000800c1e8        0x4 f:/programs/stm32cubeide_1.4.0/stm32cubeide/plugins/com.st.stm32cube.ide.mcu.externaltools.gnu-tools-for-stm32.7-2018-q2-update.win32_1.4.0.202007081208/tools/bin/../lib/gcc/arm-none-eabi/7.3.1/../../../../arm-none-eabi/lib/thumb/v7-m\libm.a(lib_a-s_matherr.o)
                0x000000000800c1e8                matherr
 .text.nan      0x000000000800c1ec        0xc f:/programs/stm32cubeide_1.4.0/stm32cubeide/plugins/com.st.stm32cube.ide.mcu.externaltools.gnu-tools-for-stm32.7-2018-q2-update.win32_1.4.0.202007081208/tools/bin/../lib/gcc/arm-none-eabi/7.3.1/../../../../arm-none-eabi/lib/thumb/v7-m\libm.a(lib_a-s_nan.o)
                0x000000000800c1ec                nan
 .text.rint     0x000000000800c1f8      0x114 f:/programs/stm32cubeide_1.4.0/stm32cubeide/plugins/com.st.stm32cube.ide.mcu.externaltools.gnu-tools-for-stm32.7-2018-q2-update.win32_1.4.0.202007081208/tools/bin/../lib/gcc/arm-none-eabi/7.3.1/../../../../arm-none-eabi/lib/thumb/v7-m\libm.a(lib_a-s_rint.o)
                0x000000000800c1f8                rint
 *fill*         0x000000000800c30c        0x4 
 .text.scalbn   0x000000000800c310       0xdc f:/programs/stm32cubeide_1.4.0/stm32cubeide/plugins/com.st.stm32cube.ide.mcu.externaltools.gnu-tools-for-stm32.7-2018-q2-update.win32_1.4.0.202007081208/tools/bin/../lib/gcc/arm-none-eabi/7.3.1/../../../../arm-none-eabi/lib/thumb/v7-m\libm.a(lib_a-s_scalbn.o)
                0x000000000800c310                scalbn
 .text.copysign
                0x000000000800c3ec       0x12 f:/programs/stm32cubeide_1.4.0/stm32cubeide/plugins/com.st.stm32cube.ide.mcu.externaltools.gnu-tools-for-stm32.7-2018-q2-update.win32_1.4.0.202007081208/tools/bin/../lib/gcc/arm-none-eabi/7.3.1/../../../../arm-none-eabi/lib/thumb/v7-m\libm.a(lib_a-s_copysign.o)
                0x000000000800c3ec                copysign
 *(.glue_7)
 .glue_7        0x000000000800c3fe        0x0 linker stubs
 *(.glue_7t)
 .glue_7t       0x000000000800c3fe        0x0 linker stubs
 *(.eh_frame)
 *fill*         0x000000000800c3fe        0x2 
 .eh_frame      0x000000000800c400        0x0 f:/programs/stm32cubeide_1.4.0/stm32cubeide/plugins/com.st.stm32cube.ide.mcu.externaltools.gnu-tools-for-stm32.7-2018-q2-update.win32_1.4.0.202007081208/tools/bin/../lib/gcc/arm-none-eabi/7.3.1/thumb/v7-m/crtbegin.o
 *(.init)
 .init          0x000000000800c400        0x4 f:/programs/stm32cubeide_1.4.0/stm32cubeide/plugins/com.st.stm32cube.ide.mcu.externaltools.gnu-tools-for-stm32.7-2018-q2-update.win32_1.4.0.202007081208/tools/bin/../lib/gcc/arm-none-eabi/7.3.1/thumb/v7-m/crti.o
                0x000000000800c400                _init
 .init          0x000000000800c404        0x8 f:/programs/stm32cubeide_1.4.0/stm32cubeide/plugins/com.st.stm32cube.ide.mcu.externaltools.gnu-tools-for-stm32.7-2018-q2-update.win32_1.4.0.202007081208/tools/bin/../lib/gcc/arm-none-eabi/7.3.1/thumb/v7-m/crtn.o
 *(.fini)
 .fini          0x000000000800c40c        0x4 f:/programs/stm32cubeide_1.4.0/stm32cubeide/plugins/com.st.stm32cube.ide.mcu.externaltools.gnu-tools-for-stm32.7-2018-q2-update.win32_1.4.0.202007081208/tools/bin/../lib/gcc/arm-none-eabi/7.3.1/thumb/v7-m/crti.o
                0x000000000800c40c                _fini
 .fini          0x000000000800c410        0x8 f:/programs/stm32cubeide_1.4.0/stm32cubeide/plugins/com.st.stm32cube.ide.mcu.externaltools.gnu-tools-for-stm32.7-2018-q2-update.win32_1.4.0.202007081208/tools/bin/../lib/gcc/arm-none-eabi/7.3.1/thumb/v7-m/crtn.o
                0x000000000800c418                . = ALIGN (0x4)
                0x000000000800c418                _etext = .

.vfp11_veneer   0x000000000800c418        0x0
 .vfp11_veneer  0x000000000800c418        0x0 linker stubs

.v4_bx          0x000000000800c418        0x0
 .v4_bx         0x000000000800c418        0x0 linker stubs
