ieee488.c:86:16:SCPI_RegGet	0	static
ieee488.c:199:6:SCPI_RegClearBits	8	static
ieee488.c:73:13:regUpdateSTB	16	static
ieee488.c:113:6:SCPI_RegSet	16	static
ieee488.c:51:13:regUpdate	8	static
ieee488.c:190:6:SCPI_RegSetBits	8	static
ieee488.c:207:6:SCPI_EventClear	0	static
ieee488.c:218:15:SCPI_CoreCls	8	static
ieee488.c:231:15:SCPI_CoreEse	16	static
ieee488.c:245:15:SCPI_CoreEseQ	8	static
ieee488.c:255:15:SCPI_CoreEsrQ	8	static
ieee488.c:266:15:SCPI_CoreOpc	8	static
ieee488.c:276:15:SCPI_CoreOpcQ	8	static
ieee488.c:287:15:SCPI_CoreRst	0	static
ieee488.c:299:15:SCPI_CoreSre	16	static
ieee488.c:313:15:SCPI_CoreSreQ	8	static
ieee488.c:323:15:SCPI_CoreStbQ	8	static
ieee488.c:333:15:SCPI_CoreTstQ	8	static
ieee488.c:344:15:SCPI_CoreWai	0	static
