minimal.c:51:15:SCPI_Stub	0	static
minimal.c:61:15:SCPI_StubQ	8	static
minimal.c:71:15:SCPI_SystemVersionQ	8	static
minimal.c:81:15:SCPI_SystemErrorNextQ	16	static
minimal.c:96:15:SCPI_SystemErrorCountQ	8	static
minimal.c:107:15:SCPI_StatusQuestionableConditionQ	8	static
minimal.c:119:15:SCPI_StatusQuestionableEventQ	8	static
minimal.c:134:15:SCPI_StatusQuestionableEnableQ	8	static
minimal.c:146:15:SCPI_StatusQuestionableEnable	16	static
minimal.c:159:15:SCPI_StatusOperationConditionQ	8	static
minimal.c:171:15:SCPI_StatusOperationEventQ	8	static
minimal.c:186:16:SCPI_StatusOperationEnableQ	8	static
minimal.c:198:15:SCPI_StatusOperationEnable	16	static
minimal.c:211:15:SCPI_StatusPreset	8	static
