parser.c:58:15:writeData	4	static
parser.c:775:20:ParamSignToUInt32	16	static
parser.c:809:20:ParamSignToUInt64	16	static
parser.c:84:15:writeDelimiter	0	static
parser.c:424:15:resultUInt64BaseSign	104	static
parser.c:398:15:resultUInt32BaseSign	72	static
parser.c:264:6:SCPI_Init	64	static
parser.c:368:8:SCPI_ResultCharacters	24	static
parser.c:448:8:SCPI_ResultInt32	0	static
parser.c:459:8:SCPI_ResultUInt32Base	0	static
parser.c:469:8:SCPI_ResultInt64	16	static
parser.c:479:8:SCPI_ResultUInt64Base	16	static
parser.c:489:8:SCPI_ResultFloat	48	static
parser.c:505:8:SCPI_ResultDouble	48	static
parser.c:521:8:SCPI_ResultText	32	static
parser.c:550:8:SCPI_ResultError	40	static
parser.c:615:8:SCPI_ResultArbitraryBlockHeader	32	static
parser.c:635:8:SCPI_ResultArbitraryBlockData	8	static
parser.c:658:8:SCPI_ResultArbitraryBlock	24	static
parser.c:1561:15:produceResultArrayBinary	32	static
parser.c:671:8:SCPI_ResultBool	0	static
parser.c:753:13:SCPI_ParamIsNumber	0	static
parser.c:842:13:SCPI_ParamToInt32	0	static
parser.c:853:13:SCPI_ParamToUInt32	0	static
parser.c:864:13:SCPI_ParamToInt64	0	static
parser.c:875:13:SCPI_ParamToUInt64	0	static
parser.c:886:13:SCPI_ParamToFloat	24	static
parser.c:919:13:SCPI_ParamToDouble	24	static
parser.c:1234:13:SCPI_ParamToChoice	40	static
parser.c:1269:13:SCPI_ChoiceToName	8	static
parser.c:1356:5:scpiParser_parseProgramData	40	static
parser.c:695:13:SCPI_Parameter	24	static
parser.c:952:13:SCPI_ParamFloat	32	static
parser.c:983:13:SCPI_ParamDouble	32	static
parser.c:1015:20:ParamSignUInt32	40	static
parser.c:1078:13:SCPI_ParamInt32	0	static
parser.c:1089:13:SCPI_ParamUInt32	0	static
parser.c:1047:20:ParamSignUInt64	40	static
parser.c:1100:13:SCPI_ParamInt64	0	static
parser.c:1111:13:SCPI_ParamUInt64	0	static
parser.c:1123:13:SCPI_ParamCharacters	32	static
parser.c:1160:13:SCPI_ParamArbitraryBlock	32	static
parser.c:1183:13:SCPI_ParamCopyText	40	static
parser.c:1298:13:SCPI_ParamBool	32	static
parser.c:1333:13:SCPI_ParamChoice	32	static
parser.c:1395:5:scpiParser_parseAllProgramData	40	static
parser.c:1445:5:scpiParser_detectProgramMessageUnit	40	static
parser.c:190:13:SCPI_Parse	80	static
parser.c:315:13:SCPI_Input	24	static
parser.c:1498:13:SCPI_IsCmd	24	static
parser.c:1516:9:SCPI_CmdTag	0	static
parser.c:1525:13:SCPI_Match	16	static
parser.c:1529:13:SCPI_CommandNumbers	16	static
parser.c:1539:13:SCPI_ParamIsValid	0	static
parser.c:1548:13:SCPI_ParamErrorOccurred	0	static
parser.c:1639:8:SCPI_ResultArrayInt8	32	static
parser.c:1651:8:SCPI_ResultArrayUInt8	32	static
parser.c:1663:8:SCPI_ResultArrayInt16	32	static
parser.c:1675:8:SCPI_ResultArrayUInt16	32	static
parser.c:1687:8:SCPI_ResultArrayInt32	32	static
parser.c:1699:8:SCPI_ResultArrayUInt32	32	static
parser.c:1711:8:SCPI_ResultArrayInt64	32	static
parser.c:1723:8:SCPI_ResultArrayUInt64	32	static
parser.c:1735:8:SCPI_ResultArrayFloat	32	static
parser.c:1747:8:SCPI_ResultArrayDouble	32	static
parser.c:1774:13:SCPI_ParamArrayInt32	24	static
parser.c:1787:13:SCPI_ParamArrayUInt32	24	static
parser.c:1800:13:SCPI_ParamArrayInt64	24	static
parser.c:1813:13:SCPI_ParamArrayUInt64	24	static
parser.c:1826:13:SCPI_ParamArrayFloat	24	static
parser.c:1839:13:SCPI_ParamArrayDouble	24	static
