parser.c:58:15:writeData	4	static
parser.c:774:20:ParamSignToUInt32	16	static
parser.c:808:20:ParamSignToUInt64	16	static
parser.c:84:15:writeDelimiter	0	static
parser.c:423:15:resultUInt64BaseSign	104	static
parser.c:397:15:resultUInt32BaseSign	72	static
parser.c:264:6:SCPI_Init	56	static
parser.c:367:8:SCPI_ResultCharacters	24	static
parser.c:447:8:SCPI_ResultInt32	0	static
parser.c:458:8:SCPI_ResultUInt32Base	0	static
parser.c:468:8:SCPI_ResultInt64	16	static
parser.c:478:8:SCPI_ResultUInt64Base	16	static
parser.c:488:8:SCPI_ResultFloat	48	static
parser.c:504:8:SCPI_ResultDouble	48	static
parser.c:520:8:SCPI_ResultText	32	static
parser.c:549:8:SCPI_ResultError	40	static
parser.c:614:8:SCPI_ResultArbitraryBlockHeader	32	static
parser.c:634:8:SCPI_ResultArbitraryBlockData	8	static
parser.c:657:8:SCPI_ResultArbitraryBlock	24	static
parser.c:1560:15:produceResultArrayBinary	32	static
parser.c:670:8:SCPI_ResultBool	0	static
parser.c:752:13:SCPI_ParamIsNumber	0	static
parser.c:841:13:SCPI_ParamToInt32	0	static
parser.c:852:13:SCPI_ParamToUInt32	0	static
parser.c:863:13:SCPI_ParamToInt64	0	static
parser.c:874:13:SCPI_ParamToUInt64	0	static
parser.c:885:13:SCPI_ParamToFloat	24	static
parser.c:918:13:SCPI_ParamToDouble	24	static
parser.c:1233:13:SCPI_ParamToChoice	40	static
parser.c:1268:13:SCPI_ChoiceToName	8	static
parser.c:1355:5:scpiParser_parseProgramData	40	static
parser.c:694:13:SCPI_Parameter	24	static
parser.c:951:13:SCPI_ParamFloat	32	static
parser.c:982:13:SCPI_ParamDouble	32	static
parser.c:1014:20:ParamSignUInt32	40	static
parser.c:1077:13:SCPI_ParamInt32	0	static
parser.c:1088:13:SCPI_ParamUInt32	0	static
parser.c:1046:20:ParamSignUInt64	40	static
parser.c:1099:13:SCPI_ParamInt64	0	static
parser.c:1110:13:SCPI_ParamUInt64	0	static
parser.c:1122:13:SCPI_ParamCharacters	32	static
parser.c:1159:13:SCPI_ParamArbitraryBlock	32	static
parser.c:1182:13:SCPI_ParamCopyText	40	static
parser.c:1297:13:SCPI_ParamBool	32	static
parser.c:1332:13:SCPI_ParamChoice	32	static
parser.c:1394:5:scpiParser_parseAllProgramData	40	static
parser.c:1444:5:scpiParser_detectProgramMessageUnit	40	static
parser.c:190:13:SCPI_Parse	80	static
parser.c:314:13:SCPI_Input	24	static
parser.c:1497:13:SCPI_IsCmd	24	static
parser.c:1515:9:SCPI_CmdTag	0	static
parser.c:1524:13:SCPI_Match	16	static
parser.c:1528:13:SCPI_CommandNumbers	16	static
parser.c:1538:13:SCPI_ParamIsValid	0	static
parser.c:1547:13:SCPI_ParamErrorOccurred	0	static
parser.c:1638:8:SCPI_ResultArrayInt8	32	static
parser.c:1650:8:SCPI_ResultArrayUInt8	32	static
parser.c:1662:8:SCPI_ResultArrayInt16	32	static
parser.c:1674:8:SCPI_ResultArrayUInt16	32	static
parser.c:1686:8:SCPI_ResultArrayInt32	32	static
parser.c:1698:8:SCPI_ResultArrayUInt32	32	static
parser.c:1710:8:SCPI_ResultArrayInt64	32	static
parser.c:1722:8:SCPI_ResultArrayUInt64	32	static
parser.c:1734:8:SCPI_ResultArrayFloat	32	static
parser.c:1746:8:SCPI_ResultArrayDouble	32	static
parser.c:1773:13:SCPI_ParamArrayInt32	24	static
parser.c:1786:13:SCPI_ParamArrayUInt32	24	static
parser.c:1799:13:SCPI_ParamArrayInt64	24	static
parser.c:1812:13:SCPI_ParamArrayUInt64	24	static
parser.c:1825:13:SCPI_ParamArrayFloat	24	static
parser.c:1838:13:SCPI_ParamArrayDouble	24	static
