utils.c:456:15:patternSeparatorShortPos	24	static
utils.c:58:8:strnpbrk	16	static
utils.c:80:8:UInt32ToStrBaseSign	48	static
utils.c:141:8:SCPI_Int32ToStr	16	static
utils.c:153:8:SCPI_UInt32ToStrBase	16	static
utils.c:166:8:UInt64ToStrBaseSign	80	static
utils.c:227:8:SCPI_Int64ToStr	16	static
utils.c:239:8:SCPI_UInt64ToStrBase	16	static
utils.c:250:8:SCPI_FloatToStr	24	static
utils.c:262:8:SCPI_DoubleToStr	16	static
utils.c:273:8:strBaseToInt32	24	static
utils.c:285:8:strBaseToUInt32	24	static
utils.c:297:8:strBaseToInt64	24	static
utils.c:309:8:strBaseToUInt64	24	static
utils.c:321:8:strToFloat	24	static
utils.c:341:8:simple_strtod	48	static
utils.c:335:8:strToDouble	24	static
utils.c:377:13:compareStr	8	static
utils.c:397:13:compareStrAndNum	32	static
utils.c:439:8:skipWhitespace	24	static
utils.c:508:13:matchPattern	40	static
utils.c:534:13:matchCommand	56	static
utils.c:708:13:composeCompoundCommand	24	static
utils.c:1037:8:SCPI_dtostre	128	static
utils.c:1126:21:SCPI_GetNativeFormat	0	static
utils.c:1141:10:SCPI_Swap16	0	static
utils.c:1151:10:SCPI_Swap32	0	static
utils.c:1163:10:SCPI_Swap64	0	static
