utility.h:24:19:get_last_circ_idx	24	static
stm32f3xx_ll_adc.h:6432:26:LL_ADC_IsActiveFlag_AWD1	16	static
stm32f3xx_ll_adc.h:6556:22:LL_ADC_ClearFlag_AWD1	16	static
stm32f3xx_ll_dma.h:938:26:LL_DMA_GetDataLength	16	static
stm32f3xx_ll_exti.h:1203:26:LL_EXTI_IsActiveFlag_0_31	16	static
stm32f3xx_ll_exti.h:1320:22:LL_EXTI_ClearFlag_0_31	16	static
stm32f3xx_ll_tim.h:4006:22:LL_TIM_ClearFlag_UPDATE	16	static
stm32f3xx_ll_tim.h:4017:26:LL_TIM_IsActiveFlag_UPDATE	16	static
stm32f3xx_ll_tim.h:4094:22:LL_TIM_ClearFlag_CC4	16	static
stm32f3xx_ll_tim.h:4105:26:LL_TIM_IsActiveFlag_CC4	16	static
stm32f3xx_ll_usart.h:2575:26:LL_USART_IsActiveFlag_RXNE	16	static
stm32f3xx_ll_usart.h:2869:22:LL_USART_ClearFlag_RTO	16	static
stm32f3xx_ll_usart.h:3499:25:LL_USART_ReceiveData8	16	static
irq.c:76:6:SysTick_Handler	8	static
irq.c:86:6:SVC_Handler	8	static
irq.c:91:6:PendSV_Handler	8	static
irq.c:96:6:USART1_IRQHandler	16	static,ignoring_inline_asm
irq.c:128:6:ADC1_2_IRQHandler	16	static
irq.c:148:6:ADC3_IRQHandler	16	static
irq.c:159:6:ADC4_IRQHandler	16	static
irq.c:171:6:TIM8_UP_IRQHandler	8	static
irq.c:180:6:TIM8_CC_IRQHandler	8	static
irq.c:191:6:EXTI0_IRQHandler	16	static
irq.c:202:6:EXTI1_IRQHandler	16	static
irq.c:213:6:EXTI2_TSC_IRQHandler	16	static
irq.c:224:6:EXTI3_IRQHandler	16	static
irq.c:235:6:EXTI4_IRQHandler	8	static
