stm32f3xx_ll_adc.h:2721:22:LL_ADC_SetResolution	16	static
stm32f3xx_ll_adc.h:3212:22:LL_ADC_REG_SetTriggerSource	16	static
stm32f3xx_ll_adc.h:3413:22:LL_ADC_REG_SetSequencerLength	16	static
stm32f3xx_ll_adc.h:3617:22:LL_ADC_REG_SetSequencerRanks	40	static,ignoring_inline_asm
stm32f3xx_ll_adc.h:3808:22:LL_ADC_REG_SetDMATransfer	16	static
stm32f3xx_ll_adc.h:3843:26:LL_ADC_REG_GetDMATransfer	16	static
stm32f3xx_ll_adc.h:4821:22:LL_ADC_SetChannelSamplingTime	56	static,ignoring_inline_asm
stm32f3xx_ll_adc.h:5561:22:LL_ADC_SetMultimode	16	static
stm32f3xx_ll_adc.h:5833:22:LL_ADC_Enable	16	static
stm32f3xx_ll_adc.h:5911:22:LL_ADC_StartCalibration	16	static
stm32f3xx_ll_adc.h:5927:26:LL_ADC_IsCalibrationOnGoing	16	static
stm32f3xx_ll_dma.h:490:22:LL_DMA_EnableChannel	16	static
stm32f3xx_ll_dma.h:509:22:LL_DMA_DisableChannel	16	static
stm32f3xx_ll_dma.h:774:22:LL_DMA_SetPeriphSize	24	static
stm32f3xx_ll_dma.h:821:22:LL_DMA_SetMemorySize	24	static
stm32f3xx_ll_dma.h:916:22:LL_DMA_SetDataLength	24	static
stm32f3xx_ll_dma.h:967:22:LL_DMA_ConfigAddresses	24	static
periph.c:19:6:dma_set	32	static
periph.c:53:6:adc_init	8	static
periph.c:74:6:adc_init_calib	32	static,ignoring_inline_asm
periph.c:111:6:adc_set_ch	32	static
periph.c:171:10:adc_get_next_rank	16	static
periph.c:185:6:adc_set_res	16	static
