core_cm3.h:1547:22:__NVIC_DisableIRQ	0	static,ignoring_inline_asm
daq_trig.c:25:6:daq_trig_init	0	static
daq_trig.c:55:6:daq_trig_check	8	static
daq_trig.c:226:6:daq_trig_poststart	16	static,ignoring_inline_asm
daq_trig.c:104:6:daq_trig_trigger_scope	16	static
daq_trig.c:181:6:daq_trig_trigger_la	8	static
daq_trig.c:238:6:daq_trig_postcount	32	static
daq_trig.c:333:5:daq_trig_set	64	static,ignoring_inline_asm
daq_trig.c:322:6:daq_trig_update	16	static
daq_trig.c:328:6:daq_trig_disable	16	static
