proto.c:23:15:EM_Reset	32	static
proto.c:48:15:EM_SYS_Mode	24	static
proto.c:72:15:EM_SYS_ModeQ	8	static
proto.c:84:15:EM_SYS_LimitsQ	136	static
proto.c:130:15:EM_VM_ReadQ	264	static
proto.c:232:15:EM_SCOPE_ReadQ	72	static
proto.c:367:15:EM_SCOPE_Set	104	static
proto.c:439:15:EM_SCOPE_SetQ	200	static
proto.c:478:15:EM_SCOPE_ForceTrig	8	static
proto.c:499:15:EM_SCOPE_Average	8	static
proto.c:508:15:EM_LA_ReadQ	16	static
proto.c:555:15:EM_LA_Set	80	static
proto.c:621:15:EM_LA_SetQ	152	static
proto.c:650:15:EM_LA_ForceTrig	8	static
proto.c:674:15:EM_CNTR_Enable	16	static
proto.c:695:15:EM_CNTR_ReadQ	160	static
proto.c:740:15:EM_SGEN_Set	8	static
proto.c:762:15:EM_PWM_SetQ	144	static
proto.c:786:15:EM_PWM_Set	48	static
