proto.c:22:15:EM_Reset	16	static
proto.c:38:15:EM_System_Mode	24	static
proto.c:62:15:EM_System_ModeQ	8	static
proto.c:74:15:EM_System_LimitsQ	136	static
proto.c:120:15:EM_VM_ReadQ	264	static
proto.c:222:15:EM_SCOPE_ReadQ	72	static
proto.c:357:15:EM_SCOPE_Set	104	static
proto.c:429:15:EM_SCOPE_SetQ	200	static
proto.c:470:15:EM_LA_ReadQ	16	static
proto.c:517:15:EM_LA_Set	80	static
proto.c:583:15:EM_LA_SetQ	152	static
proto.c:614:15:EM_CNTR_Enable	16	static
proto.c:635:15:EM_CNTR_ReadQ	160	static
proto.c:680:15:EM_SGEN_Set	8	static
proto.c:702:15:EM_PWM_SetQ	144	static
proto.c:726:15:EM_PWM_Set	48	static
proto.c:754:15:EM_Force_Trig	8	static
