stm32f3xx_ll_tim.h:1646:22:LL_TIM_SetPrescaler	16	static
stm32f3xx_ll_tim.h:1673:22:LL_TIM_SetAutoReload	16	static
stm32f3xx_ll_tim.h:1701:22:LL_TIM_SetRepetitionCounter	16	static
stm32f3xx_ll_tim.h:2609:22:LL_TIM_OC_SetCompareCH1	16	static
stm32f3xx_ll_tim.h:2626:22:LL_TIM_OC_SetCompareCH2	16	static
stm32f3xx_ll_tim.h:2643:22:LL_TIM_OC_SetCompareCH3	16	static
stm32f3xx_ll_tim.h:2660:22:LL_TIM_OC_SetCompareCH4	16	static
stm32f3xx_ll_tim.h:2682:22:LL_TIM_OC_SetCompareCH5	16	static
stm32f3xx_ll_tim.h:2705:22:LL_TIM_OC_SetCompareCH6	16	static
stm32f3xx_ll_tim.h:3322:22:LL_TIM_SetEncoderMode	16	static
stm32f3xx_ll_tim.h:4858:22:LL_TIM_GenerateEvent_UPDATE	16	static
stm32f3xx_ll_bus.h:734:22:LL_APB1_GRP1_ForceReset	16	static
stm32f3xx_ll_bus.h:799:22:LL_APB1_GRP1_ReleaseReset	16	static
stm32f3xx_ll_bus.h:988:22:LL_APB2_GRP1_ForceReset	16	static
stm32f3xx_ll_bus.h:1033:22:LL_APB2_GRP1_ReleaseReset	16	static
stm32f3xx_ll_tim.c:236:13:LL_TIM_DeInit	24	static
stm32f3xx_ll_tim.c:376:6:LL_TIM_StructInit	16	static
stm32f3xx_ll_tim.c:394:13:LL_TIM_Init	24	static
stm32f3xx_ll_tim.c:445:6:LL_TIM_OC_StructInit	16	static
stm32f3xx_ll_tim.c:474:13:LL_TIM_OC_Init	32	static
stm32f3xx_ll_tim.c:513:6:LL_TIM_IC_StructInit	16	static
stm32f3xx_ll_tim.c:535:13:LL_TIM_IC_Init	32	static
stm32f3xx_ll_tim.c:565:6:LL_TIM_ENCODER_StructInit	16	static
stm32f3xx_ll_tim.c:587:13:LL_TIM_ENCODER_Init	24	static
stm32f3xx_ll_tim.c:650:6:LL_TIM_HALLSENSOR_StructInit	16	static
stm32f3xx_ll_tim.c:679:13:LL_TIM_HALLSENSOR_Init	32	static
stm32f3xx_ll_tim.c:758:6:LL_TIM_BDTR_StructInit	16	static
stm32f3xx_ll_tim.c:794:13:LL_TIM_BDTR_Init	24	static
stm32f3xx_ll_tim.c:866:20:OC1Config	32	static
stm32f3xx_ll_tim.c:945:20:OC2Config	32	static
stm32f3xx_ll_tim.c:1027:20:OC3Config	32	static
stm32f3xx_ll_tim.c:1109:20:OC4Config	32	static
stm32f3xx_ll_tim.c:1184:20:OC5Config	24	static
stm32f3xx_ll_tim.c:1246:20:OC6Config	24	static
stm32f3xx_ll_tim.c:1307:20:IC1Config	16	static
stm32f3xx_ll_tim.c:1340:20:IC2Config	16	static
stm32f3xx_ll_tim.c:1373:20:IC3Config	16	static
stm32f3xx_ll_tim.c:1406:20:IC4Config	16	static
