stm32f3xx_hal_dac.c:320:19:HAL_DAC_Init	16	static
stm32f3xx_hal_dac.c:385:19:HAL_DAC_DeInit	16	static
stm32f3xx_hal_dac.c:431:13:HAL_DAC_MspInit	16	static
stm32f3xx_hal_dac.c:447:13:HAL_DAC_MspDeInit	16	static
stm32f3xx_hal_dac.c:491:26:HAL_DAC_Start	16	static
stm32f3xx_hal_dac.c:515:19:HAL_DAC_Stop	16	static
stm32f3xx_hal_dac.c:541:19:HAL_DAC_Stop_DMA	24	static
stm32f3xx_hal_dac.c:604:17:HAL_DAC_GetValue	16	static
stm32f3xx_hal_dac.c:623:17:HAL_DACEx_DualGetValue	16	static
stm32f3xx_hal_dac.c:670:26:HAL_DAC_ConfigChannel	24	static
stm32f3xx_hal_dac.c:681:26:HAL_DAC_SetValue	24	static
stm32f3xx_hal_dac.c:696:26:HAL_DACEx_DualSetValue	24	static
stm32f3xx_hal_dac.c:738:22:HAL_DAC_GetState	16	static
stm32f3xx_hal_dac.c:750:10:HAL_DAC_GetError	16	static
stm32f3xx_hal_dac.c:769:13:HAL_DAC_ConvCpltCallbackCh1	16	static
stm32f3xx_hal_dac.c:785:13:HAL_DAC_ConvHalfCpltCallbackCh1	16	static
stm32f3xx_hal_dac.c:801:13:HAL_DAC_ErrorCallbackCh1	16	static
stm32f3xx_hal_dac.c:818:13:HAL_DAC_DMAUnderrunCallbackCh1	16	static
