stm32f3xx_ll_adc.h:3212:22:LL_ADC_REG_SetTriggerSource	16	static
stm32f3xx_ll_adc.h:3413:22:LL_ADC_REG_SetSequencerLength	16	static
stm32f3xx_ll_adc.h:3974:22:LL_ADC_INJ_SetTriggerSource	16	static
stm32f3xx_ll_adc.h:4437:22:LL_ADC_INJ_SetQueueMode	16	static
stm32f3xx_ll_adc.h:5853:22:LL_ADC_Disable	16	static
stm32f3xx_ll_adc.h:5872:26:LL_ADC_IsEnabled	16	static
stm32f3xx_ll_adc.h:5883:26:LL_ADC_IsDisableOngoing	16	static
stm32f3xx_ll_adc.h:5978:22:LL_ADC_REG_StopConversion	16	static
stm32f3xx_ll_adc.h:5994:26:LL_ADC_REG_IsConversionOngoing	16	static
stm32f3xx_ll_adc.h:6005:26:LL_ADC_REG_IsStopConversionOngoing	16	static
stm32f3xx_ll_adc.h:6161:22:LL_ADC_INJ_StopConversion	16	static
stm32f3xx_ll_adc.h:6177:26:LL_ADC_INJ_IsConversionOngoing	16	static
stm32f3xx_ll_adc.h:6188:26:LL_ADC_INJ_IsStopConversionOngoing	16	static
stm32f3xx_ll_bus.h:426:22:LL_AHB1_GRP1_ForceReset	16	static
stm32f3xx_ll_bus.h:465:22:LL_AHB1_GRP1_ReleaseReset	16	static
stm32f3xx_ll_adc.c:585:13:LL_ADC_CommonDeInit	16	static
stm32f3xx_ll_adc.c:640:13:LL_ADC_CommonInit	32	static
stm32f3xx_ll_adc.c:720:6:LL_ADC_CommonStructInit	16	static
stm32f3xx_ll_adc.c:753:13:LL_ADC_DeInit	32	static
stm32f3xx_ll_adc.c:1023:13:LL_ADC_Init	24	static
stm32f3xx_ll_adc.c:1068:6:LL_ADC_StructInit	16	static
stm32f3xx_ll_adc.c:1110:13:LL_ADC_REG_Init	24	static
stm32f3xx_ll_adc.c:1201:6:LL_ADC_REG_StructInit	16	static
stm32f3xx_ll_adc.c:1254:13:LL_ADC_INJ_Init	24	static
stm32f3xx_ll_adc.c:1329:6:LL_ADC_INJ_StructInit	16	static
