stm32f3xx_hal_tim_ex.c:137:19:HAL_TIMEx_HallSensor_Init	48	static
stm32f3xx_hal_tim_ex.c:238:19:HAL_TIMEx_HallSensor_DeInit	16	static
stm32f3xx_hal_tim_ex.c:283:13:HAL_TIMEx_HallSensor_MspInit	16	static
stm32f3xx_hal_tim_ex.c:298:13:HAL_TIMEx_HallSensor_MspDeInit	16	static
stm32f3xx_hal_tim_ex.c:313:19:HAL_TIMEx_HallSensor_Start	24	static
stm32f3xx_hal_tim_ex.c:366:19:HAL_TIMEx_HallSensor_Stop	16	static
stm32f3xx_hal_tim_ex.c:393:19:HAL_TIMEx_HallSensor_Start_IT	24	static
stm32f3xx_hal_tim_ex.c:449:19:HAL_TIMEx_HallSensor_Stop_IT	16	static
stm32f3xx_hal_tim_ex.c:481:19:HAL_TIMEx_HallSensor_Start_DMA	32	static
stm32f3xx_hal_tim_ex.c:556:19:HAL_TIMEx_HallSensor_Stop_DMA	16	static
stm32f3xx_hal_tim_ex.c:617:19:HAL_TIMEx_OCN_Start	24	static
stm32f3xx_hal_tim_ex.c:668:19:HAL_TIMEx_OCN_Stop	16	static
stm32f3xx_hal_tim_ex.c:700:19:HAL_TIMEx_OCN_Start_IT	24	static
stm32f3xx_hal_tim_ex.c:782:19:HAL_TIMEx_OCN_Stop_IT	24	static
stm32f3xx_hal_tim_ex.c:851:19:HAL_TIMEx_OCN_Start_DMA	32	static
stm32f3xx_hal_tim_ex.c:980:19:HAL_TIMEx_OCN_Stop_DMA	16	static
stm32f3xx_hal_tim_ex.c:1075:19:HAL_TIMEx_PWMN_Start	24	static
stm32f3xx_hal_tim_ex.c:1125:19:HAL_TIMEx_PWMN_Stop	16	static
stm32f3xx_hal_tim_ex.c:1157:19:HAL_TIMEx_PWMN_Start_IT	24	static
stm32f3xx_hal_tim_ex.c:1238:19:HAL_TIMEx_PWMN_Stop_IT	24	static
stm32f3xx_hal_tim_ex.c:1308:19:HAL_TIMEx_PWMN_Start_DMA	32	static
stm32f3xx_hal_tim_ex.c:1437:19:HAL_TIMEx_PWMN_Stop_DMA	16	static
stm32f3xx_hal_tim_ex.c:1520:19:HAL_TIMEx_OnePulseN_Start	24	static
stm32f3xx_hal_tim_ex.c:1561:19:HAL_TIMEx_OnePulseN_Stop	24	static
stm32f3xx_hal_tim_ex.c:1596:19:HAL_TIMEx_OnePulseN_Start_IT	24	static
stm32f3xx_hal_tim_ex.c:1643:19:HAL_TIMEx_OnePulseN_Stop_IT	24	static
stm32f3xx_hal_tim_ex.c:1721:19:HAL_TIMEx_ConfigCommutEvent	24	static
stm32f3xx_hal_tim_ex.c:1777:19:HAL_TIMEx_ConfigCommutEvent_IT	24	static
stm32f3xx_hal_tim_ex.c:1834:19:HAL_TIMEx_ConfigCommutEvent_DMA	24	static
stm32f3xx_hal_tim_ex.c:1883:19:HAL_TIMEx_MasterConfigSynchronization	24	static
stm32f3xx_hal_tim_ex.c:1958:19:HAL_TIMEx_ConfigBreakDeadTime	24	static
stm32f3xx_hal_tim_ex.c:2103:19:HAL_TIMEx_RemapConfig	16	static
stm32f3xx_hal_tim_ex.c:2130:19:HAL_TIMEx_GroupChannel5	16	static
stm32f3xx_hal_tim_ex.c:2181:13:HAL_TIMEx_CommutCallback	16	static
stm32f3xx_hal_tim_ex.c:2195:13:HAL_TIMEx_CommutHalfCpltCallback	16	static
stm32f3xx_hal_tim_ex.c:2210:13:HAL_TIMEx_BreakCallback	16	static
stm32f3xx_hal_tim_ex.c:2226:13:HAL_TIMEx_Break2Callback	16	static
stm32f3xx_hal_tim_ex.c:2260:22:HAL_TIMEx_HallSensor_GetState	16	static
stm32f3xx_hal_tim_ex.c:2275:29:HAL_TIMEx_GetChannelNState	24	static
stm32f3xx_hal_tim_ex.c:2304:6:TIMEx_DMACommutationCplt	24	static
stm32f3xx_hal_tim_ex.c:2323:6:TIMEx_DMACommutationHalfCplt	24	static
stm32f3xx_hal_tim_ex.c:2343:13:TIM_DMADelayPulseNCplt	24	static
stm32f3xx_hal_tim_ex.c:2402:13:TIM_DMAErrorCCxN	24	static
stm32f3xx_hal_tim_ex.c:2447:13:TIM_CCxNChannelCmd	32	static
