core_cm3.h:1547:22:__NVIC_DisableIRQ	0	static,ignoring_inline_asm
daq_trig.c:24:6:daq_trig_init	0	static
daq_trig.c:54:6:daq_trig_check	8	static
daq_trig.c:225:6:daq_trig_poststart	16	static,ignoring_inline_asm
daq_trig.c:103:6:daq_trig_trigger_scope	16	static
daq_trig.c:180:6:daq_trig_trigger_la	8	static
daq_trig.c:237:6:daq_trig_postcount	32	static
daq_trig.c:332:5:daq_trig_set	64	static,ignoring_inline_asm
daq_trig.c:321:6:daq_trig_update	16	static
daq_trig.c:327:6:daq_trig_disable	16	static
