proto.c:21:15:PS_Reset	16	static
proto.c:37:15:PS_System_Mode	24	static
proto.c:61:15:PS_System_ModeQ	8	static
proto.c:73:15:PS_System_LimitsQ	136	static
proto.c:119:15:PS_VM_ReadQ	264	static
proto.c:221:15:PS_SCOPE_ReadQ	72	static
proto.c:356:15:PS_SCOPE_Set	104	static
proto.c:428:15:PS_SCOPE_SetQ	200	static
proto.c:469:15:PS_LA_ReadQ	16	static
proto.c:516:15:PS_LA_Set	80	static
proto.c:582:15:PS_LA_SetQ	152	static
proto.c:613:15:PS_CNTR_Enable	16	static
proto.c:634:15:PS_CNTR_ReadQ	160	static
proto.c:679:15:PS_SGEN_Set	8	static
proto.c:701:15:PS_PWM_SetQ	144	static
proto.c:725:15:PS_PWM_Set	48	static
proto.c:753:15:PS_Force_Trig	8	static
