proto.c:19:15:PS_Reset	16	static
proto.c:33:15:PS_System_Mode	24	static
proto.c:57:15:PS_System_ModeQ	8	static
proto.c:69:15:PS_System_LimitsQ	136	static
proto.c:115:15:PS_VM_ReadQ	256	static
proto.c:217:15:PS_SCOPE_ReadQ	72	static
proto.c:338:15:PS_SCOPE_Set	104	static
proto.c:410:15:PS_SCOPE_SetQ	200	static
proto.c:451:15:PS_LA_ReadQ	16	static
proto.c:494:15:PS_LA_Set	80	static
proto.c:560:15:PS_LA_SetQ	152	static
proto.c:591:15:PS_CNTR_ReadQ	160	static
proto.c:630:15:PS_SGEN_Set	8	static
proto.c:652:15:PS_PWM_SetQ	144	static
proto.c:676:15:PS_PWM_Set	48	static
