stm32f1xx_hal_pcd.c:285:13:HAL_PCD_MspInit	0	static
stm32f1xx_hal_pcd.c:128:19:HAL_PCD_Init	48	static
stm32f1xx_hal_pcd.c:300:13:HAL_PCD_MspDeInit	0	static
stm32f1xx_hal_pcd.c:246:19:HAL_PCD_DeInit	16	static
stm32f1xx_hal_pcd.c:856:19:HAL_PCD_Start	16	static
stm32f1xx_hal_pcd.c:876:19:HAL_PCD_Stop	8	static
stm32f1xx_hal_pcd.c:1365:6:HAL_PCD_WKUP_IRQHandler	0	static
stm32f1xx_hal_pcd.c:1378:13:HAL_PCD_DataOutStageCallback	0	static
stm32f1xx_hal_pcd.c:1395:13:HAL_PCD_DataInStageCallback	0	static
stm32f1xx_hal_pcd.c:1410:13:HAL_PCD_SetupStageCallback	0	static
stm32f1xx_hal_pcd.c:1425:13:HAL_PCD_SOFCallback	0	static
stm32f1xx_hal_pcd.c:1440:13:HAL_PCD_ResetCallback	0	static
stm32f1xx_hal_pcd.c:1455:13:HAL_PCD_SuspendCallback	0	static
stm32f1xx_hal_pcd.c:1470:13:HAL_PCD_ResumeCallback	0	static
stm32f1xx_hal_pcd.c:1486:13:HAL_PCD_ISOOUTIncompleteCallback	0	static
stm32f1xx_hal_pcd.c:1503:13:HAL_PCD_ISOINIncompleteCallback	0	static
stm32f1xx_hal_pcd.c:1519:13:HAL_PCD_ConnectCallback	0	static
stm32f1xx_hal_pcd.c:1534:13:HAL_PCD_DisconnectCallback	0	static
stm32f1xx_hal_pcd.c:1568:19:HAL_PCD_DevConnect	8	static
stm32f1xx_hal_pcd.c:1587:19:HAL_PCD_DevDisconnect	8	static
stm32f1xx_hal_pcd.c:1607:19:HAL_PCD_SetAddress	8	static
stm32f1xx_hal_pcd.c:1247:6:HAL_PCD_IRQHandler	56	static
stm32f1xx_hal_pcd.c:1624:19:HAL_PCD_EP_Open	16	static
stm32f1xx_hal_pcd.c:1669:19:HAL_PCD_EP_Close	8	static
stm32f1xx_hal_pcd.c:1700:19:HAL_PCD_EP_Receive	16	static
stm32f1xx_hal_pcd.c:1731:10:HAL_PCD_EP_GetRxCount	0	static
stm32f1xx_hal_pcd.c:1743:19:HAL_PCD_EP_Transmit	16	static
stm32f1xx_hal_pcd.c:1778:19:HAL_PCD_EP_SetStall	16	static
stm32f1xx_hal_pcd.c:1821:19:HAL_PCD_EP_ClrStall	16	static
stm32f1xx_hal_pcd.c:1857:19:HAL_PCD_EP_Flush	8	static
stm32f1xx_hal_pcd.c:1880:19:HAL_PCD_ActivateRemoteWakeup	0	static
stm32f1xx_hal_pcd.c:1890:19:HAL_PCD_DeActivateRemoteWakeup	0	static
stm32f1xx_hal_pcd.c:1919:18:HAL_PCD_GetState	0	static
