stm32f1xx_hal_pwr.c:117:13:PWR_OverloadWfe	0	static,ignoring_inline_asm
stm32f1xx_hal_pwr.c:156:6:HAL_PWR_DeInit	0	static
stm32f1xx_hal_pwr.c:169:6:HAL_PWR_EnableBkUpAccess	0	static
stm32f1xx_hal_pwr.c:182:6:HAL_PWR_DisableBkUpAccess	0	static
stm32f1xx_hal_pwr.c:316:6:HAL_PWR_ConfigPVD	0	static
stm32f1xx_hal_pwr.c:359:6:HAL_PWR_EnablePVD	0	static
stm32f1xx_hal_pwr.c:369:6:HAL_PWR_DisablePVD	0	static
stm32f1xx_hal_pwr.c:382:6:HAL_PWR_EnableWakeUpPin	0	static,ignoring_inline_asm
stm32f1xx_hal_pwr.c:397:6:HAL_PWR_DisableWakeUpPin	0	static,ignoring_inline_asm
stm32f1xx_hal_pwr.c:417:6:HAL_PWR_EnterSLEEPMode	0	static,ignoring_inline_asm
stm32f1xx_hal_pwr.c:463:6:HAL_PWR_EnterSTOPMode	8	static,ignoring_inline_asm
stm32f1xx_hal_pwr.c:503:6:HAL_PWR_EnterSTANDBYMode	0	static,ignoring_inline_asm
stm32f1xx_hal_pwr.c:528:6:HAL_PWR_EnableSleepOnExit	0	static
stm32f1xx_hal_pwr.c:541:6:HAL_PWR_DisableSleepOnExit	0	static
stm32f1xx_hal_pwr.c:554:6:HAL_PWR_EnableSEVOnPend	0	static
stm32f1xx_hal_pwr.c:567:6:HAL_PWR_DisableSEVOnPend	0	static
stm32f1xx_hal_pwr.c:597:13:HAL_PWR_PVDCallback	0	static
stm32f1xx_hal_pwr.c:580:6:HAL_PWR_PVD_IRQHandler	8	static
