Archive member included to satisfy reference by file (symbol)

f:/programs/stm32cubeide_1.4.0/stm32cubeide/plugins/com.st.stm32cube.ide.mcu.externaltools.gnu-tools-for-stm32.7-2018-q2-update.win32_1.4.0.202007081208/tools/bin/../lib/gcc/arm-none-eabi/7.3.1/../../../../arm-none-eabi/lib/thumb/v7e-m/fpv4-sp/hard\libc_nano.a(lib_a-errno.o)
                              Core/Src/syscalls.o (__errno)
f:/programs/stm32cubeide_1.4.0/stm32cubeide/plugins/com.st.stm32cube.ide.mcu.externaltools.gnu-tools-for-stm32.7-2018-q2-update.win32_1.4.0.202007081208/tools/bin/../lib/gcc/arm-none-eabi/7.3.1/../../../../arm-none-eabi/lib/thumb/v7e-m/fpv4-sp/hard\libc_nano.a(lib_a-exit.o)
                              f:/programs/stm32cubeide_1.4.0/stm32cubeide/plugins/com.st.stm32cube.ide.mcu.externaltools.gnu-tools-for-stm32.7-2018-q2-update.win32_1.4.0.202007081208/tools/bin/../lib/gcc/arm-none-eabi/7.3.1/../../../../arm-none-eabi/lib/thumb/v7e-m/fpv4-sp/hard/crt0.o (exit)
f:/programs/stm32cubeide_1.4.0/stm32cubeide/plugins/com.st.stm32cube.ide.mcu.externaltools.gnu-tools-for-stm32.7-2018-q2-update.win32_1.4.0.202007081208/tools/bin/../lib/gcc/arm-none-eabi/7.3.1/../../../../arm-none-eabi/lib/thumb/v7e-m/fpv4-sp/hard\libc_nano.a(lib_a-impure.o)
                              f:/programs/stm32cubeide_1.4.0/stm32cubeide/plugins/com.st.stm32cube.ide.mcu.externaltools.gnu-tools-for-stm32.7-2018-q2-update.win32_1.4.0.202007081208/tools/bin/../lib/gcc/arm-none-eabi/7.3.1/../../../../arm-none-eabi/lib/thumb/v7e-m/fpv4-sp/hard\libc_nano.a(lib_a-exit.o) (_global_impure_ptr)
f:/programs/stm32cubeide_1.4.0/stm32cubeide/plugins/com.st.stm32cube.ide.mcu.externaltools.gnu-tools-for-stm32.7-2018-q2-update.win32_1.4.0.202007081208/tools/bin/../lib/gcc/arm-none-eabi/7.3.1/../../../../arm-none-eabi/lib/thumb/v7e-m/fpv4-sp/hard\libc_nano.a(lib_a-init.o)
                              f:/programs/stm32cubeide_1.4.0/stm32cubeide/plugins/com.st.stm32cube.ide.mcu.externaltools.gnu-tools-for-stm32.7-2018-q2-update.win32_1.4.0.202007081208/tools/bin/../lib/gcc/arm-none-eabi/7.3.1/../../../../arm-none-eabi/lib/thumb/v7e-m/fpv4-sp/hard/crt0.o (__libc_init_array)
f:/programs/stm32cubeide_1.4.0/stm32cubeide/plugins/com.st.stm32cube.ide.mcu.externaltools.gnu-tools-for-stm32.7-2018-q2-update.win32_1.4.0.202007081208/tools/bin/../lib/gcc/arm-none-eabi/7.3.1/../../../../arm-none-eabi/lib/thumb/v7e-m/fpv4-sp/hard\libc_nano.a(lib_a-locale.o)
                              __App/Src/scpi/lexer.o (__locale_ctype_ptr)
f:/programs/stm32cubeide_1.4.0/stm32cubeide/plugins/com.st.stm32cube.ide.mcu.externaltools.gnu-tools-for-stm32.7-2018-q2-update.win32_1.4.0.202007081208/tools/bin/../lib/gcc/arm-none-eabi/7.3.1/../../../../arm-none-eabi/lib/thumb/v7e-m/fpv4-sp/hard\libc_nano.a(lib_a-mbtowc_r.o)
                              f:/programs/stm32cubeide_1.4.0/stm32cubeide/plugins/com.st.stm32cube.ide.mcu.externaltools.gnu-tools-for-stm32.7-2018-q2-update.win32_1.4.0.202007081208/tools/bin/../lib/gcc/arm-none-eabi/7.3.1/../../../../arm-none-eabi/lib/thumb/v7e-m/fpv4-sp/hard\libc_nano.a(lib_a-locale.o) (__ascii_mbtowc)
f:/programs/stm32cubeide_1.4.0/stm32cubeide/plugins/com.st.stm32cube.ide.mcu.externaltools.gnu-tools-for-stm32.7-2018-q2-update.win32_1.4.0.202007081208/tools/bin/../lib/gcc/arm-none-eabi/7.3.1/../../../../arm-none-eabi/lib/thumb/v7e-m/fpv4-sp/hard\libc_nano.a(lib_a-memcpy-stub.o)
                              __App/Src/scpi/parser.o (memcpy)
f:/programs/stm32cubeide_1.4.0/stm32cubeide/plugins/com.st.stm32cube.ide.mcu.externaltools.gnu-tools-for-stm32.7-2018-q2-update.win32_1.4.0.202007081208/tools/bin/../lib/gcc/arm-none-eabi/7.3.1/../../../../arm-none-eabi/lib/thumb/v7e-m/fpv4-sp/hard\libc_nano.a(lib_a-memmove.o)
                              __App/Src/scpi/parser.o (memmove)
f:/programs/stm32cubeide_1.4.0/stm32cubeide/plugins/com.st.stm32cube.ide.mcu.externaltools.gnu-tools-for-stm32.7-2018-q2-update.win32_1.4.0.202007081208/tools/bin/../lib/gcc/arm-none-eabi/7.3.1/../../../../arm-none-eabi/lib/thumb/v7e-m/fpv4-sp/hard\libc_nano.a(lib_a-memset.o)
                              f:/programs/stm32cubeide_1.4.0/stm32cubeide/plugins/com.st.stm32cube.ide.mcu.externaltools.gnu-tools-for-stm32.7-2018-q2-update.win32_1.4.0.202007081208/tools/bin/../lib/gcc/arm-none-eabi/7.3.1/../../../../arm-none-eabi/lib/thumb/v7e-m/fpv4-sp/hard/crt0.o (memset)
f:/programs/stm32cubeide_1.4.0/stm32cubeide/plugins/com.st.stm32cube.ide.mcu.externaltools.gnu-tools-for-stm32.7-2018-q2-update.win32_1.4.0.202007081208/tools/bin/../lib/gcc/arm-none-eabi/7.3.1/../../../../arm-none-eabi/lib/thumb/v7e-m/fpv4-sp/hard\libc_nano.a(lib_a-s_frexp.o)
                              __App/Src/scpi/utils.o (frexp)
f:/programs/stm32cubeide_1.4.0/stm32cubeide/plugins/com.st.stm32cube.ide.mcu.externaltools.gnu-tools-for-stm32.7-2018-q2-update.win32_1.4.0.202007081208/tools/bin/../lib/gcc/arm-none-eabi/7.3.1/../../../../arm-none-eabi/lib/thumb/v7e-m/fpv4-sp/hard\libc_nano.a(lib_a-s_modf.o)
[...]
Memory Configuration

Name             Origin             Length             Attributes
CCMRAM           0x0000000010000000 0x0000000000004000 xrw
RAM              0x0000000020000000 0x0000000000010000 xrw
FLASH            0x0000000008000000 0x0000000000080000 xr
*default*        0x0000000000000000 0xffffffffffffffff

Linker script and memory map

LOAD f:/programs/stm32cubeide_1.4.0/stm32cubeide/plugins/com.st.stm32cube.ide.mcu.externaltools.gnu-tools-for-stm32.7-2018-q2-update.win32_1.4.0.202007081208/tools/bin/../lib/gcc/arm-none-eabi/7.3.1/thumb/v7e-m/fpv4-sp/hard/crti.o
LOAD f:/programs/stm32cubeide_1.4.0/stm32cubeide/plugins/com.st.stm32cube.ide.mcu.externaltools.gnu-tools-for-stm32.7-2018-q2-update.win32_1.4.0.202007081208/tools/bin/../lib/gcc/arm-none-eabi/7.3.1/thumb/v7e-m/fpv4-sp/hard/crtbegin.o
LOAD f:/programs/stm32cubeide_1.4.0/stm32cubeide/plugins/com.st.stm32cube.ide.mcu.externaltools.gnu-tools-for-stm32.7-2018-q2-update.win32_1.4.0.202007081208/tools/bin/../lib/gcc/arm-none-eabi/7.3.1/../../../../arm-none-eabi/lib/thumb/v7e-m/fpv4-sp/hard/crt0.o
LOAD Core/Src/main.o
LOAD Core/Src/stm32f3xx_hal_msp.o
LOAD Core/Src/stm32f3xx_it.o
LOAD Core/Src/syscalls.o
LOAD Core/Src/sysmem.o
LOAD Core/Src/system_stm32f3xx.o
LOAD Core/Startup/startup_stm32f303retx.o
LOAD Drivers/STM32F3xx_HAL_Driver/Src/stm32f3xx_hal.o
LOAD Drivers/STM32F3xx_HAL_Driver/Src/stm32f3xx_hal_cortex.o
LOAD Drivers/STM32F3xx_HAL_Driver/Src/stm32f3xx_hal_dma.o
LOAD Drivers/STM32F3xx_HAL_Driver/Src/stm32f3xx_hal_exti.o
LOAD Drivers/STM32F3xx_HAL_Driver/Src/stm32f3xx_hal_flash.o
LOAD Drivers/STM32F3xx_HAL_Driver/Src/stm32f3xx_hal_flash_ex.o
LOAD Drivers/STM32F3xx_HAL_Driver/Src/stm32f3xx_hal_gpio.o
LOAD Drivers/STM32F3xx_HAL_Driver/Src/stm32f3xx_hal_i2c.o
LOAD Drivers/STM32F3xx_HAL_Driver/Src/stm32f3xx_hal_i2c_ex.o
LOAD Drivers/STM32F3xx_HAL_Driver/Src/stm32f3xx_hal_pwr.o
LOAD Drivers/STM32F3xx_HAL_Driver/Src/stm32f3xx_hal_pwr_ex.o
LOAD Drivers/STM32F3xx_HAL_Driver/Src/stm32f3xx_hal_rcc.o
LOAD Drivers/STM32F3xx_HAL_Driver/Src/stm32f3xx_hal_rcc_ex.o
LOAD Drivers/STM32F3xx_HAL_Driver/Src/stm32f3xx_hal_tim.o
LOAD Drivers/STM32F3xx_HAL_Driver/Src/stm32f3xx_hal_tim_ex.o
LOAD Drivers/STM32F3xx_HAL_Driver/Src/stm32f3xx_ll_adc.o
LOAD Drivers/STM32F3xx_HAL_Driver/Src/stm32f3xx_ll_dac.o
LOAD Drivers/STM32F3xx_HAL_Driver/Src/stm32f3xx_ll_dma.o
LOAD Drivers/STM32F3xx_HAL_Driver/Src/stm32f3xx_ll_exti.o
LOAD Drivers/STM32F3xx_HAL_Driver/Src/stm32f3xx_ll_gpio.o
LOAD Drivers/STM32F3xx_HAL_Driver/Src/stm32f3xx_ll_rcc.o
LOAD Drivers/STM32F3xx_HAL_Driver/Src/stm32f3xx_ll_tim.o
LOAD Drivers/STM32F3xx_HAL_Driver/Src/stm32f3xx_ll_usart.o
LOAD Drivers/STM32F3xx_HAL_Driver/Src/stm32f3xx_ll_utils.o
LOAD __App/Src/app.o
LOAD __App/Src/cfg.o
LOAD __App/Src/cntr.o
LOAD __App/Src/cntr_irq.o
LOAD __App/Src/comm.o
LOAD __App/Src/comm_irq.o
LOAD __App/Src/daq.o
LOAD __App/Src/daq_irq.o
LOAD __App/Src/daq_trig.o
LOAD __App/Src/irq.o
LOAD __App/Src/led.o
LOAD __App/Src/periph.o
LOAD __App/Src/proto.o
LOAD __App/Src/pwm.o
LOAD __App/Src/sgen.o
LOAD __App/Src/utility.o
LOAD __App/Src/scpi/error.o
LOAD __App/Src/scpi/expression.o
LOAD __App/Src/scpi/fifo.o
LOAD __App/Src/scpi/ieee488.o
LOAD __App/Src/scpi/lexer.o
LOAD __App/Src/scpi/minimal.o
LOAD __App/Src/scpi/parser.o
LOAD __App/Src/scpi/units.o
LOAD __App/Src/scpi/utils.o
LOAD __OS/croutine.o
LOAD __OS/event_groups.o
LOAD __OS/list.o
LOAD __OS/port.o
LOAD __OS/queue.o
LOAD __OS/tasks.o
LOAD __OS/timers.o
START GROUP
LOAD f:/programs/stm32cubeide_1.4.0/stm32cubeide/plugins/com.st.stm32cube.ide.mcu.externaltools.gnu-tools-for-stm32.7-2018-q2-update.win32_1.4.0.202007081208/tools/bin/../lib/gcc/arm-none-eabi/7.3.1/../../../../arm-none-eabi/lib/thumb/v7e-m/fpv4-sp/hard\libc_nano.a
LOAD f:/programs/stm32cubeide_1.4.0/stm32cubeide/plugins/com.st.stm32cube.ide.mcu.externaltools.gnu-tools-for-stm32.7-2018-q2-update.win32_1.4.0.202007081208/tools/bin/../lib/gcc/arm-none-eabi/7.3.1/../../../../arm-none-eabi/lib/thumb/v7e-m/fpv4-sp/hard\libm.a
END GROUP
START GROUP
LOAD f:/programs/stm32cubeide_1.4.0/stm32cubeide/plugins/com.st.stm32cube.ide.mcu.externaltools.gnu-tools-for-stm32.7-2018-q2-update.win32_1.4.0.202007081208/tools/bin/../lib/gcc/arm-none-eabi/7.3.1/thumb/v7e-m/fpv4-sp/hard\libgcc.a
LOAD f:/programs/stm32cubeide_1.4.0/stm32cubeide/plugins/com.st.stm32cube.ide.mcu.externaltools.gnu-tools-for-stm32.7-2018-q2-update.win32_1.4.0.202007081208/tools/bin/../lib/gcc/arm-none-eabi/7.3.1/../../../../arm-none-eabi/lib/thumb/v7e-m/fpv4-sp/hard\libc_nano.a
END GROUP
START GROUP
LOAD f:/programs/stm32cubeide_1.4.0/stm32cubeide/plugins/com.st.stm32cube.ide.mcu.externaltools.gnu-tools-for-stm32.7-2018-q2-update.win32_1.4.0.202007081208/tools/bin/../lib/gcc/arm-none-eabi/7.3.1/thumb/v7e-m/fpv4-sp/hard\libgcc.a
LOAD f:/programs/stm32cubeide_1.4.0/stm32cubeide/plugins/com.st.stm32cube.ide.mcu.externaltools.gnu-tools-for-stm32.7-2018-q2-update.win32_1.4.0.202007081208/tools/bin/../lib/gcc/arm-none-eabi/7.3.1/../../../../arm-none-eabi/lib/thumb/v7e-m/fpv4-sp/hard\libc_nano.a
LOAD f:/programs/stm32cubeide_1.4.0/stm32cubeide/plugins/com.st.stm32cube.ide.mcu.externaltools.gnu-tools-for-stm32.7-2018-q2-update.win32_1.4.0.202007081208/tools/bin/../lib/gcc/arm-none-eabi/7.3.1/../../../../arm-none-eabi/lib/thumb/v7e-m/fpv4-sp/hard\libnosys.a
END GROUP
START GROUP
LOAD f:/programs/stm32cubeide_1.4.0/stm32cubeide/plugins/com.st.stm32cube.ide.mcu.externaltools.gnu-tools-for-stm32.7-2018-q2-update.win32_1.4.0.202007081208/tools/bin/../lib/gcc/arm-none-eabi/7.3.1/thumb/v7e-m/fpv4-sp/hard\libgcc.a
LOAD f:/programs/stm32cubeide_1.4.0/stm32cubeide/plugins/com.st.stm32cube.ide.mcu.externaltools.gnu-tools-for-stm32.7-2018-q2-update.win32_1.4.0.202007081208/tools/bin/../lib/gcc/arm-none-eabi/7.3.1/../../../../arm-none-eabi/lib/thumb/v7e-m/fpv4-sp/hard\libc_nano.a
LOAD f:/programs/stm32cubeide_1.4.0/stm32cubeide/plugins/com.st.stm32cube.ide.mcu.externaltools.gnu-tools-for-stm32.7-2018-q2-update.win32_1.4.0.202007081208/tools/bin/../lib/gcc/arm-none-eabi/7.3.1/../../../../arm-none-eabi/lib/thumb/v7e-m/fpv4-sp/hard\libnosys.a
END GROUP
LOAD f:/programs/stm32cubeide_1.4.0/stm32cubeide/plugins/com.st.stm32cube.ide.mcu.externaltools.gnu-tools-for-stm32.7-2018-q2-update.win32_1.4.0.202007081208/tools/bin/../lib/gcc/arm-none-eabi/7.3.1/thumb/v7e-m/fpv4-sp/hard/crtend.o
LOAD f:/programs/stm32cubeide_1.4.0/stm32cubeide/plugins/com.st.stm32cube.ide.mcu.externaltools.gnu-tools-for-stm32.7-2018-q2-update.win32_1.4.0.202007081208/tools/bin/../lib/gcc/arm-none-eabi/7.3.1/thumb/v7e-m/fpv4-sp/hard/crtn.o
                0x0000000020010000                _estack = (ORIGIN (RAM) + LENGTH (RAM))
                0x0000000000000200                _Min_Heap_Size = 0x200
                0x0000000000000400                _Min_Stack_Size = 0x400

.isr_vector     0x0000000008000000      0x194
                0x0000000008000000                . = ALIGN (0x4)
 *(.isr_vector)
 .isr_vector    0x0000000008000000      0x194 Core/Startup/startup_stm32f303retx.o
                0x0000000008000000                g_pfnVectors
                0x0000000008000194                . = ALIGN (0x4)

.text           0x00000000080001a0    0x154a4
                0x00000000080001a0                . = ALIGN (0x4)
 *(.text)
 .text          0x00000000080001a0       0x40 f:/programs/stm32cubeide_1.4.0/stm32cubeide/plugins/com.st.stm32cube.ide.mcu.externaltools.gnu-tools-for-stm32.7-2018-q2-update.win32_1.4.0.202007081208/tools/bin/../lib/gcc/arm-none-eabi/7.3.1/thumb/v7e-m/fpv4-sp/hard/crtbegin.o
 .text          0x00000000080001e0       0x14 f:/programs/stm32cubeide_1.4.0/stm32cubeide/plugins/com.st.stm32cube.ide.mcu.externaltools.gnu-tools-for-stm32.7-2018-q2-update.win32_1.4.0.202007081208/tools/bin/../lib/gcc/arm-none-eabi/7.3.1/../../../../arm-none-eabi/lib/thumb/v7e-m/fpv4-sp/hard\libc_nano.a(lib_a-strcmp.o)
                0x00000000080001e0                strcmp
 .text          0x00000000080001f4       0x10 f:/programs/stm32cubeide_1.4.0/stm32cubeide/plugins/com.st.stm32cube.ide.mcu.externaltools.gnu-tools-for-stm32.7-2018-q2-update.win32_1.4.0.202007081208/tools/bin/../lib/gcc/arm-none-eabi/7.3.1/../../../../arm-none-eabi/lib/thumb/v7e-m/fpv4-sp/hard\libc_nano.a(lib_a-strlen.o)
                0x00000000080001f4                strlen
 *fill*         0x0000000008000204        0xc 
 .text          0x0000000008000210       0xa0 f:/programs/stm32cubeide_1.4.0/stm32cubeide/plugins/com.st.stm32cube.ide.mcu.externaltools.gnu-tools-for-stm32.7-2018-q2-update.win32_1.4.0.202007081208/tools/bin/../lib/gcc/arm-none-eabi/7.3.1/../../../../arm-none-eabi/lib/thumb/v7e-m/fpv4-sp/hard\libc_nano.a(lib_a-memchr.o)
                0x0000000008000210                memchr
 .text          0x00000000080002b0      0x378 f:/programs/stm32cubeide_1.4.0/stm32cubeide/plugins/com.st.stm32cube.ide.mcu.externaltools.gnu-tools-for-stm32.7-2018-q2-update.win32_1.4.0.202007081208/tools/bin/../lib/gcc/arm-none-eabi/7.3.1/thumb/v7e-m/fpv4-sp/hard\libgcc.a(_arm_addsubdf3.o)
                0x00000000080002b0                __aeabi_drsub
                0x00000000080002b8                __aeabi_dsub
                0x00000000080002b8                __subdf3
                0x00000000080002bc                __aeabi_dadd
                0x00000000080002bc                __adddf3
                0x0000000008000534                __floatunsidf
                0x0000000008000534                __aeabi_ui2d
                0x0000000008000554                __floatsidf
                0x0000000008000554                __aeabi_i2d
                0x0000000008000578                __aeabi_f2d
                0x0000000008000578                __extendsfdf2
                0x00000000080005bc                __floatundidf
                0x00000000080005bc                __aeabi_ul2d
                0x00000000080005cc                __floatdidf
                0x00000000080005cc                __aeabi_l2d
 .text          0x0000000008000628      0x424 f:/programs/stm32cubeide_1.4.0/stm32cubeide/plugins/com.st.stm32cube.ide.mcu.externaltools.gnu-tools-for-stm32.7-2018-q2-update.win32_1.4.0.202007081208/tools/bin/../lib/gcc/arm-none-eabi/7.3.1/thumb/v7e-m/fpv4-sp/hard\libgcc.a(_arm_muldivdf3.o)
                0x0000000008000628                __aeabi_dmul
                0x0000000008000628                __muldf3
                0x000000000800087c                __divdf3
                0x000000000800087c                __aeabi_ddiv
 .text          0x0000000008000a4c      0x110 f:/programs/stm32cubeide_1.4.0/stm32cubeide/plugins/com.st.stm32cube.ide.mcu.externaltools.gnu-tools-for-stm32.7-2018-q2-update.win32_1.4.0.202007081208/tools/bin/../lib/gcc/arm-none-eabi/7.3.1/thumb/v7e-m/fpv4-sp/hard\libgcc.a(_arm_cmpdf2.o)
                0x0000000008000a4c                __gtdf2
                0x0000000008000a4c                __gedf2
                0x0000000008000a54                __ltdf2
                0x0000000008000a54                __ledf2
                0x0000000008000a5c                __nedf2
                0x0000000008000a5c                __eqdf2
                0x0000000008000a5c                __cmpdf2
                0x0000000008000ad8                __aeabi_cdrcmple
                0x0000000008000ae8                __aeabi_cdcmpeq
                0x0000000008000ae8                __aeabi_cdcmple
                0x0000000008000af8                __aeabi_dcmpeq
                0x0000000008000b0c                __aeabi_dcmplt
                0x0000000008000b20                __aeabi_dcmple
                0x0000000008000b34                __aeabi_dcmpge
                0x0000000008000b48                __aeabi_dcmpgt
 .text          0x0000000008000b5c       0x2c f:/programs/stm32cubeide_1.4.0/stm32cubeide/plugins/com.st.stm32cube.ide.mcu.externaltools.gnu-tools-for-stm32.7-2018-q2-update.win32_1.4.0.202007081208/tools/bin/../lib/gcc/arm-none-eabi/7.3.1/thumb/v7e-m/fpv4-sp/hard\libgcc.a(_arm_unorddf2.o)
                0x0000000008000b5c                __unorddf2
                0x0000000008000b5c                __aeabi_dcmpun
 .text          0x0000000008000b88       0x50 f:/programs/stm32cubeide_1.4.0/stm32cubeide/plugins/com.st.stm32cube.ide.mcu.externaltools.gnu-tools-for-stm32.7-2018-q2-update.win32_1.4.0.202007081208/tools/bin/../lib/gcc/arm-none-eabi/7.3.1/thumb/v7e-m/fpv4-sp/hard\libgcc.a(_arm_fixdfsi.o)
                0x0000000008000b88                __aeabi_d2iz
                0x0000000008000b88                __fixdfsi
 .text          0x0000000008000bd8       0x40 f:/programs/stm32cubeide_1.4.0/stm32cubeide/plugins/com.st.stm32cube.ide.mcu.externaltools.gnu-tools-for-stm32.7-2018-q2-update.win32_1.4.0.202007081208/tools/bin/../lib/gcc/arm-none-eabi/7.3.1/thumb/v7e-m/fpv4-sp/hard\libgcc.a(_arm_fixunsdfsi.o)
                0x0000000008000bd8                __aeabi_d2uiz
                0x0000000008000bd8                __fixunsdfsi
 .text          0x0000000008000c18       0xa0 f:/programs/stm32cubeide_1.4.0/stm32cubeide/plugins/com.st.stm32cube.ide.mcu.externaltools.gnu-tools-for-stm32.7-2018-q2-update.win32_1.4.0.202007081208/tools/bin/../lib/gcc/arm-none-eabi/7.3.1/thumb/v7e-m/fpv4-sp/hard\libgcc.a(_arm_truncdfsf2.o)
                0x0000000008000c18                __truncdfsf2
                0x0000000008000c18                __aeabi_d2f
 .text          0x0000000008000cb8       0x30 f:/programs/stm32cubeide_1.4.0/stm32cubeide/plugins/com.st.stm32cube.ide.mcu.externaltools.gnu-tools-for-stm32.7-2018-q2-update.win32_1.4.0.202007081208/tools/bin/../lib/gcc/arm-none-eabi/7.3.1/thumb/v7e-m/fpv4-sp/hard\libgcc.a(_aeabi_uldivmod.o)
                0x0000000008000cb8                __aeabi_uldivmod
 .text          0x0000000008000ce8      0x2cc f:/programs/stm32cubeide_1.4.0/stm32cubeide/plugins/com.st.stm32cube.ide.mcu.externaltools.gnu-tools-for-stm32.7-2018-q2-update.win32_1.4.0.202007081208/tools/bin/../lib/gcc/arm-none-eabi/7.3.1/thumb/v7e-m/fpv4-sp/hard\libgcc.a(_udivmoddi4.o)
                0x0000000008000ce8                __udivmoddi4
 .text          0x0000000008000fb4        0x4 f:/programs/stm32cubeide_1.4.0/stm32cubeide/plugins/com.st.stm32cube.ide.mcu.externaltools.gnu-tools-for-stm32.7-2018-q2-update.win32_1.4.0.202007081208/tools/bin/../lib/gcc/arm-none-eabi/7.3.1/thumb/v7e-m/fpv4-sp/hard\libgcc.a(_dvmd_tls.o)
                0x0000000008000fb4                __aeabi_idiv0
                0x0000000008000fb4                __aeabi_ldiv0
 *(.text*)
 .text.LL_ADC_SetCommonPathInternalCh
                0x0000000008000fb8       0x26 Core/Src/main.o
 .text.LL_ADC_REG_SetTriggerEdge
                0x0000000008000fde       0x26 Core/Src/main.o
 .text.LL_ADC_REG_SetSequencerRanks
                0x0000000008001004       0x6e Core/Src/main.o
 .text.LL_ADC_SetChannelSamplingTime
                0x0000000008001072       0x98 Core/Src/main.o
 *fill*         0x000000000800110a        0x2 
 .text.LL_ADC_SetChannelSingleDiff
                0x000000000800110c       0x48 Core/Src/main.o
 .text.LL_ADC_SetAnalogWDMonitChannels
                0x0000000008001154       0x74 Core/Src/main.o
 .text.LL_ADC_ConfigAnalogWDThresholds
                0x00000000080011c8       0x5a Core/Src/main.o
 .text.LL_ADC_EnableInternalRegulator
                0x0000000008001222       0x34 Core/Src/main.o
 .text.LL_ADC_EnableIT_AWD1
                0x0000000008001256       0x20 Core/Src/main.o
 .text.LL_DAC_EnableTrigger
                0x0000000008001276       0x2c Core/Src/main.o
 *fill*         0x00000000080012a2        0x2 
 .text.LL_DMA_SetDataTransferDirection
                0x00000000080012a4       0x4c Core/Src/main.o
 .text.LL_DMA_SetMode
                0x00000000080012f0       0x48 Core/Src/main.o
 .text.LL_DMA_SetPeriphIncMode
                0x0000000008001338       0x48 Core/Src/main.o
 .text.LL_DMA_SetMemoryIncMode
                0x0000000008001380       0x48 Core/Src/main.o
 .text.LL_DMA_SetPeriphSize
                0x00000000080013c8       0x48 Core/Src/main.o
 .text.LL_DMA_SetMemorySize
                0x0000000008001410       0x48 Core/Src/main.o
 .text.LL_DMA_SetChannelPriorityLevel
                0x0000000008001458       0x48 Core/Src/main.o
 .text.LL_RCC_HSI_Enable
                0x00000000080014a0       0x20 Core/Src/main.o
 .text.LL_RCC_HSI_IsReady
                0x00000000080014c0       0x24 Core/Src/main.o
 .text.LL_RCC_HSI_SetCalibTrimming
                0x00000000080014e4       0x2c Core/Src/main.o
 .text.LL_RCC_SetSysClkSource
                0x0000000008001510       0x28 Core/Src/main.o
 .text.LL_RCC_GetSysClkSource
                0x0000000008001538       0x1c Core/Src/main.o
 .text.LL_RCC_SetAHBPrescaler
                0x0000000008001554       0x28 Core/Src/main.o
 .text.LL_RCC_SetAPB1Prescaler
                0x000000000800157c       0x28 Core/Src/main.o
 .text.LL_RCC_SetAPB2Prescaler
                0x00000000080015a4       0x28 Core/Src/main.o
 .text.LL_RCC_SetUSARTClockSource
                0x00000000080015cc       0x38 Core/Src/main.o
 .text.LL_RCC_SetTIMClockSource
                0x0000000008001604       0x38 Core/Src/main.o
 .text.LL_RCC_PLL_Enable
                0x000000000800163c       0x20 Core/Src/main.o
 .text.LL_RCC_PLL_IsReady
                0x000000000800165c       0x28 Core/Src/main.o
 .text.LL_RCC_PLL_ConfigDomain_SYS
                0x0000000008001684       0x40 Core/Src/main.o
 .text.LL_AHB1_GRP1_EnableClock
                0x00000000080016c4       0x30 Core/Src/main.o
 .text.LL_APB1_GRP1_EnableClock
                0x00000000080016f4       0x30 Core/Src/main.o
 .text.LL_APB2_GRP1_EnableClock
                0x0000000008001724       0x30 Core/Src/main.o
 .text.LL_SYSCFG_SetRemapDMA_ADC
                0x0000000008001754       0x3c Core/Src/main.o
 .text.LL_SYSCFG_SetRemapDMA_DAC
                0x0000000008001790       0x34 Core/Src/main.o
 .text.LL_SYSCFG_SetEXTISource
                0x00000000080017c4       0x5c Core/Src/main.o
 .text.LL_FLASH_SetLatency
                0x0000000008001820       0x28 Core/Src/main.o
 .text.LL_FLASH_GetLatency
                0x0000000008001848       0x1c Core/Src/main.o
 .text.LL_TIM_EnableARRPreload
                0x0000000008001864       0x20 Core/Src/main.o
 .text.LL_TIM_DisableARRPreload
                0x0000000008001884       0x20 Core/Src/main.o
 .text.LL_TIM_OC_DisableFast
                0x00000000080018a4       0xa4 Core/Src/main.o
 .text.LL_TIM_OC_EnablePreload
                0x0000000008001948       0xa0 Core/Src/main.o
 .text.LL_TIM_IC_SetActiveInput
                0x00000000080019e8       0xb4 Core/Src/main.o
 .text.LL_TIM_IC_SetPrescaler
                0x0000000008001a9c       0xb4 Core/Src/main.o
 .text.LL_TIM_IC_SetFilter
                0x0000000008001b50       0xb4 Core/Src/main.o
 .text.LL_TIM_IC_SetPolarity
                0x0000000008001c04       0xa0 Core/Src/main.o
 .text.LL_TIM_SetClockSource
                0x0000000008001ca4       0x2a Core/Src/main.o
 .text.LL_TIM_SetTriggerOutput
                0x0000000008001cce       0x26 Core/Src/main.o
 .text.LL_TIM_SetTriggerOutput2
                0x0000000008001cf4       0x26 Core/Src/main.o
 .text.LL_TIM_SetSlaveMode
                0x0000000008001d1a       0x2a Core/Src/main.o
 .text.LL_TIM_SetTriggerInput
                0x0000000008001d44       0x26 Core/Src/main.o
 .text.LL_TIM_EnableMasterSlaveMode
                0x0000000008001d6a       0x20 Core/Src/main.o
 .text.LL_TIM_DisableMasterSlaveMode
                0x0000000008001d8a       0x20 Core/Src/main.o
 .text.LL_TIM_DisableIT_TRIG
                0x0000000008001daa       0x20 Core/Src/main.o
 .text.LL_TIM_DisableDMAReq_TRIG
                0x0000000008001dca       0x20 Core/Src/main.o
 .text.LL_USART_Enable
                0x0000000008001dea       0x20 Core/Src/main.o
 .text.LL_USART_ConfigAsyncMode
                0x0000000008001e0a       0x2c Core/Src/main.o
 .text.LL_USART_DisableIT_CTS
                0x0000000008001e36       0x20 Core/Src/main.o
 .text.LL_GPIO_SetPinMode
                0x0000000008001e56       0x5e Core/Src/main.o
 .text.LL_GPIO_SetPinPull
                0x0000000008001eb4       0x5e Core/Src/main.o
 .text.LL_GPIO_ResetOutputPin
                0x0000000008001f12       0x1c Core/Src/main.o
 .text.main     0x0000000008001f2e       0x4a Core/Src/main.o
                0x0000000008001f2e                main
 .text.SystemClock_Config
                0x0000000008001f78       0xb0 Core/Src/main.o
                0x0000000008001f78                SystemClock_Config
 .text.MX_ADC1_Init
                0x0000000008002028      0x1f8 Core/Src/main.o
 .text.MX_ADC2_Init
                0x0000000008002220      0x19c Core/Src/main.o
 .text.MX_ADC3_Init
                0x00000000080023bc      0x1b8 Core/Src/main.o
 .text.MX_ADC4_Init
                0x0000000008002574      0x198 Core/Src/main.o
 .text.MX_DAC1_Init
                0x000000000800270c       0xd8 Core/Src/main.o
 .text.MX_TIM2_Init
                0x00000000080027e4       0xf4 Core/Src/main.o
 .text.MX_TIM3_Init
                0x00000000080028d8       0xe8 Core/Src/main.o
 .text.MX_TIM4_Init
                0x00000000080029c0      0x104 Core/Src/main.o
 .text.MX_TIM6_Init
                0x0000000008002ac4       0x6c Core/Src/main.o
 .text.MX_TIM8_Init
                0x0000000008002b30      0x264 Core/Src/main.o
 .text.MX_USART2_UART_Init
                0x0000000008002d94       0xa8 Core/Src/main.o
 .text.MX_DMA_Init
                0x0000000008002e3c       0x14 Core/Src/main.o
 .text.MX_GPIO_Init
                0x0000000008002e50       0xc4 Core/Src/main.o
 .text.Error_Handler
                0x0000000008002f14        0xe Core/Src/main.o
                0x0000000008002f14                Error_Handler
 *fill*         0x0000000008002f22        0x2 
 .text.HAL_MspInit
                0x0000000008002f24       0x50 Core/Src/stm32f3xx_hal_msp.o
                0x0000000008002f24                HAL_MspInit
 .text.HAL_TIM_Base_MspInit
                0x0000000008002f74       0x40 Core/Src/stm32f3xx_hal_msp.o
                0x0000000008002f74                HAL_TIM_Base_MspInit
 .text.NMI_Handler
                0x0000000008002fb4        0xe Core/Src/stm32f3xx_it.o
                0x0000000008002fb4                NMI_Handler
 .text.HardFault_Handler
                0x0000000008002fc2        0x6 Core/Src/stm32f3xx_it.o
                0x0000000008002fc2                HardFault_Handler
 .text.MemManage_Handler
                0x0000000008002fc8        0x6 Core/Src/stm32f3xx_it.o
                0x0000000008002fc8                MemManage_Handler
 .text.BusFault_Handler
                0x0000000008002fce        0x6 Core/Src/stm32f3xx_it.o
                0x0000000008002fce                BusFault_Handler
 .text.UsageFault_Handler
                0x0000000008002fd4        0x6 Core/Src/stm32f3xx_it.o
                0x0000000008002fd4                UsageFault_Handler
 .text.DebugMon_Handler
                0x0000000008002fda        0xe Core/Src/stm32f3xx_it.o
                0x0000000008002fda                DebugMon_Handler
 .text._sbrk    0x0000000008002fe8       0x6c Core/Src/sysmem.o
                0x0000000008002fe8                _sbrk
 .text.SystemInit
                0x0000000008003054       0x24 Core/Src/system_stm32f3xx.o
                0x0000000008003054                SystemInit
 .text.Reset_Handler
                0x0000000008003078       0x50 Core/Startup/startup_stm32f303retx.o
                0x0000000008003078                Reset_Handler
 .text.Default_Handler
                0x00000000080030c8        0x2 Core/Startup/startup_stm32f303retx.o
                0x00000000080030c8                RTC_Alarm_IRQHandler
                0x00000000080030c8                TIM8_TRG_COM_IRQHandler
                0x00000000080030c8                TIM8_CC_IRQHandler
                0x00000000080030c8                SPI4_IRQHandler
                0x00000000080030c8                TIM1_CC_IRQHandler
                0x00000000080030c8                USB_HP_IRQHandler
                0x00000000080030c8                PVD_IRQHandler
                0x00000000080030c8                TAMP_STAMP_IRQHandler
                0x00000000080030c8                I2C3_ER_IRQHandler
                0x00000000080030c8                USB_HP_CAN_TX_IRQHandler
                0x00000000080030c8                I2C2_EV_IRQHandler
                0x00000000080030c8                FPU_IRQHandler
                0x00000000080030c8                TIM1_UP_TIM16_IRQHandler
                0x00000000080030c8                SPI1_IRQHandler
                0x00000000080030c8                CAN_SCE_IRQHandler
                0x00000000080030c8                TIM6_DAC_IRQHandler
                0x00000000080030c8                DMA2_Channel2_IRQHandler
                0x00000000080030c8                DMA1_Channel4_IRQHandler
                0x00000000080030c8                TIM20_TRG_COM_IRQHandler
                0x00000000080030c8                USART3_IRQHandler
                0x00000000080030c8                DMA1_Channel7_IRQHandler
                0x00000000080030c8                UART5_IRQHandler
                0x00000000080030c8                TIM4_IRQHandler
                0x00000000080030c8                CAN_RX1_IRQHandler
                0x00000000080030c8                DMA2_Channel1_IRQHandler
                0x00000000080030c8                I2C1_EV_IRQHandler
                0x00000000080030c8                DMA1_Channel6_IRQHandler
                0x00000000080030c8                UART4_IRQHandler
                0x00000000080030c8                DMA2_Channel4_IRQHandler
                0x00000000080030c8                TIM3_IRQHandler
                0x00000000080030c8                RCC_IRQHandler
                0x00000000080030c8                TIM20_UP_IRQHandler
                0x00000000080030c8                DMA1_Channel1_IRQHandler
                0x00000000080030c8                Default_Handler
                0x00000000080030c8                USBWakeUp_RMP_IRQHandler
                0x00000000080030c8                EXTI15_10_IRQHandler
                0x00000000080030c8                TIM7_IRQHandler
                0x00000000080030c8                I2C3_EV_IRQHandler
                0x00000000080030c8                EXTI9_5_IRQHandler
                0x00000000080030c8                RTC_WKUP_IRQHandler
                0x00000000080030c8                SPI2_IRQHandler
                0x00000000080030c8                USB_LP_CAN_RX0_IRQHandler
                0x00000000080030c8                DMA2_Channel5_IRQHandler
                0x00000000080030c8                DMA1_Channel5_IRQHandler
                0x00000000080030c8                USB_LP_IRQHandler
                0x00000000080030c8                TIM1_TRG_COM_TIM17_IRQHandler
                0x00000000080030c8                DMA1_Channel3_IRQHandler
                0x00000000080030c8                WWDG_IRQHandler
                0x00000000080030c8                TIM2_IRQHandler
                0x00000000080030c8                COMP7_IRQHandler
                0x00000000080030c8                COMP1_2_3_IRQHandler
                0x00000000080030c8                COMP4_5_6_IRQHandler
                0x00000000080030c8                TIM20_BRK_IRQHandler
                0x00000000080030c8                I2C2_ER_IRQHandler
                0x00000000080030c8                DMA1_Channel2_IRQHandler
                0x00000000080030c8                TIM8_BRK_IRQHandler
                0x00000000080030c8                FLASH_IRQHandler
                0x00000000080030c8                TIM20_CC_IRQHandler
                0x00000000080030c8                USART1_IRQHandler
                0x00000000080030c8                SPI3_IRQHandler
                0x00000000080030c8                I2C1_ER_IRQHandler
                0x00000000080030c8                FMC_IRQHandler
                0x00000000080030c8                USBWakeUp_IRQHandler
                0x00000000080030c8                DMA2_Channel3_IRQHandler
                0x00000000080030c8                TIM1_BRK_TIM15_IRQHandler
 *fill*         0x00000000080030ca        0x2 
 .text.HAL_Init
                0x00000000080030cc       0x2c Drivers/STM32F3xx_HAL_Driver/Src/stm32f3xx_hal.o
                0x00000000080030cc                HAL_Init
 .text.HAL_InitTick
                0x00000000080030f8       0x60 Drivers/STM32F3xx_HAL_Driver/Src/stm32f3xx_hal.o
                0x00000000080030f8                HAL_InitTick
 .text.__NVIC_SetPriorityGrouping
                0x0000000008003158       0x48 Drivers/STM32F3xx_HAL_Driver/Src/stm32f3xx_hal_cortex.o
 .text.__NVIC_GetPriorityGrouping
                0x00000000080031a0       0x1c Drivers/STM32F3xx_HAL_Driver/Src/stm32f3xx_hal_cortex.o
 .text.__NVIC_SetPriority
                0x00000000080031bc       0x54 Drivers/STM32F3xx_HAL_Driver/Src/stm32f3xx_hal_cortex.o
 .text.NVIC_EncodePriority
                0x0000000008003210       0x66 Drivers/STM32F3xx_HAL_Driver/Src/stm32f3xx_hal_cortex.o
 *fill*         0x0000000008003276        0x2 
 .text.SysTick_Config
                0x0000000008003278       0x44 Drivers/STM32F3xx_HAL_Driver/Src/stm32f3xx_hal_cortex.o
 .text.HAL_NVIC_SetPriorityGrouping
                0x00000000080032bc       0x16 Drivers/STM32F3xx_HAL_Driver/Src/stm32f3xx_hal_cortex.o
                0x00000000080032bc                HAL_NVIC_SetPriorityGrouping
 .text.HAL_NVIC_SetPriority
                0x00000000080032d2       0x38 Drivers/STM32F3xx_HAL_Driver/Src/stm32f3xx_hal_cortex.o
                0x00000000080032d2                HAL_NVIC_SetPriority
 .text.HAL_SYSTICK_Config
                0x000000000800330a       0x18 Drivers/STM32F3xx_HAL_Driver/Src/stm32f3xx_hal_cortex.o
                0x000000000800330a                HAL_SYSTICK_Config
 .text.HAL_TIM_Base_Init
                0x0000000008003322       0xae Drivers/STM32F3xx_HAL_Driver/Src/stm32f3xx_hal_tim.o
                0x0000000008003322                HAL_TIM_Base_Init
 .text.TIM_Base_SetConfig
                0x00000000080033d0      0x13c Drivers/STM32F3xx_HAL_Driver/Src/stm32f3xx_hal_tim.o
                0x00000000080033d0                TIM_Base_SetConfig
 .text.HAL_TIMEx_MasterConfigSynchronization
                0x000000000800350c      0x118 Drivers/STM32F3xx_HAL_Driver/Src/stm32f3xx_hal_tim_ex.o
                0x000000000800350c                HAL_TIMEx_MasterConfigSynchronization
 .text.LL_ADC_REG_SetSequencerLength
                0x0000000008003624       0x26 Drivers/STM32F3xx_HAL_Driver/Src/stm32f3xx_ll_adc.o
 .text.LL_ADC_IsEnabled
                0x000000000800364a       0x26 Drivers/STM32F3xx_HAL_Driver/Src/stm32f3xx_ll_adc.o
 .text.LL_ADC_CommonInit
                0x0000000008003670       0xbc Drivers/STM32F3xx_HAL_Driver/Src/stm32f3xx_ll_adc.o
                0x0000000008003670                LL_ADC_CommonInit
 .text.LL_ADC_Init
                0x000000000800372c       0x4c Drivers/STM32F3xx_HAL_Driver/Src/stm32f3xx_ll_adc.o
                0x000000000800372c                LL_ADC_Init
 .text.LL_ADC_REG_Init
                0x0000000008003778       0x94 Drivers/STM32F3xx_HAL_Driver/Src/stm32f3xx_ll_adc.o
                0x0000000008003778                LL_ADC_REG_Init
 .text.LL_DAC_IsEnabled
                0x000000000800380c       0x3e Drivers/STM32F3xx_HAL_Driver/Src/stm32f3xx_ll_dac.o
 .text.LL_DAC_Init
                0x000000000800384a       0xa2 Drivers/STM32F3xx_HAL_Driver/Src/stm32f3xx_ll_dac.o
                0x000000000800384a                LL_DAC_Init
 .text.LL_EXTI_EnableIT_0_31
                0x00000000080038ec       0x24 Drivers/STM32F3xx_HAL_Driver/Src/stm32f3xx_ll_exti.o
 .text.LL_EXTI_EnableIT_32_63
                0x0000000008003910       0x24 Drivers/STM32F3xx_HAL_Driver/Src/stm32f3xx_ll_exti.o
 .text.LL_EXTI_DisableIT_0_31
                0x0000000008003934       0x28 Drivers/STM32F3xx_HAL_Driver/Src/stm32f3xx_ll_exti.o
 .text.LL_EXTI_DisableIT_32_63
                0x000000000800395c       0x28 Drivers/STM32F3xx_HAL_Driver/Src/stm32f3xx_ll_exti.o
 .text.LL_EXTI_EnableEvent_0_31
                0x0000000008003984       0x24 Drivers/STM32F3xx_HAL_Driver/Src/stm32f3xx_ll_exti.o
 .text.LL_EXTI_EnableEvent_32_63
                0x00000000080039a8       0x24 Drivers/STM32F3xx_HAL_Driver/Src/stm32f3xx_ll_exti.o
 .text.LL_EXTI_DisableEvent_0_31
                0x00000000080039cc       0x28 Drivers/STM32F3xx_HAL_Driver/Src/stm32f3xx_ll_exti.o
 .text.LL_EXTI_DisableEvent_32_63
                0x00000000080039f4       0x28 Drivers/STM32F3xx_HAL_Driver/Src/stm32f3xx_ll_exti.o
 .text.LL_EXTI_EnableRisingTrig_0_31
                0x0000000008003a1c       0x24 Drivers/STM32F3xx_HAL_Driver/Src/stm32f3xx_ll_exti.o
 .text.LL_EXTI_EnableRisingTrig_32_63
                0x0000000008003a40       0x24 Drivers/STM32F3xx_HAL_Driver/Src/stm32f3xx_ll_exti.o
 .text.LL_EXTI_DisableRisingTrig_0_31
                0x0000000008003a64       0x28 Drivers/STM32F3xx_HAL_Driver/Src/stm32f3xx_ll_exti.o
 .text.LL_EXTI_DisableRisingTrig_32_63
                0x0000000008003a8c       0x28 Drivers/STM32F3xx_HAL_Driver/Src/stm32f3xx_ll_exti.o
 .text.LL_EXTI_EnableFallingTrig_0_31
                0x0000000008003ab4       0x24 Drivers/STM32F3xx_HAL_Driver/Src/stm32f3xx_ll_exti.o
 .text.LL_EXTI_EnableFallingTrig_32_63
                0x0000000008003ad8       0x24 Drivers/STM32F3xx_HAL_Driver/Src/stm32f3xx_ll_exti.o
 .text.LL_EXTI_DisableFallingTrig_0_31
                0x0000000008003afc       0x28 Drivers/STM32F3xx_HAL_Driver/Src/stm32f3xx_ll_exti.o
 .text.LL_EXTI_DisableFallingTrig_32_63
                0x0000000008003b24       0x28 Drivers/STM32F3xx_HAL_Driver/Src/stm32f3xx_ll_exti.o
 .text.LL_EXTI_Init
                0x0000000008003b4c      0x1d0 Drivers/STM32F3xx_HAL_Driver/Src/stm32f3xx_ll_exti.o
                0x0000000008003b4c                LL_EXTI_Init
 .text.LL_GPIO_SetPinMode
                0x0000000008003d1c       0x5e Drivers/STM32F3xx_HAL_Driver/Src/stm32f3xx_ll_gpio.o
 .text.LL_GPIO_SetPinOutputType
                0x0000000008003d7a       0x30 Drivers/STM32F3xx_HAL_Driver/Src/stm32f3xx_ll_gpio.o
 .text.LL_GPIO_SetPinSpeed
                0x0000000008003daa       0x5e Drivers/STM32F3xx_HAL_Driver/Src/stm32f3xx_ll_gpio.o
 .text.LL_GPIO_SetPinPull
                0x0000000008003e08       0x5e Drivers/STM32F3xx_HAL_Driver/Src/stm32f3xx_ll_gpio.o
 .text.LL_GPIO_SetAFPin_0_7
                0x0000000008003e66       0x5e Drivers/STM32F3xx_HAL_Driver/Src/stm32f3xx_ll_gpio.o
 .text.LL_GPIO_SetAFPin_8_15
                0x0000000008003ec4       0x62 Drivers/STM32F3xx_HAL_Driver/Src/stm32f3xx_ll_gpio.o
 .text.LL_GPIO_Init
                0x0000000008003f26       0xe0 Drivers/STM32F3xx_HAL_Driver/Src/stm32f3xx_ll_gpio.o
                0x0000000008003f26                LL_GPIO_Init
 *fill*         0x0000000008004006        0x2 
 .text.LL_RCC_HSI_IsReady
                0x0000000008004008       0x24 Drivers/STM32F3xx_HAL_Driver/Src/stm32f3xx_ll_rcc.o
 .text.LL_RCC_LSE_IsReady
                0x000000000800402c       0x24 Drivers/STM32F3xx_HAL_Driver/Src/stm32f3xx_ll_rcc.o
 .text.LL_RCC_GetSysClkSource
                0x0000000008004050       0x1c Drivers/STM32F3xx_HAL_Driver/Src/stm32f3xx_ll_rcc.o
 .text.LL_RCC_GetAHBPrescaler
                0x000000000800406c       0x1c Drivers/STM32F3xx_HAL_Driver/Src/stm32f3xx_ll_rcc.o
 .text.LL_RCC_GetAPB1Prescaler
                0x0000000008004088       0x1c Drivers/STM32F3xx_HAL_Driver/Src/stm32f3xx_ll_rcc.o
 .text.LL_RCC_GetAPB2Prescaler
                0x00000000080040a4       0x1c Drivers/STM32F3xx_HAL_Driver/Src/stm32f3xx_ll_rcc.o
 .text.LL_RCC_GetUSARTClockSource
                0x00000000080040c0       0x2c Drivers/STM32F3xx_HAL_Driver/Src/stm32f3xx_ll_rcc.o
 .text.LL_RCC_GetUARTClockSource
                0x00000000080040ec       0x28 Drivers/STM32F3xx_HAL_Driver/Src/stm32f3xx_ll_rcc.o
 .text.LL_RCC_PLL_GetMainSource
                0x0000000008004114       0x1c Drivers/STM32F3xx_HAL_Driver/Src/stm32f3xx_ll_rcc.o
 .text.LL_RCC_PLL_GetMultiplicator
                0x0000000008004130       0x1c Drivers/STM32F3xx_HAL_Driver/Src/stm32f3xx_ll_rcc.o
 .text.LL_RCC_PLL_GetPrediv
                0x000000000800414c       0x1c Drivers/STM32F3xx_HAL_Driver/Src/stm32f3xx_ll_rcc.o
 .text.LL_RCC_GetUSARTClockFreq
                0x0000000008004168      0x170 Drivers/STM32F3xx_HAL_Driver/Src/stm32f3xx_ll_rcc.o
                0x0000000008004168                LL_RCC_GetUSARTClockFreq
 .text.LL_RCC_GetUARTClockFreq
                0x00000000080042d8      0x110 Drivers/STM32F3xx_HAL_Driver/Src/stm32f3xx_ll_rcc.o
                0x00000000080042d8                LL_RCC_GetUARTClockFreq
 .text.RCC_GetSystemClockFreq
                0x00000000080043e8       0x44 Drivers/STM32F3xx_HAL_Driver/Src/stm32f3xx_ll_rcc.o
                0x00000000080043e8                RCC_GetSystemClockFreq
 .text.RCC_GetHCLKClockFreq
                0x000000000800442c       0x2c Drivers/STM32F3xx_HAL_Driver/Src/stm32f3xx_ll_rcc.o
                0x000000000800442c                RCC_GetHCLKClockFreq
 .text.RCC_GetPCLK1ClockFreq
                0x0000000008004458       0x28 Drivers/STM32F3xx_HAL_Driver/Src/stm32f3xx_ll_rcc.o
                0x0000000008004458                RCC_GetPCLK1ClockFreq
 .text.RCC_GetPCLK2ClockFreq
                0x0000000008004480       0x28 Drivers/STM32F3xx_HAL_Driver/Src/stm32f3xx_ll_rcc.o
                0x0000000008004480                RCC_GetPCLK2ClockFreq
 .text.RCC_PLL_GetFreqDomain_SYS
                0x00000000080044a8       0x7c Drivers/STM32F3xx_HAL_Driver/Src/stm32f3xx_ll_rcc.o
                0x00000000080044a8                RCC_PLL_GetFreqDomain_SYS
 .text.LL_TIM_SetPrescaler
                0x0000000008004524       0x1c Drivers/STM32F3xx_HAL_Driver/Src/stm32f3xx_ll_tim.o
 .text.LL_TIM_SetAutoReload
                0x0000000008004540       0x1c Drivers/STM32F3xx_HAL_Driver/Src/stm32f3xx_ll_tim.o
 .text.LL_TIM_SetRepetitionCounter
                0x000000000800455c       0x1c Drivers/STM32F3xx_HAL_Driver/Src/stm32f3xx_ll_tim.o
 .text.LL_TIM_OC_SetCompareCH1
                0x0000000008004578       0x1c Drivers/STM32F3xx_HAL_Driver/Src/stm32f3xx_ll_tim.o
 .text.LL_TIM_OC_SetCompareCH2
                0x0000000008004594       0x1c Drivers/STM32F3xx_HAL_Driver/Src/stm32f3xx_ll_tim.o
 .text.LL_TIM_OC_SetCompareCH3
                0x00000000080045b0       0x1c Drivers/STM32F3xx_HAL_Driver/Src/stm32f3xx_ll_tim.o
 .text.LL_TIM_OC_SetCompareCH4
                0x00000000080045cc       0x1c Drivers/STM32F3xx_HAL_Driver/Src/stm32f3xx_ll_tim.o
 .text.LL_TIM_OC_SetCompareCH5
                0x00000000080045e8       0x20 Drivers/STM32F3xx_HAL_Driver/Src/stm32f3xx_ll_tim.o
 .text.LL_TIM_OC_SetCompareCH6
                0x0000000008004608       0x1c Drivers/STM32F3xx_HAL_Driver/Src/stm32f3xx_ll_tim.o
 .text.LL_TIM_GenerateEvent_UPDATE
                0x0000000008004624       0x20 Drivers/STM32F3xx_HAL_Driver/Src/stm32f3xx_ll_tim.o
 .text.LL_TIM_Init
                0x0000000008004644      0x130 Drivers/STM32F3xx_HAL_Driver/Src/stm32f3xx_ll_tim.o
                0x0000000008004644                LL_TIM_Init
 .text.LL_TIM_OC_Init
                0x0000000008004774       0x9a Drivers/STM32F3xx_HAL_Driver/Src/stm32f3xx_ll_tim.o
                0x0000000008004774                LL_TIM_OC_Init
 *fill*         0x000000000800480e        0x2 
 .text.LL_TIM_BDTR_Init
                0x0000000008004810      0x108 Drivers/STM32F3xx_HAL_Driver/Src/stm32f3xx_ll_tim.o
                0x0000000008004810                LL_TIM_BDTR_Init
 .text.OC1Config
                0x0000000008004918      0x10c Drivers/STM32F3xx_HAL_Driver/Src/stm32f3xx_ll_tim.o
 .text.OC2Config
                0x0000000008004a24      0x114 Drivers/STM32F3xx_HAL_Driver/Src/stm32f3xx_ll_tim.o
 .text.OC3Config
                0x0000000008004b38      0x114 Drivers/STM32F3xx_HAL_Driver/Src/stm32f3xx_ll_tim.o
 .text.OC4Config
                0x0000000008004c4c       0xe4 Drivers/STM32F3xx_HAL_Driver/Src/stm32f3xx_ll_tim.o
 .text.OC5Config
                0x0000000008004d30       0xd4 Drivers/STM32F3xx_HAL_Driver/Src/stm32f3xx_ll_tim.o
 .text.OC6Config
                0x0000000008004e04       0xd4 Drivers/STM32F3xx_HAL_Driver/Src/stm32f3xx_ll_tim.o
 .text.LL_USART_IsEnabled
                0x0000000008004ed8       0x26 Drivers/STM32F3xx_HAL_Driver/Src/stm32f3xx_ll_usart.o
 .text.LL_USART_SetStopBitsLength
                0x0000000008004efe       0x26 Drivers/STM32F3xx_HAL_Driver/Src/stm32f3xx_ll_usart.o
 .text.LL_USART_SetHWFlowCtrl
                0x0000000008004f24       0x26 Drivers/STM32F3xx_HAL_Driver/Src/stm32f3xx_ll_usart.o
 .text.LL_USART_SetBaudRate
                0x0000000008004f4a       0x6e Drivers/STM32F3xx_HAL_Driver/Src/stm32f3xx_ll_usart.o
 .text.LL_USART_Init
                0x0000000008004fb8       0xfc Drivers/STM32F3xx_HAL_Driver/Src/stm32f3xx_ll_usart.o
                0x0000000008004fb8                LL_USART_Init
 .text.LL_SetSystemCoreClock
                0x00000000080050b4       0x20 Drivers/STM32F3xx_HAL_Driver/Src/stm32f3xx_ll_utils.o
                0x00000000080050b4                LL_SetSystemCoreClock
 .text.iwdg_feed
                0x00000000080050d4       0x1c __App/Src/app.o
 .text.app_main
                0x00000000080050f0      0x1e0 __App/Src/app.o
                0x00000000080050f0                app_main
 .text.t1_wd    0x00000000080052d0       0x44 __App/Src/app.o
                0x00000000080052d0                t1_wd
 .text.t2_trig_check
                0x0000000008005314       0x70 __App/Src/app.o
                0x0000000008005314                t2_trig_check
 .text.t3_trig_post_count
                0x0000000008005384       0x8c __App/Src/app.o
                0x0000000008005384                t3_trig_post_count
 .text.t4_comm_and_init
                0x0000000008005410      0x134 __App/Src/app.o
                0x0000000008005410                t4_comm_and_init
 .text.t5_cntr  0x0000000008005544       0x60 __App/Src/app.o
                0x0000000008005544                t5_cntr
 .text.__NVIC_GetPriorityGrouping
                0x00000000080055a4       0x1c __App/Src/cntr.o
 .text.__NVIC_EnableIRQ
                0x00000000080055c0       0x3c __App/Src/cntr.o
 .text.__NVIC_DisableIRQ
                0x00000000080055fc       0x44 __App/Src/cntr.o
 .text.__NVIC_SetPriority
                0x0000000008005640       0x54 __App/Src/cntr.o
 .text.NVIC_EncodePriority
                0x0000000008005694       0x66 __App/Src/cntr.o
 *fill*         0x00000000080056fa        0x2 
 .text.LL_DMA_GetDataLength
                0x00000000080056fc       0x2c __App/Src/cntr.o
 .text.LL_TIM_EnableCounter
                0x0000000008005728       0x20 __App/Src/cntr.o
 .text.LL_TIM_DisableCounter
                0x0000000008005748       0x20 __App/Src/cntr.o
 .text.LL_TIM_SetCounter
                0x0000000008005768       0x1c __App/Src/cntr.o
 .text.LL_TIM_CC_EnableChannel
                0x0000000008005784       0x22 __App/Src/cntr.o
 .text.LL_TIM_CC_DisableChannel
                0x00000000080057a6       0x24 __App/Src/cntr.o
 .text.LL_TIM_OC_SetCompareCH1
                0x00000000080057ca       0x1c __App/Src/cntr.o
 .text.LL_TIM_EnableIT_UPDATE
                0x00000000080057e6       0x20 __App/Src/cntr.o
 .text.LL_TIM_EnableDMAReq_CC3
                0x0000000008005806       0x20 __App/Src/cntr.o
 .text.LL_TIM_DisableDMAReq_CC3
                0x0000000008005826       0x20 __App/Src/cntr.o
 .text.LL_TIM_EnableDMAReq_CC4
                0x0000000008005846       0x20 __App/Src/cntr.o
 .text.LL_TIM_DisableDMAReq_CC4
                0x0000000008005866       0x20 __App/Src/cntr.o
 *fill*         0x0000000008005886        0x2 
 .text.cntr_init
                0x0000000008005888       0x2c __App/Src/cntr.o
                0x0000000008005888                cntr_init
 .text.cntr_reset
                0x00000000080058b4       0xbc __App/Src/cntr.o
 .text.cntr_enable
                0x0000000008005970       0x54 __App/Src/cntr.o
                0x0000000008005970                cntr_enable
 .text.cntr_start
                0x00000000080059c4       0x80 __App/Src/cntr.o
                0x00000000080059c4                cntr_start
 *fill*         0x0000000008005a44        0x4 
 .text.cntr_meas
                0x0000000008005a48      0x1a0 __App/Src/cntr.o
                0x0000000008005a48                cntr_meas
 .text.LL_TIM_OC_SetCompareCH1
                0x0000000008005be8       0x1c __App/Src/cntr_irq.o
 .text.LL_TIM_ClearFlag_UPDATE
                0x0000000008005c04       0x1c __App/Src/cntr_irq.o
 .text.LL_TIM_IsActiveFlag_UPDATE
                0x0000000008005c20       0x26 __App/Src/cntr_irq.o
 *fill*         0x0000000008005c46        0x2 
 .text.TIM8_UP_IRQHandler
                0x0000000008005c48       0x40 __App/Src/cntr_irq.o
                0x0000000008005c48                TIM8_UP_IRQHandler
 .text.__NVIC_GetPriorityGrouping
                0x0000000008005c88       0x1c __App/Src/comm.o
 .text.__NVIC_EnableIRQ
                0x0000000008005ca4       0x3c __App/Src/comm.o
 .text.__NVIC_SetPriority
                0x0000000008005ce0       0x54 __App/Src/comm.o
 .text.NVIC_EncodePriority
                0x0000000008005d34       0x66 __App/Src/comm.o
 .text.LL_USART_IsActiveFlag_TXE
                0x0000000008005d9a       0x26 __App/Src/comm.o
 .text.LL_USART_EnableIT_RXNE
                0x0000000008005dc0       0x20 __App/Src/comm.o
 .text.LL_USART_TransmitData8
                0x0000000008005de0       0x20 __App/Src/comm.o
 .text.SCPI_Write
                0x0000000008005e00       0x26 __App/Src/comm.o
                0x0000000008005e00                SCPI_Write
 .text.SCPI_Flush
                0x0000000008005e26       0x16 __App/Src/comm.o
                0x0000000008005e26                SCPI_Flush
 .text.SCPI_Error
                0x0000000008005e3c       0x4c __App/Src/comm.o
                0x0000000008005e3c                SCPI_Error
 .text.SCPI_Control
                0x0000000008005e88       0x68 __App/Src/comm.o
                0x0000000008005e88                SCPI_Control
 .text.SCPI_Reset
                0x0000000008005ef0       0x28 __App/Src/comm.o
                0x0000000008005ef0                SCPI_Reset
 .text.SCPI_CoreIdnQ
                0x0000000008005f18       0x98 __App/Src/comm.o
                0x0000000008005f18                SCPI_CoreIdnQ
 .text.uart_put_text
                0x0000000008005fb0       0x38 __App/Src/comm.o
                0x0000000008005fb0                uart_put_text
 .text.uart_put_char
                0x0000000008005fe8       0x30 __App/Src/comm.o
 .text.uart_put_str
                0x0000000008006018       0x34 __App/Src/comm.o
 .text.comm_init
                0x000000000800604c       0xd8 __App/Src/comm.o
                0x000000000800604c                comm_init
 .text.comm_main
                0x0000000008006124       0x58 __App/Src/comm.o
                0x0000000008006124                comm_main
 .text.comm_respond
                0x000000000800617c       0x2c __App/Src/comm.o
                0x000000000800617c                comm_respond
 .text.LL_USART_IsActiveFlag_RXNE
                0x00000000080061a8       0x26 __App/Src/comm_irq.o
 .text.LL_USART_ClearFlag_RTO
                0x00000000080061ce       0x1c __App/Src/comm_irq.o
 .text.LL_USART_ReceiveData8
                0x00000000080061ea       0x1c __App/Src/comm_irq.o
 *fill*         0x0000000008006206        0x2 
 .text.USART2_IRQHandler
                0x0000000008006208       0xc4 __App/Src/comm_irq.o
                0x0000000008006208                USART2_IRQHandler
 .text.__NVIC_GetPriorityGrouping
                0x00000000080062cc       0x1c __App/Src/daq.o
 .text.__NVIC_EnableIRQ
                0x00000000080062e8       0x3c __App/Src/daq.o
 .text.__NVIC_DisableIRQ
                0x0000000008006324       0x44 __App/Src/daq.o
 .text.__NVIC_ClearPendingIRQ
                0x0000000008006368       0x3c __App/Src/daq.o
 .text.__NVIC_SetPriority
                0x00000000080063a4       0x54 __App/Src/daq.o
 .text.NVIC_EncodePriority
                0x00000000080063f8       0x66 __App/Src/daq.o
 *fill*         0x000000000800645e        0x2 
 .text.LL_ADC_DMA_GetRegAddr
                0x0000000008006460       0x50 __App/Src/daq.o
 .text.LL_ADC_SetAnalogWDMonitChannels
                0x00000000080064b0       0x74 __App/Src/daq.o
 .text.LL_ADC_REG_StartConversion
                0x0000000008006524       0x28 __App/Src/daq.o
 .text.LL_ADC_REG_StopConversion
                0x000000000800654c       0x28 __App/Src/daq.o
 .text.LL_TIM_EnableCounter
                0x0000000008006574       0x20 __App/Src/daq.o
 .text.LL_TIM_DisableCounter
                0x0000000008006594       0x20 __App/Src/daq.o
 .text.LL_TIM_SetPrescaler
                0x00000000080065b4       0x1c __App/Src/daq.o
 .text.LL_TIM_SetAutoReload
                0x00000000080065d0       0x1c __App/Src/daq.o
 .text.LL_TIM_EnableDMAReq_CC1
                0x00000000080065ec       0x20 __App/Src/daq.o
 .text.LL_TIM_DisableDMAReq_CC1
                0x000000000800660c       0x20 __App/Src/daq.o
 .text.daq_init
                0x000000000800662c      0x19a __App/Src/daq.o
                0x000000000800662c                daq_init
 .text.daq_settings_save
                0x00000000080067c6       0x82 __App/Src/daq.o
                0x00000000080067c6                daq_settings_save
 .text.daq_settings_init
                0x0000000008006848      0x158 __App/Src/daq.o
                0x0000000008006848                daq_settings_init
 .text.daq_mem_set
                0x00000000080069a0      0x344 __App/Src/daq.o
                0x00000000080069a0                daq_mem_set
 .text.daq_malloc
                0x0000000008006ce4      0x1f6 __App/Src/daq.o
 .text.daq_clear_buff
                0x0000000008006eda       0x2c __App/Src/daq.o
 *fill*         0x0000000008006f06        0x2 
 .text.daq_bit_set
                0x0000000008006f08      0x100 __App/Src/daq.o
                0x0000000008006f08                daq_bit_set
 .text.daq_fs_set
                0x0000000008007008      0x134 __App/Src/daq.o
                0x0000000008007008                daq_fs_set
 *fill*         0x000000000800713c        0x4 
 .text.daq_ch_set
                0x0000000008007140      0x2a0 __App/Src/daq.o
                0x0000000008007140                daq_ch_set
 .text.daq_reset
                0x00000000080073e0       0xdc __App/Src/daq.o
                0x00000000080073e0                daq_reset
 .text.daq_enable
                0x00000000080074bc      0x198 __App/Src/daq.o
                0x00000000080074bc                daq_enable
 .text.daq_enable_adc
                0x0000000008007654       0x3c __App/Src/daq.o
 .text.daq_mode_set
                0x0000000008007690      0x344 __App/Src/daq.o
                0x0000000008007690                daq_mode_set
 .text.get_last_circ_idx
                0x00000000080079d4       0x2a __App/Src/daq_irq.o
 *fill*         0x00000000080079fe        0x2 
 .text.__NVIC_DisableIRQ
                0x0000000008007a00       0x44 __App/Src/daq_irq.o
 .text.LL_ADC_SetAnalogWDMonitChannels
                0x0000000008007a44       0x74 __App/Src/daq_irq.o
 .text.LL_ADC_IsActiveFlag_AWD1
                0x0000000008007ab8       0x26 __App/Src/daq_irq.o
 .text.LL_ADC_ClearFlag_AWD1
                0x0000000008007ade       0x1a __App/Src/daq_irq.o
 .text.LL_DMA_GetDataLength
                0x0000000008007af8       0x2c __App/Src/daq_irq.o
 .text.LL_EXTI_IsActiveFlag_0_31
                0x0000000008007b24       0x2c __App/Src/daq_irq.o
 .text.LL_EXTI_ClearFlag_0_31
                0x0000000008007b50       0x20 __App/Src/daq_irq.o
 .text.ADC1_2_IRQHandler
                0x0000000008007b70       0xe8 __App/Src/daq_irq.o
                0x0000000008007b70                ADC1_2_IRQHandler
 .text.ADC3_IRQHandler
                0x0000000008007c58       0x90 __App/Src/daq_irq.o
                0x0000000008007c58                ADC3_IRQHandler
 .text.ADC4_IRQHandler
                0x0000000008007ce8       0x90 __App/Src/daq_irq.o
                0x0000000008007ce8                ADC4_IRQHandler
 .text.EXTI0_IRQHandler
                0x0000000008007d78       0x80 __App/Src/daq_irq.o
                0x0000000008007d78                EXTI0_IRQHandler
 .text.EXTI1_IRQHandler
                0x0000000008007df8       0x80 __App/Src/daq_irq.o
                0x0000000008007df8                EXTI1_IRQHandler
 .text.EXTI2_TSC_IRQHandler
                0x0000000008007e78       0x80 __App/Src/daq_irq.o
                0x0000000008007e78                EXTI2_TSC_IRQHandler
 .text.EXTI3_IRQHandler
                0x0000000008007ef8       0x80 __App/Src/daq_irq.o
                0x0000000008007ef8                EXTI3_IRQHandler
 .text.EXTI4_IRQHandler
                0x0000000008007f78       0x1a __App/Src/daq_irq.o
                0x0000000008007f78                EXTI4_IRQHandler
 .text.get_last_circ_idx
                0x0000000008007f92       0x2a __App/Src/daq_trig.o
 .text.__NVIC_GetPriorityGrouping
                0x0000000008007fbc       0x1c __App/Src/daq_trig.o
 .text.__NVIC_EnableIRQ
                0x0000000008007fd8       0x3c __App/Src/daq_trig.o
 .text.__NVIC_DisableIRQ
                0x0000000008008014       0x44 __App/Src/daq_trig.o
 .text.__NVIC_ClearPendingIRQ
                0x0000000008008058       0x3c __App/Src/daq_trig.o
 .text.__NVIC_SetPriority
                0x0000000008008094       0x54 __App/Src/daq_trig.o
 .text.NVIC_EncodePriority
                0x00000000080080e8       0x66 __App/Src/daq_trig.o
 *fill*         0x000000000800814e        0x2 
 .text.iwdg_feed
                0x0000000008008150       0x1c __App/Src/daq_trig.o
 .text.LL_ADC_SetAnalogWDMonitChannels
                0x000000000800816c       0x74 __App/Src/daq_trig.o
 .text.LL_ADC_SetAnalogWDThresholds
                0x00000000080081e0       0x6e __App/Src/daq_trig.o
 .text.LL_ADC_GetAnalogWDThresholds
                0x000000000800824e       0x68 __App/Src/daq_trig.o
 *fill*         0x00000000080082b6        0x2 
 .text.LL_DMA_GetDataLength
                0x00000000080082b8       0x2c __App/Src/daq_trig.o
 .text.LL_SYSCFG_SetEXTISource
                0x00000000080082e4       0x5c __App/Src/daq_trig.o
 .text.LL_EXTI_EnableIT_0_31
                0x0000000008008340       0x24 __App/Src/daq_trig.o
 .text.LL_EXTI_DisableIT_0_31
                0x0000000008008364       0x28 __App/Src/daq_trig.o
 .text.LL_TIM_DisableCounter
                0x000000000800838c       0x20 __App/Src/daq_trig.o
 .text.daq_trig_init
                0x00000000080083ac      0x154 __App/Src/daq_trig.o
                0x00000000080083ac                daq_trig_init
 .text.daq_trig_check
                0x0000000008008500      0x230 __App/Src/daq_trig.o
                0x0000000008008500                daq_trig_check
 .text.daq_trig_trigger_scope
                0x0000000008008730      0x2d8 __App/Src/daq_trig.o
                0x0000000008008730                daq_trig_trigger_scope
 .text.daq_trig_trigger_la
                0x0000000008008a08       0xb0 __App/Src/daq_trig.o
                0x0000000008008a08                daq_trig_trigger_la
 .text.daq_trig_poststart
                0x0000000008008ab8       0x80 __App/Src/daq_trig.o
                0x0000000008008ab8                daq_trig_poststart
 .text.daq_trig_postcount
                0x0000000008008b38      0x468 __App/Src/daq_trig.o
                0x0000000008008b38                daq_trig_postcount
 .text.daq_trig_update
                0x0000000008008fa0       0x56 __App/Src/daq_trig.o
                0x0000000008008fa0                daq_trig_update
 *fill*         0x0000000008008ff6        0x2 
 .text.daq_trig_set
                0x0000000008008ff8      0x714 __App/Src/daq_trig.o
                0x0000000008008ff8                daq_trig_set
 .text.SysTick_Handler
                0x000000000800970c       0x30 __App/Src/irq.o
                0x000000000800970c                SysTick_Handler
 .text.SVC_Handler
                0x000000000800973c        0xc __App/Src/irq.o
                0x000000000800973c                SVC_Handler
 .text.PendSV_Handler
                0x0000000008009748        0xc __App/Src/irq.o
                0x0000000008009748                PendSV_Handler
 .text.led_init
                0x0000000008009754       0x2c __App/Src/led.o
                0x0000000008009754                led_init
 .text.led_set  0x0000000008009780       0x48 __App/Src/led.o
                0x0000000008009780                led_set
 .text.led_toggle
                0x00000000080097c8       0x52 __App/Src/led.o
                0x00000000080097c8                led_toggle
 .text.led_blink_set
                0x000000000800981a       0x34 __App/Src/led.o
                0x000000000800981a                led_blink_set
 .text.led_blink_do
                0x000000000800984e       0x62 __App/Src/led.o
                0x000000000800984e                led_blink_do
 .text.LL_ADC_SetResolution
                0x00000000080098b0       0x26 __App/Src/periph.o
 .text.LL_ADC_REG_SetTriggerSource
                0x00000000080098d6       0x26 __App/Src/periph.o
 .text.LL_ADC_REG_SetSequencerLength
                0x00000000080098fc       0x26 __App/Src/periph.o
 .text.LL_ADC_REG_SetSequencerRanks
                0x0000000008009922       0x6e __App/Src/periph.o
 .text.LL_ADC_REG_SetDMATransfer
                0x0000000008009990       0x26 __App/Src/periph.o
 .text.LL_ADC_REG_GetDMATransfer
                0x00000000080099b6       0x1c __App/Src/periph.o
 .text.LL_ADC_SetChannelSamplingTime
                0x00000000080099d2       0x98 __App/Src/periph.o
 .text.LL_ADC_SetMultimode
                0x0000000008009a6a       0x26 __App/Src/periph.o
 .text.LL_ADC_Enable
                0x0000000008009a90       0x28 __App/Src/periph.o
 .text.LL_ADC_StartCalibration
                0x0000000008009ab8       0x32 __App/Src/periph.o
 .text.LL_ADC_IsCalibrationOnGoing
                0x0000000008009aea       0x28 __App/Src/periph.o
 *fill*         0x0000000008009b12        0x2 
 .text.LL_DMA_EnableChannel
                0x0000000008009b14       0x40 __App/Src/periph.o
 .text.LL_DMA_DisableChannel
                0x0000000008009b54       0x40 __App/Src/periph.o
 .text.LL_DMA_SetPeriphSize
                0x0000000008009b94       0x48 __App/Src/periph.o
 .text.LL_DMA_SetMemorySize
                0x0000000008009bdc       0x48 __App/Src/periph.o
 .text.LL_DMA_SetDataLength
                0x0000000008009c24       0x48 __App/Src/periph.o
 .text.LL_DMA_ConfigAddresses
                0x0000000008009c6c       0x78 __App/Src/periph.o
 .text.dma_set  0x0000000008009ce4       0x54 __App/Src/periph.o
                0x0000000008009ce4                dma_set
 .text.adc_init
                0x0000000008009d38       0x30 __App/Src/periph.o
                0x0000000008009d38                adc_init
 .text.adc_init_calib
                0x0000000008009d68       0x6e __App/Src/periph.o
                0x0000000008009d68                adc_init_calib
 *fill*         0x0000000008009dd6        0x2 
 .text.adc_set_ch
                0x0000000008009dd8      0x18c __App/Src/periph.o
                0x0000000008009dd8                adc_set_ch
 .text.adc_get_next_rank
                0x0000000008009f64       0x42 __App/Src/periph.o
                0x0000000008009f64                adc_get_next_rank
 .text.adc_set_res
                0x0000000008009fa6       0x1a __App/Src/periph.o
                0x0000000008009fa6                adc_set_res
 .text.get_last_circ_idx
                0x0000000008009fc0       0x2a __App/Src/proto.o
 *fill*         0x0000000008009fea        0x2 
 .text.LL_DMA_GetDataLength
                0x0000000008009fec       0x2c __App/Src/proto.o
 .text.EM_Reset
                0x000000000800a018       0x4c __App/Src/proto.o
                0x000000000800a018                EM_Reset
 .text.EM_System_Mode
                0x000000000800a064       0xb0 __App/Src/proto.o
                0x000000000800a064                EM_System_Mode
 .text.EM_System_ModeQ
                0x000000000800a114       0x5c __App/Src/proto.o
                0x000000000800a114                EM_System_ModeQ
 .text.EM_System_LimitsQ
                0x000000000800a170       0xa0 __App/Src/proto.o
                0x000000000800a170                EM_System_LimitsQ
 .text.EM_VM_ReadQ
                0x000000000800a210      0x430 __App/Src/proto.o
                0x000000000800a210                EM_VM_ReadQ
 .text.EM_SCOPE_ReadQ
                0x000000000800a640      0x3b4 __App/Src/proto.o
                0x000000000800a640                EM_SCOPE_ReadQ
 .text.EM_SCOPE_Set
                0x000000000800a9f4      0x35c __App/Src/proto.o
                0x000000000800a9f4                EM_SCOPE_Set
 .text.EM_SCOPE_SetQ
                0x000000000800ad50      0x228 __App/Src/proto.o
                0x000000000800ad50                EM_SCOPE_SetQ
 .text.EM_LA_ReadQ
                0x000000000800af78      0x17c __App/Src/proto.o
                0x000000000800af78                EM_LA_ReadQ
 .text.EM_LA_Set
                0x000000000800b0f4      0x270 __App/Src/proto.o
                0x000000000800b0f4                EM_LA_Set
 .text.EM_LA_SetQ
                0x000000000800b364      0x110 __App/Src/proto.o
                0x000000000800b364                EM_LA_SetQ
 .text.EM_CNTR_Enable
                0x000000000800b474       0x64 __App/Src/proto.o
                0x000000000800b474                EM_CNTR_Enable
 .text.EM_CNTR_ReadQ
                0x000000000800b4d8      0x1b8 __App/Src/proto.o
                0x000000000800b4d8                EM_CNTR_ReadQ
 .text.EM_SGEN_Set
                0x000000000800b690       0x48 __App/Src/proto.o
                0x000000000800b690                EM_SGEN_Set
 .text.EM_PWM_SetQ
                0x000000000800b6d8       0xb8 __App/Src/proto.o
                0x000000000800b6d8                EM_PWM_SetQ
 .text.EM_PWM_Set
                0x000000000800b790      0x10c __App/Src/proto.o
                0x000000000800b790                EM_PWM_Set
 .text.EM_Force_Trig
                0x000000000800b89c      0x128 __App/Src/proto.o
                0x000000000800b89c                EM_Force_Trig
 .text.LL_TIM_EnableCounter
                0x000000000800b9c4       0x20 __App/Src/pwm.o
 .text.LL_TIM_DisableCounter
                0x000000000800b9e4       0x20 __App/Src/pwm.o
 .text.LL_TIM_SetCounter
                0x000000000800ba04       0x1c __App/Src/pwm.o
 .text.LL_TIM_SetPrescaler
                0x000000000800ba20       0x1c __App/Src/pwm.o
 .text.LL_TIM_SetAutoReload
                0x000000000800ba3c       0x1c __App/Src/pwm.o
 .text.LL_TIM_CC_EnableChannel
                0x000000000800ba58       0x22 __App/Src/pwm.o
 .text.LL_TIM_OC_SetCompareCH1
                0x000000000800ba7a       0x1c __App/Src/pwm.o
 *fill*         0x000000000800ba96        0x2 
 .text.pwm_init
                0x000000000800ba98       0x40 __App/Src/pwm.o
                0x000000000800ba98                pwm_init
 .text.pwm_set  0x000000000800bad8      0x26c __App/Src/pwm.o
                0x000000000800bad8                pwm_set
 .text.LL_DAC_EnableDMAReq
                0x000000000800bd44       0x2e __App/Src/sgen.o
 .text.LL_DAC_DMA_GetRegAddr
                0x000000000800bd72       0x3e __App/Src/sgen.o
 .text.LL_DAC_EnableTrigger
                0x000000000800bdb0       0x2c __App/Src/sgen.o
 .text.LL_TIM_EnableCounter
                0x000000000800bddc       0x20 __App/Src/sgen.o
 .text.LL_TIM_SetPrescaler
                0x000000000800bdfc       0x1c __App/Src/sgen.o
 .text.LL_TIM_SetAutoReload
                0x000000000800be18       0x1c __App/Src/sgen.o
 .text.sgen_init
                0x000000000800be34       0x3c __App/Src/sgen.o
                0x000000000800be34                sgen_init
 .text.sgen_enable
                0x000000000800be70      0x15c __App/Src/sgen.o
                0x000000000800be70                sgen_enable
 *fill*         0x000000000800bfcc        0x4 
 .text.sgen_const
                0x000000000800bfd0       0xd4 __App/Src/sgen.o
 *fill*         0x000000000800c0a4        0x4 
 .text.sgen_sine
                0x000000000800c0a8      0x1e0 __App/Src/sgen.o
 .text.sgen_square
                0x000000000800c288      0x168 __App/Src/sgen.o
 .text.sgen_triangle
                0x000000000800c3f0      0x17c __App/Src/sgen.o
 *fill*         0x000000000800c56c        0x4 
 .text.sgen_saw
                0x000000000800c570      0x15c __App/Src/sgen.o
 *fill*         0x000000000800c6cc        0x4 
 .text.sgen_rand
                0x000000000800c6d0      0x148 __App/Src/sgen.o
 .text.get_rnd  0x000000000800c818       0x56 __App/Src/sgen.o
 .text.assert2  0x000000000800c86e        0xc __App/Src/utility.o
                0x000000000800c86e                assert2
 *fill*         0x000000000800c87a        0x2 
 .text.get_avg_from_circ
                0x000000000800c87c      0x20c __App/Src/utility.o
                0x000000000800c87c                get_avg_from_circ
 .text.get_1ch_from_circ
                0x000000000800ca88      0x158 __App/Src/utility.o
                0x000000000800ca88                get_1ch_from_circ
 .text.get_freq
                0x000000000800cbe0       0xd4 __App/Src/utility.o
                0x000000000800cbe0                get_freq
 *fill*         0x000000000800ccb4        0x4 
 .text.sprint_fast
                0x000000000800ccb8      0x274 __App/Src/utility.o
                0x000000000800ccb8                sprint_fast
 .text.SCPI_ErrorInit
                0x000000000800cf2c       0x26 __App/Src/scpi/error.o
                0x000000000800cf2c                SCPI_ErrorInit
 .text.SCPI_ErrorEmitEmpty
                0x000000000800cf52       0x56 __App/Src/scpi/error.o
 .text.SCPI_ErrorEmit
                0x000000000800cfa8       0x40 __App/Src/scpi/error.o
 .text.SCPI_ErrorClear
                0x000000000800cfe8       0x20 __App/Src/scpi/error.o
                0x000000000800cfe8                SCPI_ErrorClear
 .text.SCPI_ErrorPop
                0x000000000800d008       0x3c __App/Src/scpi/error.o
                0x000000000800d008                SCPI_ErrorPop
 .text.SCPI_ErrorCount
                0x000000000800d044       0x28 __App/Src/scpi/error.o
                0x000000000800d044                SCPI_ErrorCount
 .text.SCPI_ErrorAddInternal
                0x000000000800d06c       0x68 __App/Src/scpi/error.o
 .text.SCPI_ErrorPushEx
                0x000000000800d0d4       0xf8 __App/Src/scpi/error.o
                0x000000000800d0d4                SCPI_ErrorPushEx
 .text.SCPI_ErrorPush
                0x000000000800d1cc       0x22 __App/Src/scpi/error.o
                0x000000000800d1cc                SCPI_ErrorPush
 *fill*         0x000000000800d1ee        0x2 
 .text.SCPI_ErrorTranslate
                0x000000000800d1f0      0x184 __App/Src/scpi/error.o
                0x000000000800d1f0                SCPI_ErrorTranslate
 .text.fifo_init
                0x000000000800d374       0x38 __App/Src/scpi/fifo.o
                0x000000000800d374                fifo_init
 .text.fifo_clear
                0x000000000800d3ac       0x26 __App/Src/scpi/fifo.o
                0x000000000800d3ac                fifo_clear
 .text.fifo_is_empty
                0x000000000800d3d2       0x24 __App/Src/scpi/fifo.o
                0x000000000800d3d2                fifo_is_empty
 .text.fifo_is_full
                0x000000000800d3f6       0x2a __App/Src/scpi/fifo.o
                0x000000000800d3f6                fifo_is_full
 .text.fifo_add
                0x000000000800d420       0x72 __App/Src/scpi/fifo.o
                0x000000000800d420                fifo_add
 .text.fifo_remove
                0x000000000800d492       0x6e __App/Src/scpi/fifo.o
                0x000000000800d492                fifo_remove
 .text.fifo_remove_last
                0x000000000800d500       0x78 __App/Src/scpi/fifo.o
                0x000000000800d500                fifo_remove_last
 .text.fifo_count
                0x000000000800d578       0x22 __App/Src/scpi/fifo.o
                0x000000000800d578                fifo_count
 .text.regUpdate
                0x000000000800d59a       0x2c __App/Src/scpi/ieee488.o
 .text.regUpdateEvent
                0x000000000800d5c6       0x48 __App/Src/scpi/ieee488.o
 .text.regUpdateSTB
                0x000000000800d60e       0x54 __App/Src/scpi/ieee488.o
 .text.SCPI_RegGet
                0x000000000800d662       0x32 __App/Src/scpi/ieee488.o
                0x000000000800d662                SCPI_RegGet
 .text.writeControl
                0x000000000800d694       0x44 __App/Src/scpi/ieee488.o
 .text.SCPI_RegSet
                0x000000000800d6d8      0x154 __App/Src/scpi/ieee488.o
                0x000000000800d6d8                SCPI_RegSet
 .text.SCPI_RegSetBits
                0x000000000800d82c       0x36 __App/Src/scpi/ieee488.o
                0x000000000800d82c                SCPI_RegSetBits
 .text.SCPI_RegClearBits
                0x000000000800d862       0x3e __App/Src/scpi/ieee488.o
                0x000000000800d862                SCPI_RegClearBits
 .text.SCPI_EventClear
                0x000000000800d8a0       0x1a __App/Src/scpi/ieee488.o
                0x000000000800d8a0                SCPI_EventClear
 .text.SCPI_CoreCls
                0x000000000800d8ba       0x32 __App/Src/scpi/ieee488.o
                0x000000000800d8ba                SCPI_CoreCls
 .text.SCPI_CoreEse
                0x000000000800d8ec       0x3a __App/Src/scpi/ieee488.o
                0x000000000800d8ec                SCPI_CoreEse
 .text.SCPI_CoreEseQ
                0x000000000800d926       0x24 __App/Src/scpi/ieee488.o
                0x000000000800d926                SCPI_CoreEseQ
 .text.SCPI_CoreEsrQ
                0x000000000800d94a       0x2e __App/Src/scpi/ieee488.o
                0x000000000800d94a                SCPI_CoreEsrQ
 .text.SCPI_CoreOpc
                0x000000000800d978       0x1c __App/Src/scpi/ieee488.o
                0x000000000800d978                SCPI_CoreOpc
 .text.SCPI_CoreOpcQ
                0x000000000800d994       0x1a __App/Src/scpi/ieee488.o
                0x000000000800d994                SCPI_CoreOpcQ
 .text.SCPI_CoreSre
                0x000000000800d9ae       0x3a __App/Src/scpi/ieee488.o
                0x000000000800d9ae                SCPI_CoreSre
 .text.SCPI_CoreSreQ
                0x000000000800d9e8       0x24 __App/Src/scpi/ieee488.o
                0x000000000800d9e8                SCPI_CoreSreQ
 .text.SCPI_CoreStbQ
                0x000000000800da0c       0x24 __App/Src/scpi/ieee488.o
                0x000000000800da0c                SCPI_CoreStbQ
 .text.SCPI_CoreWai
                0x000000000800da30       0x16 __App/Src/scpi/ieee488.o
                0x000000000800da30                SCPI_CoreWai
 .text.isws     0x000000000800da46       0x26 __App/Src/scpi/lexer.o
 .text.isbdigit
                0x000000000800da6c       0x26 __App/Src/scpi/lexer.o
 .text.isqdigit
                0x000000000800da92       0x4a __App/Src/scpi/lexer.o
 .text.iseos    0x000000000800dadc       0x2c __App/Src/scpi/lexer.o
 .text.scpiLex_IsEos
                0x000000000800db08       0x18 __App/Src/scpi/lexer.o
                0x000000000800db08                scpiLex_IsEos
 .text.ischr    0x000000000800db20       0x2a __App/Src/scpi/lexer.o
 .text.isplusmn
                0x000000000800db4a       0x26 __App/Src/scpi/lexer.o
 .text.isH      0x000000000800db70       0x26 __App/Src/scpi/lexer.o
 .text.isB      0x000000000800db96       0x26 __App/Src/scpi/lexer.o
 .text.isQ      0x000000000800dbbc       0x26 __App/Src/scpi/lexer.o
 .text.isE      0x000000000800dbe2       0x26 __App/Src/scpi/lexer.o
 .text.skipWs   0x000000000800dc08       0x46 __App/Src/scpi/lexer.o
 .text.skipDigit
                0x000000000800dc4e       0x46 __App/Src/scpi/lexer.o
 .text.skipNumbers
                0x000000000800dc94       0x4e __App/Src/scpi/lexer.o
 .text.skipPlusmn
                0x000000000800dce2       0x3e __App/Src/scpi/lexer.o
 .text.skipAlpha
                0x000000000800dd20       0x4e __App/Src/scpi/lexer.o
 .text.skipChr  0x000000000800dd6e       0x40 __App/Src/scpi/lexer.o
 .text.skipSlashDot
                0x000000000800ddae       0x46 __App/Src/scpi/lexer.o
 .text.skipStar
                0x000000000800ddf4       0x3a __App/Src/scpi/lexer.o
 .text.skipColon
                0x000000000800de2e       0x3a __App/Src/scpi/lexer.o
 .text.skipProgramMnemonic
                0x000000000800de68       0xa6 __App/Src/scpi/lexer.o
 .text.scpiLex_WhiteSpace
                0x000000000800df0e       0x4a __App/Src/scpi/lexer.o
                0x000000000800df0e                scpiLex_WhiteSpace
 .text.skipCommonProgramHeader
                0x000000000800df58       0x58 __App/Src/scpi/lexer.o
 .text.skipCompoundProgramHeader
                0x000000000800dfb0       0x6e __App/Src/scpi/lexer.o
 .text.scpiLex_ProgramHeader
                0x000000000800e01e       0xc4 __App/Src/scpi/lexer.o
                0x000000000800e01e                scpiLex_ProgramHeader
 .text.scpiLex_CharacterProgramData
                0x000000000800e0e2       0xb4 __App/Src/scpi/lexer.o
                0x000000000800e0e2                scpiLex_CharacterProgramData
 .text.skipMantisa
                0x000000000800e196       0x46 __App/Src/scpi/lexer.o
 .text.skipExponent
                0x000000000800e1dc       0x52 __App/Src/scpi/lexer.o
 .text.scpiLex_DecimalNumericProgramData
                0x000000000800e22e       0x78 __App/Src/scpi/lexer.o
                0x000000000800e22e                scpiLex_DecimalNumericProgramData
 .text.scpiLex_SuffixProgramData
                0x000000000800e2a6       0x96 __App/Src/scpi/lexer.o
                0x000000000800e2a6                scpiLex_SuffixProgramData
 .text.skipHexNum
                0x000000000800e33c       0x4e __App/Src/scpi/lexer.o
 .text.skipOctNum
                0x000000000800e38a       0x46 __App/Src/scpi/lexer.o
 .text.skipBinNum
                0x000000000800e3d0       0x46 __App/Src/scpi/lexer.o
 .text.scpiLex_NondecimalNumericData
                0x000000000800e416      0x102 __App/Src/scpi/lexer.o
                0x000000000800e416                scpiLex_NondecimalNumericData
 .text.isascii7bit
                0x000000000800e518       0x26 __App/Src/scpi/lexer.o
 .text.skipQuoteProgramData
                0x000000000800e53e       0xa2 __App/Src/scpi/lexer.o
 .text.skipDoubleQuoteProgramData
                0x000000000800e5e0       0x18 __App/Src/scpi/lexer.o
 .text.skipSingleQuoteProgramData
                0x000000000800e5f8       0x18 __App/Src/scpi/lexer.o
 .text.scpiLex_StringProgramData
                0x000000000800e610      0x120 __App/Src/scpi/lexer.o
                0x000000000800e610                scpiLex_StringProgramData
 .text.isNonzeroDigit
                0x000000000800e730       0x32 __App/Src/scpi/lexer.o
 .text.scpiLex_ArbitraryBlockProgramData
                0x000000000800e762      0x180 __App/Src/scpi/lexer.o
                0x000000000800e762                scpiLex_ArbitraryBlockProgramData
 .text.isProgramExpression
                0x000000000800e8e2       0x4a __App/Src/scpi/lexer.o
 .text.skipProgramExpression
                0x000000000800e92c       0x3a __App/Src/scpi/lexer.o
 .text.scpiLex_ProgramExpression
                0x000000000800e966       0xa8 __App/Src/scpi/lexer.o
                0x000000000800e966                scpiLex_ProgramExpression
 .text.scpiLex_Comma
                0x000000000800ea0e       0x46 __App/Src/scpi/lexer.o
                0x000000000800ea0e                scpiLex_Comma
 .text.scpiLex_Semicolon
                0x000000000800ea54       0x46 __App/Src/scpi/lexer.o
                0x000000000800ea54                scpiLex_Semicolon
 .text.scpiLex_NewLine
                0x000000000800ea9a       0x62 __App/Src/scpi/lexer.o
                0x000000000800ea9a                scpiLex_NewLine
 .text.SCPI_SystemVersionQ
                0x000000000800eafc       0x20 __App/Src/scpi/minimal.o
                0x000000000800eafc                SCPI_SystemVersionQ
 .text.SCPI_SystemErrorNextQ
                0x000000000800eb1c       0x2a __App/Src/scpi/minimal.o
                0x000000000800eb1c                SCPI_SystemErrorNextQ
 .text.SCPI_SystemErrorCountQ
                0x000000000800eb46       0x22 __App/Src/scpi/minimal.o
                0x000000000800eb46                SCPI_SystemErrorCountQ
 .text.writeData
                0x000000000800eb68       0x2e __App/Src/scpi/parser.o
 .text.flushData
                0x000000000800eb96       0x38 __App/Src/scpi/parser.o
 *fill*         0x000000000800ebce        0x2 
 .text.writeDelimiter
                0x000000000800ebd0       0x2c __App/Src/scpi/parser.o
 .text.writeNewLine
                0x000000000800ebfc       0x28 __App/Src/scpi/parser.o
 .text.writeSemicolon
                0x000000000800ec24       0x2c __App/Src/scpi/parser.o
 .text.processCommand
                0x000000000800ec50       0xb8 __App/Src/scpi/parser.o
 .text.findCommandHeader
                0x000000000800ed08       0x70 __App/Src/scpi/parser.o
 .text.SCPI_Parse
                0x000000000800ed78      0x158 __App/Src/scpi/parser.o
                0x000000000800ed78                SCPI_Parse
 .text.SCPI_Init
                0x000000000800eed0       0xc0 __App/Src/scpi/parser.o
                0x000000000800eed0                SCPI_Init
 .text.SCPI_Input
                0x000000000800ef90      0x14c __App/Src/scpi/parser.o
                0x000000000800ef90                SCPI_Input
 .text.SCPI_ResultCharacters
                0x000000000800f0dc       0x44 __App/Src/scpi/parser.o
                0x000000000800f0dc                SCPI_ResultCharacters
 .text.getBasePrefix
                0x000000000800f120       0x40 __App/Src/scpi/parser.o
 .text.resultUInt32BaseSign
                0x000000000800f160       0x8e __App/Src/scpi/parser.o
 .text.SCPI_ResultInt32
                0x000000000800f1ee       0x20 __App/Src/scpi/parser.o
                0x000000000800f1ee                SCPI_ResultInt32
 *fill*         0x000000000800f20e        0x2 
 .text.SCPI_ResultText
                0x000000000800f210       0xc8 __App/Src/scpi/parser.o
                0x000000000800f210                SCPI_ResultText
 .text.SCPI_ResultError
                0x000000000800f2d8      0x238 __App/Src/scpi/parser.o
                0x000000000800f2d8                SCPI_ResultError
 .text.SCPI_ResultArbitraryBlockHeader
                0x000000000800f510       0x58 __App/Src/scpi/parser.o
                0x000000000800f510                SCPI_ResultArbitraryBlockHeader
 .text.SCPI_ResultArbitraryBlockData
                0x000000000800f568       0x60 __App/Src/scpi/parser.o
                0x000000000800f568                SCPI_ResultArbitraryBlockData
 .text.SCPI_ResultArbitraryBlock
                0x000000000800f5c8       0x3c __App/Src/scpi/parser.o
                0x000000000800f5c8                SCPI_ResultArbitraryBlock
 .text.invalidateToken
                0x000000000800f604       0x28 __App/Src/scpi/parser.o
 .text.SCPI_Parameter
                0x000000000800f62c      0x100 __App/Src/scpi/parser.o
                0x000000000800f62c                SCPI_Parameter
 .text.SCPI_ParamIsNumber
                0x000000000800f72c       0x4c __App/Src/scpi/parser.o
                0x000000000800f72c                SCPI_ParamIsNumber
 .text.ParamSignToUInt32
                0x000000000800f778       0xe8 __App/Src/scpi/parser.o
 .text.ParamSignToUInt64
                0x000000000800f860       0xe8 __App/Src/scpi/parser.o
 .text.SCPI_ParamToUInt64
                0x000000000800f948       0x22 __App/Src/scpi/parser.o
                0x000000000800f948                SCPI_ParamToUInt64
 *fill*         0x000000000800f96a        0x2 
 .text.SCPI_ParamToDouble
                0x000000000800f96c       0xa0 __App/Src/scpi/parser.o
                0x000000000800f96c                SCPI_ParamToDouble
 .text.SCPI_ParamDouble
                0x000000000800fa0c       0x98 __App/Src/scpi/parser.o
                0x000000000800fa0c                SCPI_ParamDouble
 .text.ParamSignUInt32
                0x000000000800faa4       0xa4 __App/Src/scpi/parser.o
 .text.SCPI_ParamInt32
                0x000000000800fb48       0x24 __App/Src/scpi/parser.o
                0x000000000800fb48                SCPI_ParamInt32
 .text.SCPI_ParamUInt32
                0x000000000800fb6c       0x24 __App/Src/scpi/parser.o
                0x000000000800fb6c                SCPI_ParamUInt32
 .text.SCPI_ParamCharacters
                0x000000000800fb90       0x7c __App/Src/scpi/parser.o
                0x000000000800fb90                SCPI_ParamCharacters
 .text.scpiParser_parseProgramData
                0x000000000800fc0c       0xec __App/Src/scpi/parser.o
                0x000000000800fc0c                scpiParser_parseProgramData
 .text.scpiParser_parseAllProgramData
                0x000000000800fcf8       0xca __App/Src/scpi/parser.o
                0x000000000800fcf8                scpiParser_parseAllProgramData
 .text.scpiParser_detectProgramMessageUnit
                0x000000000800fdc2      0x136 __App/Src/scpi/parser.o
                0x000000000800fdc2                scpiParser_detectProgramMessageUnit
 .text.strnpbrk
                0x000000000800fef8       0x60 __App/Src/scpi/utils.o
                0x000000000800fef8                strnpbrk
 .text.UInt32ToStrBaseSign
                0x000000000800ff58      0x140 __App/Src/scpi/utils.o
                0x000000000800ff58                UInt32ToStrBaseSign
 .text.SCPI_UInt32ToStrBase
                0x0000000008010098       0x2c __App/Src/scpi/utils.o
                0x0000000008010098                SCPI_UInt32ToStrBase
 .text.strBaseToInt32
                0x00000000080100c4       0x34 __App/Src/scpi/utils.o
                0x00000000080100c4                strBaseToInt32
 .text.strBaseToUInt32
                0x00000000080100f8       0x34 __App/Src/scpi/utils.o
                0x00000000080100f8                strBaseToUInt32
 .text.strBaseToInt64
                0x000000000801012c       0x38 __App/Src/scpi/utils.o
                0x000000000801012c                strBaseToInt64
 .text.strBaseToUInt64
                0x0000000008010164       0x38 __App/Src/scpi/utils.o
                0x0000000008010164                strBaseToUInt64
 .text.strToDouble
                0x000000000801019c       0x34 __App/Src/scpi/utils.o
                0x000000000801019c                strToDouble
 .text.simple_strtod
                0x00000000080101d0      0x160 __App/Src/scpi/utils.o
                0x00000000080101d0                simple_strtod
 .text.compareStr
                0x0000000008010330       0x38 __App/Src/scpi/utils.o
                0x0000000008010330                compareStr
 .text.compareStrAndNum
                0x0000000008010368       0xb0 __App/Src/scpi/utils.o
                0x0000000008010368                compareStrAndNum
 .text.patternSeparatorShortPos
                0x0000000008010418       0x54 __App/Src/scpi/utils.o
 .text.patternSeparatorPos
                0x000000000801046c       0x34 __App/Src/scpi/utils.o
 .text.cmdSeparatorPos
                0x00000000080104a0       0x38 __App/Src/scpi/utils.o
 .text.matchPattern
                0x00000000080104d8       0xb2 __App/Src/scpi/utils.o
                0x00000000080104d8                matchPattern
 .text.matchCommand
                0x000000000801058a      0x392 __App/Src/scpi/utils.o
                0x000000000801058a                matchCommand
 .text.composeCompoundCommand
                0x000000000801091c       0xc8 __App/Src/scpi/utils.o
                0x000000000801091c                composeCompoundCommand
 .text.vListInitialise
                0x00000000080109e4       0x40 __OS/list.o
                0x00000000080109e4                vListInitialise
 .text.vListInitialiseItem
                0x0000000008010a24       0x1a __OS/list.o
                0x0000000008010a24                vListInitialiseItem
 .text.vListInsertEnd
                0x0000000008010a3e       0x48 __OS/list.o
                0x0000000008010a3e                vListInsertEnd
 .text.vListInsert
                0x0000000008010a86       0x72 __OS/list.o
                0x0000000008010a86                vListInsert
 .text.uxListRemove
                0x0000000008010af8       0x54 __OS/list.o
                0x0000000008010af8                uxListRemove
 .text.pxPortInitialiseStack
                0x0000000008010b4c       0x5c __OS/port.o
                0x0000000008010b4c                pxPortInitialiseStack
 .text.prvTaskExitError
                0x0000000008010ba8       0x54 __OS/port.o
 *fill*         0x0000000008010bfc        0x4 
 .text.vPortSVCHandler
                0x0000000008010c00       0x28 __OS/port.o
                0x0000000008010c00                vPortSVCHandler
 .text.prvPortStartFirstTask
                0x0000000008010c28       0x20 __OS/port.o
 .text.xPortStartScheduler
                0x0000000008010c48      0x100 __OS/port.o
                0x0000000008010c48                xPortStartScheduler
 .text.vPortEnterCritical
                0x0000000008010d48       0x5c __OS/port.o
                0x0000000008010d48                vPortEnterCritical
 .text.vPortExitCritical
                0x0000000008010da4       0x50 __OS/port.o
                0x0000000008010da4                vPortExitCritical
 *fill*         0x0000000008010df4        0xc 
 .text.xPortPendSVHandler
                0x0000000008010e00       0x48 __OS/port.o
                0x0000000008010e00                xPortPendSVHandler
 .text.xPortSysTickHandler
                0x0000000008010e48       0x40 __OS/port.o
                0x0000000008010e48                xPortSysTickHandler
 .text.vPortSetupTimerInterrupt
                0x0000000008010e88       0x38 __OS/port.o
                0x0000000008010e88                vPortSetupTimerInterrupt
 .text.vPortValidateInterruptPriority
                0x0000000008010ec0       0x7c __OS/port.o
                0x0000000008010ec0                vPortValidateInterruptPriority
 .text.xQueueGenericReset
                0x0000000008010f3c       0xd0 __OS/queue.o
                0x0000000008010f3c                xQueueGenericReset
 .text.xQueueGenericCreateStatic
                0x000000000801100c       0xdc __OS/queue.o
                0x000000000801100c                xQueueGenericCreateStatic
 .text.prvInitialiseNewQueue
                0x00000000080110e8       0x3e __OS/queue.o
 .text.prvInitialiseMutex
                0x0000000008011126       0x34 __OS/queue.o
 .text.xQueueCreateMutexStatic
                0x000000000801115a       0x36 __OS/queue.o
                0x000000000801115a                xQueueCreateMutexStatic
 .text.xQueueGenericSend
                0x0000000008011190      0x1f4 __OS/queue.o
                0x0000000008011190                xQueueGenericSend
 .text.xQueueGiveFromISR
                0x0000000008011384      0x112 __OS/queue.o
                0x0000000008011384                xQueueGiveFromISR
 *fill*         0x0000000008011496        0x2 
 .text.xQueueSemaphoreTake
                0x0000000008011498      0x210 __OS/queue.o
                0x0000000008011498                xQueueSemaphoreTake
 .text.prvGetDisinheritPriorityAfterTimeout
                0x00000000080116a8       0x30 __OS/queue.o
 .text.prvCopyDataToQueue
                0x00000000080116d8       0xd4 __OS/queue.o
 .text.prvUnlockQueue
                0x00000000080117ac       0xa4 __OS/queue.o
 .text.prvIsQueueEmpty
                0x0000000008011850       0x2c __OS/queue.o
 .text.prvIsQueueFull
                0x000000000801187c       0x30 __OS/queue.o
 .text.vApplicationStackOverflowHook
                0x00000000080118ac        0xe __OS/tasks.o
                0x00000000080118ac                vApplicationStackOverflowHook
 .text.xTaskCreateStatic
                0x00000000080118ba       0xaa __OS/tasks.o
                0x00000000080118ba                xTaskCreateStatic
 .text.prvInitialiseNewTask
                0x0000000008011964      0x10c __OS/tasks.o
 .text.prvAddNewTaskToReadyList
                0x0000000008011a70       0xd4 __OS/tasks.o
 .text.vTaskDelay
                0x0000000008011b44       0x68 __OS/tasks.o
                0x0000000008011b44                vTaskDelay
 .text.vApplicationGetIdleTaskMemory
                0x0000000008011bac       0x34 __OS/tasks.o
                0x0000000008011bac                vApplicationGetIdleTaskMemory
 .text.vTaskStartScheduler
                0x0000000008011be0       0xbc __OS/tasks.o
                0x0000000008011be0                vTaskStartScheduler
 .text.vTaskSuspendAll
                0x0000000008011c9c       0x1c __OS/tasks.o
                0x0000000008011c9c                vTaskSuspendAll
 .text.xTaskResumeAll
                0x0000000008011cb8      0x138 __OS/tasks.o
                0x0000000008011cb8                xTaskResumeAll
 .text.xTaskIncrementTick
                0x0000000008011df0      0x178 __OS/tasks.o
                0x0000000008011df0                xTaskIncrementTick
 .text.vTaskSwitchContext
                0x0000000008011f68      0x100 __OS/tasks.o
                0x0000000008011f68                vTaskSwitchContext
 .text.vTaskPlaceOnEventList
                0x0000000008012068       0x48 __OS/tasks.o
                0x0000000008012068                vTaskPlaceOnEventList
 .text.xTaskRemoveFromEventList
                0x00000000080120b0       0xc4 __OS/tasks.o
                0x00000000080120b0                xTaskRemoveFromEventList
 .text.vTaskInternalSetTimeOutState
                0x0000000008012174       0x2c __OS/tasks.o
                0x0000000008012174                vTaskInternalSetTimeOutState
 .text.xTaskCheckForTimeOut
                0x00000000080121a0       0xac __OS/tasks.o
                0x00000000080121a0                xTaskCheckForTimeOut
 .text.vTaskMissedYield
                0x000000000801224c       0x18 __OS/tasks.o
                0x000000000801224c                vTaskMissedYield
 .text.prvIdleTask
                0x0000000008012264       0x30 __OS/tasks.o
 .text.prvInitialiseTaskLists
                0x0000000008012294       0x6c __OS/tasks.o
 .text.prvCheckTasksWaitingTermination
                0x0000000008012300        0xe __OS/tasks.o
 *fill*         0x000000000801230e        0x2 
 .text.prvResetNextTaskUnblockTime
                0x0000000008012310       0x4c __OS/tasks.o
 .text.xTaskGetSchedulerState
                0x000000000801235c       0x3c __OS/tasks.o
                0x000000000801235c                xTaskGetSchedulerState
 .text.xTaskPriorityInherit
                0x0000000008012398      0x10c __OS/tasks.o
                0x0000000008012398                xTaskPriorityInherit
 .text.xTaskPriorityDisinherit
                0x00000000080124a4      0x108 __OS/tasks.o
                0x00000000080124a4                xTaskPriorityDisinherit
 .text.vTaskPriorityDisinheritAfterTimeout
                0x00000000080125ac      0x13c __OS/tasks.o
                0x00000000080125ac                vTaskPriorityDisinheritAfterTimeout
 .text.pvTaskIncrementMutexHeldCount
                0x00000000080126e8       0x28 __OS/tasks.o
                0x00000000080126e8                pvTaskIncrementMutexHeldCount
 .text.prvAddCurrentTaskToDelayedList
                0x0000000008012710       0xa8 __OS/tasks.o
 .text.__errno  0x00000000080127b8        0xc f:/programs/stm32cubeide_1.4.0/stm32cubeide/plugins/com.st.stm32cube.ide.mcu.externaltools.gnu-tools-for-stm32.7-2018-q2-update.win32_1.4.0.202007081208/tools/bin/../lib/gcc/arm-none-eabi/7.3.1/../../../../arm-none-eabi/lib/thumb/v7e-m/fpv4-sp/hard\libc_nano.a(lib_a-errno.o)
                0x00000000080127b8                __errno
 .text.__libc_init_array
                0x00000000080127c4       0x48 f:/programs/stm32cubeide_1.4.0/stm32cubeide/plugins/com.st.stm32cube.ide.mcu.externaltools.gnu-tools-for-stm32.7-2018-q2-update.win32_1.4.0.202007081208/tools/bin/../lib/gcc/arm-none-eabi/7.3.1/../../../../arm-none-eabi/lib/thumb/v7e-m/fpv4-sp/hard\libc_nano.a(lib_a-init.o)
                0x00000000080127c4                __libc_init_array
 .text.__locale_ctype_ptr_l
                0x000000000801280c        0x6 f:/programs/stm32cubeide_1.4.0/stm32cubeide/plugins/com.st.stm32cube.ide.mcu.externaltools.gnu-tools-for-stm32.7-2018-q2-update.win32_1.4.0.202007081208/tools/bin/../lib/gcc/arm-none-eabi/7.3.1/../../../../arm-none-eabi/lib/thumb/v7e-m/fpv4-sp/hard\libc_nano.a(lib_a-locale.o)
                0x000000000801280c                __locale_ctype_ptr_l
 *fill*         0x0000000008012812        0x2 
 .text.__locale_ctype_ptr
                0x0000000008012814       0x1c f:/programs/stm32cubeide_1.4.0/stm32cubeide/plugins/com.st.stm32cube.ide.mcu.externaltools.gnu-tools-for-stm32.7-2018-q2-update.win32_1.4.0.202007081208/tools/bin/../lib/gcc/arm-none-eabi/7.3.1/../../../../arm-none-eabi/lib/thumb/v7e-m/fpv4-sp/hard\libc_nano.a(lib_a-locale.o)
                0x0000000008012814                __locale_ctype_ptr
 .text.__ascii_mbtowc
                0x0000000008012830       0x24 f:/programs/stm32cubeide_1.4.0/stm32cubeide/plugins/com.st.stm32cube.ide.mcu.externaltools.gnu-tools-for-stm32.7-2018-q2-update.win32_1.4.0.202007081208/tools/bin/../lib/gcc/arm-none-eabi/7.3.1/../../../../arm-none-eabi/lib/thumb/v7e-m/fpv4-sp/hard\libc_nano.a(lib_a-mbtowc_r.o)
                0x0000000008012830                __ascii_mbtowc
 .text.memcpy   0x0000000008012854       0x16 f:/programs/stm32cubeide_1.4.0/stm32cubeide/plugins/com.st.stm32cube.ide.mcu.externaltools.gnu-tools-for-stm32.7-2018-q2-update.win32_1.4.0.202007081208/tools/bin/../lib/gcc/arm-none-eabi/7.3.1/../../../../arm-none-eabi/lib/thumb/v7e-m/fpv4-sp/hard\libc_nano.a(lib_a-memcpy-stub.o)
                0x0000000008012854                memcpy
 .text.memmove  0x000000000801286a       0x32 f:/programs/stm32cubeide_1.4.0/stm32cubeide/plugins/com.st.stm32cube.ide.mcu.externaltools.gnu-tools-for-stm32.7-2018-q2-update.win32_1.4.0.202007081208/tools/bin/../lib/gcc/arm-none-eabi/7.3.1/../../../../arm-none-eabi/lib/thumb/v7e-m/fpv4-sp/hard\libc_nano.a(lib_a-memmove.o)
                0x000000000801286a                memmove