core_cm4.h:1676:26:__NVIC_GetPriorityGrouping	4	static
core_cm4.h:1688:22:__NVIC_EnableIRQ	16	static
core_cm4.h:1724:22:__NVIC_DisableIRQ	16	static,ignoring_inline_asm
core_cm4.h:1816:22:__NVIC_SetPriority	16	static
core_cm4.h:1863:26:NVIC_EncodePriority	40	static
stm32f3xx_ll_dma.h:938:26:LL_DMA_GetDataLength	16	static
stm32f3xx_ll_tim.h:1353:22:LL_TIM_EnableCounter	16	static
stm32f3xx_ll_tim.h:1364:22:LL_TIM_DisableCounter	16	static
stm32f3xx_ll_tim.h:1604:22:LL_TIM_SetCounter	16	static
stm32f3xx_ll_tim.h:1877:22:LL_TIM_CC_EnableChannel	16	static
stm32f3xx_ll_tim.h:1907:22:LL_TIM_CC_DisableChannel	16	static
stm32f3xx_ll_tim.h:2609:22:LL_TIM_OC_SetCompareCH1	16	static
stm32f3xx_ll_tim.h:4349:22:LL_TIM_EnableIT_UPDATE	16	static
stm32f3xx_ll_tim.h:4719:22:LL_TIM_EnableDMAReq_CC3	16	static
stm32f3xx_ll_tim.h:4730:22:LL_TIM_DisableDMAReq_CC3	16	static
stm32f3xx_ll_tim.h:4752:22:LL_TIM_EnableDMAReq_CC4	16	static
stm32f3xx_ll_tim.h:4763:22:LL_TIM_DisableDMAReq_CC4	16	static
cntr.c:21:6:cntr_init	16	static
cntr.c:28:13:cntr_reset	32	static
cntr.c:46:6:cntr_enable	24	static
cntr.c:55:6:cntr_start	16	static
cntr.c:79:6:cntr_meas	56	static
