core_cm4.h:1676:26:__NVIC_GetPriorityGrouping	4	static
core_cm4.h:1688:22:__NVIC_EnableIRQ	16	static
core_cm4.h:1724:22:__NVIC_DisableIRQ	16	static,ignoring_inline_asm
core_cm4.h:1777:22:__NVIC_ClearPendingIRQ	16	static
core_cm4.h:1816:22:__NVIC_SetPriority	16	static
core_cm4.h:1863:26:NVIC_EncodePriority	40	static
stm32f3xx_ll_adc.h:2493:26:LL_ADC_DMA_GetRegAddr	24	static
stm32f3xx_ll_adc.h:5177:22:LL_ADC_SetAnalogWDMonitChannels	40	static,ignoring_inline_asm
stm32f3xx_ll_adc.h:5958:22:LL_ADC_REG_StartConversion	16	static
stm32f3xx_ll_adc.h:5978:22:LL_ADC_REG_StopConversion	16	static
stm32f3xx_ll_tim.h:1353:22:LL_TIM_EnableCounter	16	static
stm32f3xx_ll_tim.h:1364:22:LL_TIM_DisableCounter	16	static
stm32f3xx_ll_tim.h:1646:22:LL_TIM_SetPrescaler	16	static
stm32f3xx_ll_tim.h:1673:22:LL_TIM_SetAutoReload	16	static
stm32f3xx_ll_tim.h:4653:22:LL_TIM_EnableDMAReq_CC1	16	static
stm32f3xx_ll_tim.h:4664:22:LL_TIM_DisableDMAReq_CC1	16	static
daq.c:26:6:daq_init	16	static
daq.c:74:6:daq_settings_save	24	static
daq.c:93:6:daq_settings_init	16	static
daq.c:130:5:daq_mem_set	80	static
daq.c:251:13:daq_malloc	72	static
daq.c:330:13:daq_clear_buff	16	static
daq.c:338:5:daq_bit_set	24	static
daq.c:390:5:daq_fs_set	48	static
daq.c:449:5:daq_ch_set	88	static
daq.c:633:6:daq_reset	16	static
daq.c:659:6:daq_enable	24	static,ignoring_inline_asm
daq.c:722:13:daq_enable_adc	24	static
daq.c:743:6:daq_mode_set	80	static
