utility.h:24:19:get_last_circ_idx	24	static
core_cm4.h:1724:22:__NVIC_DisableIRQ	16	static,ignoring_inline_asm
stm32f3xx_ll_adc.h:5177:22:LL_ADC_SetAnalogWDMonitChannels	40	static,ignoring_inline_asm
stm32f3xx_ll_adc.h:6432:26:LL_ADC_IsActiveFlag_AWD1	16	static
stm32f3xx_ll_adc.h:6556:22:LL_ADC_ClearFlag_AWD1	16	static
stm32f3xx_ll_dma.h:938:26:LL_DMA_GetDataLength	16	static
stm32f3xx_ll_exti.h:1203:26:LL_EXTI_IsActiveFlag_0_31	16	static
stm32f3xx_ll_exti.h:1320:22:LL_EXTI_ClearFlag_0_31	16	static
daq_irq.c:15:6:ADC1_2_IRQHandler	16	static
daq_irq.c:35:6:ADC3_IRQHandler	16	static
daq_irq.c:47:6:ADC4_IRQHandler	16	static
daq_irq.c:60:6:EXTI0_IRQHandler	16	static
daq_irq.c:72:6:EXTI1_IRQHandler	16	static
daq_irq.c:84:6:EXTI2_TSC_IRQHandler	16	static
daq_irq.c:96:6:EXTI3_IRQHandler	16	static
daq_irq.c:108:6:EXTI4_IRQHandler	8	static
