utility.h:24:19:get_last_circ_idx	24	static
core_cm4.h:1676:26:__NVIC_GetPriorityGrouping	4	static
core_cm4.h:1688:22:__NVIC_EnableIRQ	16	static
core_cm4.h:1724:22:__NVIC_DisableIRQ	16	static,ignoring_inline_asm
core_cm4.h:1777:22:__NVIC_ClearPendingIRQ	16	static
core_cm4.h:1816:22:__NVIC_SetPriority	16	static
core_cm4.h:1863:26:NVIC_EncodePriority	40	static
periph.h:9:20:iwdg_feed	4	static
stm32f3xx_ll_adc.h:5177:22:LL_ADC_SetAnalogWDMonitChannels	40	static,ignoring_inline_asm
stm32f3xx_ll_adc.h:5474:22:LL_ADC_SetAnalogWDThresholds	48	static,ignoring_inline_asm
stm32f3xx_ll_adc.h:5516:26:LL_ADC_GetAnalogWDThresholds	48	static,ignoring_inline_asm
stm32f3xx_ll_dma.h:938:26:LL_DMA_GetDataLength	16	static
stm32f3xx_ll_system.h:1105:22:LL_SYSCFG_SetEXTISource	24	static,ignoring_inline_asm
stm32f3xx_ll_exti.h:308:22:LL_EXTI_EnableIT_0_31	16	static
stm32f3xx_ll_exti.h:380:22:LL_EXTI_DisableIT_0_31	16	static
stm32f3xx_ll_tim.h:1364:22:LL_TIM_DisableCounter	16	static
daq_trig.c:25:6:daq_trig_init	16	static
daq_trig.c:55:6:daq_trig_check	24	static
daq_trig.c:104:6:daq_trig_trigger_scope	48	static
daq_trig.c:181:6:daq_trig_trigger_la	16	static
daq_trig.c:226:6:daq_trig_poststart	24	static,ignoring_inline_asm
daq_trig.c:238:6:daq_trig_postcount	48	static
daq_trig.c:322:6:daq_trig_update	32	static
daq_trig.c:328:6:daq_trig_disable	24	static
daq_trig.c:333:5:daq_trig_set	64	static
