tasks.c:448:7:vApplicationStackOverflowHook	16	static,ignoring_inline_asm
tasks.c:627:15:xTaskCreateStatic	64	static,ignoring_inline_asm
tasks.c:865:13:prvInitialiseNewTask	40	static,ignoring_inline_asm
tasks.c:1069:13:prvAddNewTaskToReadyList	16	static,ignoring_inline_asm
tasks.c:1330:7:vTaskDelay	24	static,ignoring_inline_asm
tasks.c:1446:14:uxTaskPriorityGet	24	static
tasks.c:1468:14:uxTaskPriorityGetFromISR	40	static,ignoring_inline_asm
tasks.c:1508:7:vTaskPrioritySet	40	static,ignoring_inline_asm
tasks.c:1944:6:vApplicationGetIdleTaskMemory	24	static
tasks.c:1967:6:vTaskStartScheduler	48	static,ignoring_inline_asm
tasks.c:2087:6:vTaskEndScheduler	16	static,ignoring_inline_asm
tasks.c:2098:6:vTaskSuspendAll	4	static
tasks.c:2171:12:xTaskResumeAll	24	static,ignoring_inline_asm
tasks.c:2281:12:xTaskGetTickCount	16	static
tasks.c:2296:12:xTaskGetTickCountFromISR	16	static
tasks.c:2327:13:uxTaskGetNumberOfTasks	4	static
tasks.c:2335:7:pcTaskGetName	24	static,ignoring_inline_asm
tasks.c:2655:12:xTaskIncrementTick	32	static,ignoring_inline_asm
tasks.c:2917:6:vTaskSwitchContext	40	static,ignoring_inline_asm
tasks.c:2976:6:vTaskPlaceOnEventList	24	static,ignoring_inline_asm
tasks.c:2993:6:vTaskPlaceOnUnorderedEventList	32	static,ignoring_inline_asm
tasks.c:3050:12:xTaskRemoveFromEventList	32	static,ignoring_inline_asm
tasks.c:3118:6:vTaskRemoveFromUnorderedEventList	32	static,ignoring_inline_asm
tasks.c:3152:6:vTaskSetTimeOutState	24	static,ignoring_inline_asm
tasks.c:3164:6:vTaskInternalSetTimeOutState	16	static
tasks.c:3172:12:xTaskCheckForTimeOut	40	static,ignoring_inline_asm
tasks.c:3234:6:vTaskMissedYield	4	static
tasks.c:3289:8:prvIdleTask	16	static,ignoring_inline_asm
tasks.c:3496:13:prvInitialiseTaskLists	16	static
tasks.c:3528:13:prvCheckTasksWaitingTermination	4	static
tasks.c:3805:13:prvResetNextTaskUnblockTime	16	static
tasks.c:3831:15:xTaskGetCurrentTaskHandle	16	static
tasks.c:3848:13:xTaskGetSchedulerState	16	static
tasks.c:3876:13:xTaskPriorityInherit	24	static
tasks.c:3963:13:xTaskPriorityDisinherit	32	static,ignoring_inline_asm
tasks.c:4043:7:vTaskPriorityDisinheritAfterTimeout	40	static,ignoring_inline_asm
tasks.c:4454:12:uxTaskResetEventItemValue	16	static
tasks.c:4470:8:pvTaskIncrementMutexHeldCount	4	static
tasks.c:4487:11:ulTaskNotifyTake	24	static,ignoring_inline_asm
tasks.c:4555:13:xTaskNotifyWait	32	static,ignoring_inline_asm
tasks.c:4635:13:xTaskGenericNotify	48	static,ignoring_inline_asm
tasks.c:4741:13:xTaskGenericNotifyFromISR	64	static,ignoring_inline_asm
tasks.c:4865:7:vTaskNotifyGiveFromISR	48	static,ignoring_inline_asm
tasks.c:4954:13:xTaskNotifyStateClear	24	static
tasks.c:4984:13:prvAddCurrentTaskToDelayedList	24	static
