stm32f1xx_hal_tim_ex.c:2271:13:TIM_CCxNChannelCmd	8	static
stm32f1xx_hal_tim_ex.c:2226:13:TIM_DMAErrorCCxN	8	static
stm32f1xx_hal_tim_ex.c:2167:13:TIM_DMADelayPulseNCplt	8	static
stm32f1xx_hal_tim_ex.c:281:13:HAL_TIMEx_HallSensor_MspInit	0	static
stm32f1xx_hal_tim_ex.c:135:19:HAL_TIMEx_HallSensor_Init	48	static
stm32f1xx_hal_tim_ex.c:296:13:HAL_TIMEx_HallSensor_MspDeInit	0	static
stm32f1xx_hal_tim_ex.c:236:19:HAL_TIMEx_HallSensor_DeInit	8	static
stm32f1xx_hal_tim_ex.c:311:19:HAL_TIMEx_HallSensor_Start	16	static
stm32f1xx_hal_tim_ex.c:364:19:HAL_TIMEx_HallSensor_Stop	8	static
stm32f1xx_hal_tim_ex.c:391:19:HAL_TIMEx_HallSensor_Start_IT	16	static
stm32f1xx_hal_tim_ex.c:447:19:HAL_TIMEx_HallSensor_Stop_IT	8	static
stm32f1xx_hal_tim_ex.c:479:19:HAL_TIMEx_HallSensor_Start_DMA	16	static
stm32f1xx_hal_tim_ex.c:554:19:HAL_TIMEx_HallSensor_Stop_DMA	8	static
stm32f1xx_hal_tim_ex.c:615:19:HAL_TIMEx_OCN_Start	8	static
stm32f1xx_hal_tim_ex.c:666:19:HAL_TIMEx_OCN_Stop	16	static
stm32f1xx_hal_tim_ex.c:698:19:HAL_TIMEx_OCN_Start_IT	8	static
stm32f1xx_hal_tim_ex.c:780:19:HAL_TIMEx_OCN_Stop_IT	16	static
stm32f1xx_hal_tim_ex.c:849:19:HAL_TIMEx_OCN_Start_DMA	16	static
stm32f1xx_hal_tim_ex.c:978:19:HAL_TIMEx_OCN_Stop_DMA	16	static
stm32f1xx_hal_tim_ex.c:1073:19:HAL_TIMEx_PWMN_Start	0	static
stm32f1xx_hal_tim_ex.c:1123:19:HAL_TIMEx_PWMN_Stop	0	static
stm32f1xx_hal_tim_ex.c:1155:19:HAL_TIMEx_PWMN_Start_IT	0	static
stm32f1xx_hal_tim_ex.c:1236:19:HAL_TIMEx_PWMN_Stop_IT	0	static
stm32f1xx_hal_tim_ex.c:1306:19:HAL_TIMEx_PWMN_Start_DMA	0	static
stm32f1xx_hal_tim_ex.c:1435:19:HAL_TIMEx_PWMN_Stop_DMA	0	static
stm32f1xx_hal_tim_ex.c:1518:19:HAL_TIMEx_OnePulseN_Start	16	static
stm32f1xx_hal_tim_ex.c:1559:19:HAL_TIMEx_OnePulseN_Stop	16	static
stm32f1xx_hal_tim_ex.c:1594:19:HAL_TIMEx_OnePulseN_Start_IT	16	static
stm32f1xx_hal_tim_ex.c:1641:19:HAL_TIMEx_OnePulseN_Stop_IT	16	static
stm32f1xx_hal_tim_ex.c:1718:19:HAL_TIMEx_ConfigCommutEvent	8	static
stm32f1xx_hal_tim_ex.c:1774:19:HAL_TIMEx_ConfigCommutEvent_IT	8	static
stm32f1xx_hal_tim_ex.c:1831:19:HAL_TIMEx_ConfigCommutEvent_DMA	8	static
stm32f1xx_hal_tim_ex.c:1880:19:HAL_TIMEx_MasterConfigSynchronization	12	static
stm32f1xx_hal_tim_ex.c:1941:19:HAL_TIMEx_ConfigBreakDeadTime	0	static
stm32f1xx_hal_tim_ex.c:1988:19:HAL_TIMEx_RemapConfig	0	static
stm32f1xx_hal_tim_ex.c:2022:13:HAL_TIMEx_CommutCallback	0	static
stm32f1xx_hal_tim_ex.c:2128:6:TIMEx_DMACommutationCplt	8	static
stm32f1xx_hal_tim_ex.c:2036:13:HAL_TIMEx_CommutHalfCpltCallback	0	static
stm32f1xx_hal_tim_ex.c:2147:6:TIMEx_DMACommutationHalfCplt	8	static
stm32f1xx_hal_tim_ex.c:2051:13:HAL_TIMEx_BreakCallback	0	static
stm32f1xx_hal_tim_ex.c:2084:22:HAL_TIMEx_HallSensor_GetState	0	static
stm32f1xx_hal_tim_ex.c:2099:29:HAL_TIMEx_GetChannelNState	0	static
