stm32f1xx_hal_tim.c:6628:13:TIM_OC1_SetConfig	16	static
stm32f1xx_hal_tim.c:6779:13:TIM_OC3_SetConfig	16	static
stm32f1xx_hal_tim.c:6853:13:TIM_OC4_SetConfig	12	static
stm32f1xx_hal_tim.c:368:13:HAL_TIM_Base_MspInit	0	static
stm32f1xx_hal_tim.c:383:13:HAL_TIM_Base_MspDeInit	0	static
stm32f1xx_hal_tim.c:325:19:HAL_TIM_Base_DeInit	8	static
stm32f1xx_hal_tim.c:399:19:HAL_TIM_Base_Start	0	static
stm32f1xx_hal_tim.c:438:19:HAL_TIM_Base_Stop	0	static
stm32f1xx_hal_tim.c:458:19:HAL_TIM_Base_Start_IT	0	static
stm32f1xx_hal_tim.c:500:19:HAL_TIM_Base_Stop_IT	0	static
stm32f1xx_hal_tim.c:525:19:HAL_TIM_Base_Start_DMA	8	static
stm32f1xx_hal_tim.c:593:19:HAL_TIM_Base_Stop_DMA	8	static
stm32f1xx_hal_tim.c:750:13:HAL_TIM_OC_MspInit	0	static
stm32f1xx_hal_tim.c:765:13:HAL_TIM_OC_MspDeInit	0	static
stm32f1xx_hal_tim.c:707:19:HAL_TIM_OC_DeInit	8	static
stm32f1xx_hal_tim.c:1387:13:HAL_TIM_PWM_MspInit	0	static
stm32f1xx_hal_tim.c:1402:13:HAL_TIM_PWM_MspDeInit	0	static
stm32f1xx_hal_tim.c:1344:19:HAL_TIM_PWM_DeInit	8	static
stm32f1xx_hal_tim.c:2022:13:HAL_TIM_IC_MspInit	0	static
stm32f1xx_hal_tim.c:2037:13:HAL_TIM_IC_MspDeInit	0	static
stm32f1xx_hal_tim.c:1979:19:HAL_TIM_IC_DeInit	8	static
stm32f1xx_hal_tim.c:2655:13:HAL_TIM_OnePulse_MspInit	0	static
stm32f1xx_hal_tim.c:2670:13:HAL_TIM_OnePulse_MspDeInit	0	static
stm32f1xx_hal_tim.c:2610:19:HAL_TIM_OnePulse_DeInit	8	static
stm32f1xx_hal_tim.c:2689:19:HAL_TIM_OnePulse_Start	8	static
stm32f1xx_hal_tim.c:2745:19:HAL_TIM_OnePulse_Stop	0	static
stm32f1xx_hal_tim.c:2787:19:HAL_TIM_OnePulse_Start_IT	8	static
stm32f1xx_hal_tim.c:2849:19:HAL_TIM_OnePulse_Stop_IT	0	static
stm32f1xx_hal_tim.c:3086:13:HAL_TIM_Encoder_MspInit	0	static
stm32f1xx_hal_tim.c:3101:13:HAL_TIM_Encoder_MspDeInit	0	static
stm32f1xx_hal_tim.c:3041:19:HAL_TIM_Encoder_DeInit	8	static
stm32f1xx_hal_tim.c:3121:19:HAL_TIM_Encoder_Start	12	static
stm32f1xx_hal_tim.c:3215:19:HAL_TIM_Encoder_Stop	8	static
stm32f1xx_hal_tim.c:3275:19:HAL_TIM_Encoder_Start_IT	12	static
stm32f1xx_hal_tim.c:3375:19:HAL_TIM_Encoder_Stop_IT	8	static
stm32f1xx_hal_tim.c:3440:19:HAL_TIM_Encoder_Start_DMA	32	static
stm32f1xx_hal_tim.c:3648:19:HAL_TIM_Encoder_Stop_DMA	16	static
stm32f1xx_hal_tim.c:4405:19:HAL_TIM_DMABurst_MultiWriteStart	24	static
stm32f1xx_hal_tim.c:4359:19:HAL_TIM_DMABurst_WriteStart	24	static
stm32f1xx_hal_tim.c:4582:19:HAL_TIM_DMABurst_WriteStop	16	static
stm32f1xx_hal_tim.c:4723:19:HAL_TIM_DMABurst_MultiReadStart	24	static
stm32f1xx_hal_tim.c:4677:19:HAL_TIM_DMABurst_ReadStart	24	static
stm32f1xx_hal_tim.c:4901:19:HAL_TIM_DMABurst_ReadStop	0	static
stm32f1xx_hal_tim.c:4978:19:HAL_TIM_GenerateEvent	0	static
stm32f1xx_hal_tim.c:5291:19:HAL_TIM_ConfigTI1Input	0	static
stm32f1xx_hal_tim.c:5406:10:HAL_TIM_ReadCapturedValue	0	static
stm32f1xx_hal_tim.c:5490:13:HAL_TIM_PeriodElapsedCallback	0	static
stm32f1xx_hal_tim.c:6505:13:TIM_DMAPeriodElapsedCplt	8	static
stm32f1xx_hal_tim.c:5505:13:HAL_TIM_PeriodElapsedHalfCpltCallback	0	static
stm32f1xx_hal_tim.c:6526:13:TIM_DMAPeriodElapsedHalfCplt	8	static
stm32f1xx_hal_tim.c:5520:13:HAL_TIM_OC_DelayElapsedCallback	0	static
stm32f1xx_hal_tim.c:5535:13:HAL_TIM_IC_CaptureCallback	0	static
stm32f1xx_hal_tim.c:6403:6:TIM_DMACaptureCplt	8	static
stm32f1xx_hal_tim.c:5550:13:HAL_TIM_IC_CaptureHalfCpltCallback	0	static
stm32f1xx_hal_tim.c:6466:6:TIM_DMACaptureHalfCplt	8	static
stm32f1xx_hal_tim.c:5565:13:HAL_TIM_PWM_PulseFinishedCallback	0	static
stm32f1xx_hal_tim.c:6305:13:TIM_DMADelayPulseCplt	8	static
stm32f1xx_hal_tim.c:5580:13:HAL_TIM_PWM_PulseFinishedHalfCpltCallback	0	static
stm32f1xx_hal_tim.c:6364:6:TIM_DMADelayPulseHalfCplt	8	static
stm32f1xx_hal_tim.c:5595:13:HAL_TIM_TriggerCallback	0	static
stm32f1xx_hal_tim.c:3725:6:HAL_TIM_IRQHandler	8	static
stm32f1xx_hal_tim.c:6542:13:TIM_DMATriggerCplt	8	static
stm32f1xx_hal_tim.c:5610:13:HAL_TIM_TriggerHalfCpltCallback	0	static
stm32f1xx_hal_tim.c:6563:13:TIM_DMATriggerHalfCplt	8	static
stm32f1xx_hal_tim.c:5625:13:HAL_TIM_ErrorCallback	0	static
stm32f1xx_hal_tim.c:6262:6:TIM_DMAError	8	static
stm32f1xx_hal_tim.c:6142:22:HAL_TIM_Base_GetState	0	static
stm32f1xx_hal_tim.c:6152:22:HAL_TIM_OC_GetState	0	static
stm32f1xx_hal_tim.c:6162:22:HAL_TIM_PWM_GetState	0	static
stm32f1xx_hal_tim.c:6172:22:HAL_TIM_IC_GetState	0	static
stm32f1xx_hal_tim.c:6182:22:HAL_TIM_OnePulse_GetState	0	static
stm32f1xx_hal_tim.c:6192:22:HAL_TIM_Encoder_GetState	0	static
stm32f1xx_hal_tim.c:6202:23:HAL_TIM_GetActiveChannel	0	static
stm32f1xx_hal_tim.c:6220:29:HAL_TIM_GetChannelState	0	static
stm32f1xx_hal_tim.c:6237:30:HAL_TIM_DMABurstState	0	static
stm32f1xx_hal_tim.c:6580:6:TIM_Base_SetConfig	0	static
stm32f1xx_hal_tim.c:266:19:HAL_TIM_Base_Init	8	static
stm32f1xx_hal_tim.c:648:19:HAL_TIM_OC_Init	8	static
stm32f1xx_hal_tim.c:1285:19:HAL_TIM_PWM_Init	8	static
stm32f1xx_hal_tim.c:1920:19:HAL_TIM_IC_Init	8	static
stm32f1xx_hal_tim.c:2542:19:HAL_TIM_OnePulse_Init	16	static
stm32f1xx_hal_tim.c:2928:19:HAL_TIM_Encoder_Init	24	static
stm32f1xx_hal_tim.c:6703:6:TIM_OC2_SetConfig	16	static
stm32f1xx_hal_tim.c:3940:19:HAL_TIM_OC_ConfigChannel	8	static
stm32f1xx_hal_tim.c:4109:19:HAL_TIM_PWM_ConfigChannel	16	static
stm32f1xx_hal_tim.c:7044:6:TIM_TI1_SetConfig	16	static
stm32f1xx_hal_tim.c:4016:19:HAL_TIM_IC_ConfigChannel	24	static
stm32f1xx_hal_tim.c:4220:19:HAL_TIM_OnePulse_ConfigChannel	48	static
stm32f1xx_hal_tim.c:7336:6:TIM_ETR_SetConfig	8	static
stm32f1xx_hal_tim.c:5015:19:HAL_TIM_ConfigOCrefClear	16	static
stm32f1xx_hal_tim.c:5139:19:HAL_TIM_ConfigClockSource	16	static
stm32f1xx_hal_tim.c:6913:26:TIM_SlaveTimer_SetConfig	16	static
stm32f1xx_hal_tim.c:5323:19:HAL_TIM_SlaveConfigSynchro	16	static
stm32f1xx_hal_tim.c:5363:19:HAL_TIM_SlaveConfigSynchro_IT	16	static
stm32f1xx_hal_tim.c:7366:6:TIM_CCxChannelCmd	8	static
stm32f1xx_hal_tim.c:786:19:HAL_TIM_OC_Start	8	static
stm32f1xx_hal_tim.c:1423:19:HAL_TIM_PWM_Start	0	static
stm32f1xx_hal_tim.c:840:19:HAL_TIM_OC_Stop	16	static
stm32f1xx_hal_tim.c:1477:19:HAL_TIM_PWM_Stop	0	static
stm32f1xx_hal_tim.c:875:19:HAL_TIM_OC_Start_IT	8	static
stm32f1xx_hal_tim.c:1512:19:HAL_TIM_PWM_Start_IT	0	static
stm32f1xx_hal_tim.c:963:19:HAL_TIM_OC_Stop_IT	16	static
stm32f1xx_hal_tim.c:1599:19:HAL_TIM_PWM_Stop_IT	0	static
stm32f1xx_hal_tim.c:1034:19:HAL_TIM_OC_Start_DMA	16	static
stm32f1xx_hal_tim.c:1670:19:HAL_TIM_PWM_Start_DMA	0	static
stm32f1xx_hal_tim.c:1188:19:HAL_TIM_OC_Stop_DMA	16	static
stm32f1xx_hal_tim.c:1823:19:HAL_TIM_PWM_Stop_DMA	0	static
stm32f1xx_hal_tim.c:2058:19:HAL_TIM_IC_Start	8	static
stm32f1xx_hal_tim.c:2110:19:HAL_TIM_IC_Stop	16	static
stm32f1xx_hal_tim.c:2140:19:HAL_TIM_IC_Start_IT	8	static
stm32f1xx_hal_tim.c:2225:19:HAL_TIM_IC_Stop_IT	16	static
stm32f1xx_hal_tim.c:2291:19:HAL_TIM_IC_Start_DMA	16	static
stm32f1xx_hal_tim.c:2443:19:HAL_TIM_IC_Stop_DMA	16	static
