port.c:231:13:prvTaskExitError	8	static,ignoring_inline_asm
port.c:277:13:prvPortStartFirstTask	0	static,ignoring_inline_asm
port.c:213:14:pxPortInitialiseStack	0	static
port.c:256:6:vPortSVCHandler	0	static,ignoring_inline_asm
port.c:393:6:vPortEndScheduler	0	static,ignoring_inline_asm
port.c:401:6:vPortEnterCritical	0	static,ignoring_inline_asm
port.c:418:6:vPortExitCritical	0	static,ignoring_inline_asm
port.c:429:6:xPortPendSVHandler	0	static,ignoring_inline_asm
port.c:465:6:xPortSysTickHandler	8	static,ignoring_inline_asm
port.c:656:30:vPortSetupTimerInterrupt	0	static
port.c:297:12:xPortStartScheduler	16	static,ignoring_inline_asm
port.c:679:7:vPortValidateInterruptPriority	0	static,ignoring_inline_asm
