queue.c:2299:19:prvIsQueueEmpty	8	static
queue.c:2082:19:prvCopyDataToQueue	16	static
queue.c:2161:13:prvCopyDataFromQueue	4	static
queue.c:2179:13:prvUnlockQueue	16	static
queue.c:289:12:xQueueGenericReset	16	static,ignoring_inline_asm
queue.c:344:16:xQueueGenericCreateStatic	16	static,ignoring_inline_asm
queue.c:713:16:xQueueCreateCountingSemaphoreStatic	16	static,ignoring_inline_asm
queue.c:767:12:xQueueGenericSend	48	static,ignoring_inline_asm
queue.c:540:16:xQueueCreateMutexStatic	16	static
queue.c:616:13:xQueueGiveMutexRecursive	16	static,ignoring_inline_asm
queue.c:965:12:xQueueGenericSendFromISR	32	static,ignoring_inline_asm
queue.c:1116:12:xQueueGiveFromISR	16	static,ignoring_inline_asm
queue.c:1281:12:xQueueReceive	48	static,ignoring_inline_asm
queue.c:1423:12:xQueueSemaphoreTake	40	static,ignoring_inline_asm
queue.c:671:13:xQueueTakeMutexRecursive	16	static,ignoring_inline_asm
queue.c:1642:12:xQueuePeek	48	static,ignoring_inline_asm
queue.c:1792:12:xQueueReceiveFromISR	32	static,ignoring_inline_asm
queue.c:1883:12:xQueuePeekFromISR	24	static,ignoring_inline_asm
queue.c:1937:13:uxQueueMessagesWaiting	8	static,ignoring_inline_asm
queue.c:1953:13:uxQueueSpacesAvailable	16	static,ignoring_inline_asm
queue.c:1971:13:uxQueueMessagesWaitingFromISR	0	static,ignoring_inline_asm
queue.c:2320:12:xQueueIsQueueEmptyFromISR	0	static,ignoring_inline_asm
queue.c:2359:12:xQueueIsQueueFullFromISR	0	static,ignoring_inline_asm
queue.c:2654:7:vQueueAddToRegistry	12	static
queue.c:2683:14:pcQueueGetName	0	static
queue.c:2711:7:vQueueUnregisterQueue	8	static
queue.c:1983:6:vQueueDelete	0	static,ignoring_inline_asm
