tasks.c:3284:8:prvIdleTask	0	static,ignoring_inline_asm
tasks.c:3800:13:prvResetNextTaskUnblockTime	0	static
tasks.c:4979:13:prvAddCurrentTaskToDelayedList.isra.2	16	static
tasks.c:622:15:xTaskCreateStatic	40	static,ignoring_inline_asm
tasks.c:1441:14:uxTaskPriorityGet	8	static
tasks.c:1463:14:uxTaskPriorityGetFromISR	8	static,ignoring_inline_asm
tasks.c:1503:7:vTaskPrioritySet	24	static,ignoring_inline_asm
tasks.c:1939:6:vApplicationGetIdleTaskMemory	0	static
tasks.c:1962:6:vTaskStartScheduler	24	static,ignoring_inline_asm
tasks.c:2082:6:vTaskEndScheduler	0	static,ignoring_inline_asm
tasks.c:2093:6:vTaskSuspendAll	0	static
tasks.c:2276:12:xTaskGetTickCount	0	static
tasks.c:2291:12:xTaskGetTickCountFromISR	8	static
tasks.c:2322:13:uxTaskGetNumberOfTasks	0	static
tasks.c:2330:7:pcTaskGetName	0	static,ignoring_inline_asm
tasks.c:2650:12:xTaskIncrementTick	40	static,ignoring_inline_asm
tasks.c:2166:12:xTaskResumeAll	32	static,ignoring_inline_asm
tasks.c:1325:7:vTaskDelay	8	static,ignoring_inline_asm
tasks.c:2912:6:vTaskSwitchContext	8	static,ignoring_inline_asm
tasks.c:2971:6:vTaskPlaceOnEventList	8	static,ignoring_inline_asm
tasks.c:2988:6:vTaskPlaceOnUnorderedEventList	8	static,ignoring_inline_asm
tasks.c:3045:12:xTaskRemoveFromEventList	16	static,ignoring_inline_asm
tasks.c:3113:6:vTaskRemoveFromUnorderedEventList	16	static,ignoring_inline_asm
tasks.c:3147:6:vTaskSetTimeOutState	8	static,ignoring_inline_asm
tasks.c:3159:6:vTaskInternalSetTimeOutState	0	static
tasks.c:3167:12:xTaskCheckForTimeOut	16	static,ignoring_inline_asm
tasks.c:3229:6:vTaskMissedYield	0	static
tasks.c:3826:15:xTaskGetCurrentTaskHandle	0	static
tasks.c:3843:13:xTaskGetSchedulerState	0	static
tasks.c:3871:13:xTaskPriorityInherit	24	static
tasks.c:3958:13:xTaskPriorityDisinherit	24	static,ignoring_inline_asm
tasks.c:4038:7:vTaskPriorityDisinheritAfterTimeout	24	static,ignoring_inline_asm
tasks.c:4449:12:uxTaskResetEventItemValue	0	static
tasks.c:4465:8:pvTaskIncrementMutexHeldCount	0	static
tasks.c:4482:11:ulTaskNotifyTake	16	static,ignoring_inline_asm
tasks.c:4550:13:xTaskNotifyWait	24	static,ignoring_inline_asm
tasks.c:4630:13:xTaskGenericNotify	24	static,ignoring_inline_asm
tasks.c:4736:13:xTaskGenericNotifyFromISR	32	static,ignoring_inline_asm
tasks.c:4860:7:vTaskNotifyGiveFromISR	24	static,ignoring_inline_asm
tasks.c:4949:13:xTaskNotifyStateClear	16	static
