tasks.c:3289:8:prvIdleTask	0	static,ignoring_inline_asm
tasks.c:3805:13:prvResetNextTaskUnblockTime	0	static
tasks.c:4984:13:prvAddCurrentTaskToDelayedList.isra.2	16	static
tasks.c:448:7:vApplicationStackOverflowHook	0	static,ignoring_inline_asm
tasks.c:627:15:xTaskCreateStatic	40	static,ignoring_inline_asm
tasks.c:1446:14:uxTaskPriorityGet	8	static
tasks.c:1468:14:uxTaskPriorityGetFromISR	8	static,ignoring_inline_asm
tasks.c:1508:7:vTaskPrioritySet	24	static,ignoring_inline_asm
tasks.c:1944:6:vApplicationGetIdleTaskMemory	0	static
tasks.c:1967:6:vTaskStartScheduler	24	static,ignoring_inline_asm
tasks.c:2087:6:vTaskEndScheduler	0	static,ignoring_inline_asm
tasks.c:2098:6:vTaskSuspendAll	0	static
tasks.c:2281:12:xTaskGetTickCount	0	static
tasks.c:2296:12:xTaskGetTickCountFromISR	8	static
tasks.c:2327:13:uxTaskGetNumberOfTasks	0	static
tasks.c:2335:7:pcTaskGetName	0	static,ignoring_inline_asm
tasks.c:2655:12:xTaskIncrementTick	40	static,ignoring_inline_asm
tasks.c:2171:12:xTaskResumeAll	32	static,ignoring_inline_asm
tasks.c:1330:7:vTaskDelay	8	static,ignoring_inline_asm
tasks.c:2917:6:vTaskSwitchContext	12	static,ignoring_inline_asm
tasks.c:2976:6:vTaskPlaceOnEventList	8	static,ignoring_inline_asm
tasks.c:2993:6:vTaskPlaceOnUnorderedEventList	8	static,ignoring_inline_asm
tasks.c:3050:12:xTaskRemoveFromEventList	16	static,ignoring_inline_asm
tasks.c:3118:6:vTaskRemoveFromUnorderedEventList	16	static,ignoring_inline_asm
tasks.c:3152:6:vTaskSetTimeOutState	8	static,ignoring_inline_asm
tasks.c:3164:6:vTaskInternalSetTimeOutState	0	static
tasks.c:3172:12:xTaskCheckForTimeOut	16	static,ignoring_inline_asm
tasks.c:3234:6:vTaskMissedYield	0	static
tasks.c:3831:15:xTaskGetCurrentTaskHandle	0	static
tasks.c:3848:13:xTaskGetSchedulerState	0	static
tasks.c:3876:13:xTaskPriorityInherit	24	static
tasks.c:3963:13:xTaskPriorityDisinherit	24	static,ignoring_inline_asm
tasks.c:4043:7:vTaskPriorityDisinheritAfterTimeout	24	static,ignoring_inline_asm
tasks.c:4454:12:uxTaskResetEventItemValue	0	static
tasks.c:4470:8:pvTaskIncrementMutexHeldCount	0	static
tasks.c:4487:11:ulTaskNotifyTake	16	static,ignoring_inline_asm
tasks.c:4555:13:xTaskNotifyWait	24	static,ignoring_inline_asm
tasks.c:4635:13:xTaskGenericNotify	24	static,ignoring_inline_asm
tasks.c:4741:13:xTaskGenericNotifyFromISR	32	static,ignoring_inline_asm
tasks.c:4865:7:vTaskNotifyGiveFromISR	24	static,ignoring_inline_asm
tasks.c:4954:13:xTaskNotifyStateClear	16	static
