irq.c:76:6:SysTick_Handler	8	static
irq.c:84:6:SVC_Handler	0	static
irq.c:89:6:PendSV_Handler	0	static
irq.c:94:6:USART1_IRQHandler	24	static,ignoring_inline_asm
irq.c:128:6:ADC1_2_IRQHandler	8	static
irq.c:147:6:ADC3_4_IRQHandler	0	static
irq.c:164:6:TIM1_UP_IRQHandler	0	static
irq.c:173:6:TIM1_CC_IRQHandler	0	static
irq.c:185:6:EXTI1_IRQHandler	8	static
irq.c:194:6:EXTI2_IRQHandler	8	static
irq.c:203:6:EXTI3_IRQHandler	8	static
irq.c:212:6:EXTI4_IRQHandler	8	static
irq.c:221:6:EXTI0_IRQHandler	0	static
