periph.c:903:13:daq_clear_buff	0	static
core_cm3.h:1547:22:__NVIC_DisableIRQ	0	static,ignoring_inline_asm
stm32f1xx_ll_adc.h:2131:22:LL_ADC_REG_SetSequencerRanks.constprop	12	static,ignoring_inline_asm
stm32f1xx_ll_adc.h:2837:22:LL_ADC_SetChannelSamplingTime.constprop	16	static,ignoring_inline_asm
periph.c:38:13:dma_set.constprop	8	static
periph.c:872:13:daq_malloc	40	static
periph.c:190:6:led_init	0	static
periph.c:198:6:led_set	0	static
periph.c:207:6:led_toggle	0	static
periph.c:216:6:led_blink_set	0	static
periph.c:224:6:led_blink_do	0	static
periph.c:241:6:cntr_init	24	static
periph.c:253:6:cntr_enable	0	static
periph.c:270:6:pwm_init	0	static
periph.c:276:6:pwm_set	48	static
periph.c:311:6:pwm_enable	0	static
periph.c:318:6:daq_trig_init	0	static
periph.c:455:6:daq_trig_trigger	32	static
periph.c:340:6:daq_trig_check	4	static
periph.c:368:6:daq_trig_trigger_scope	8	static
periph.c:438:6:daq_trig_trigger_la	8	static
periph.c:697:6:daq_init	24	static,ignoring_inline_asm
periph.c:1022:6:daq_reset	8	static
periph.c:1045:6:daq_enable	16	static
periph.c:512:5:daq_trig_set	56	static,ignoring_inline_asm
periph.c:501:6:daq_trig_update	24	static
periph.c:507:6:daq_trig_disable	16	static
periph.c:773:5:daq_mem_set	40	static
periph.c:911:5:daq_bit_set	16	static
periph.c:955:5:daq_fs_set	40	static
periph.c:985:5:daq_ch_set	32	static
periph.c:1107:6:daq_mode_set	48	static
