core_cm3.h:1547:22:__NVIC_DisableIRQ	0	static,ignoring_inline_asm
stm32f1xx_ll_adc.h:2131:22:LL_ADC_REG_SetSequencerRanks.constprop	12	static,ignoring_inline_asm
stm32f1xx_ll_adc.h:2837:22:LL_ADC_SetChannelSamplingTime.constprop	16	static,ignoring_inline_asm
periph.c:39:13:dma_set.constprop	8	static
periph.c:1014:13:daq_malloc.constprop	24	static
periph.c:191:6:led_init	0	static
periph.c:199:6:led_set	0	static
periph.c:208:6:led_toggle	0	static
periph.c:217:6:led_blink_set	0	static
periph.c:225:6:led_blink_do	0	static
periph.c:242:6:cntr_init	24	static
periph.c:254:6:cntr_enable	8	static
periph.c:273:6:pwm_init	0	static
periph.c:279:6:pwm_set	48	static
periph.c:314:6:pwm_enable	0	static
periph.c:321:6:daq_trig_init	0	static
periph.c:345:6:daq_trig_check	16	static
periph.c:383:6:daq_trig_trigger_scope	16	static
periph.c:454:6:daq_trig_trigger_la	16	static
periph.c:471:6:daq_trig_trigger	8	static
periph.c:853:6:daq_settings_save	8	static
periph.c:872:6:daq_settings_init	12	static
periph.c:830:6:daq_init	16	static,ignoring_inline_asm
periph.c:1189:6:daq_reset	8	static
periph.c:1214:6:daq_enable	16	static
periph.c:477:6:daq_trig_trigger2	32	static
periph.c:595:5:daq_trig_set	64	static,ignoring_inline_asm
periph.c:584:6:daq_trig_update	16	static
periph.c:590:6:daq_trig_disable	16	static
periph.c:911:5:daq_mem_set	40	static
periph.c:1063:5:daq_bit_set	16	static
periph.c:1113:5:daq_fs_set	48	static
periph.c:1152:5:daq_ch_set	32	static
periph.c:1279:6:daq_mode_set	48	static
