periph.c:23:6:dma_init	8	static
periph.c:45:10:adc_read	0	static
periph.c:56:6:adc_init	0	static,ignoring_inline_asm
periph.c:87:6:led_init	0	static
periph.c:95:6:led_set	0	static
periph.c:104:6:led_toggle	0	static
periph.c:113:6:led_blink_set	0	static
periph.c:121:6:led_blink_do	0	static
periph.c:138:6:pwm_init	0	static
periph.c:144:6:pwm_set	32	static
periph.c:195:6:trig_init	0	static
periph.c:209:6:trig_set	24	static
periph.c:238:6:trig_pre_post_set	0	static
periph.c:245:6:daq_init	0	static
periph.c:257:6:daq_mem_set	0	static
periph.c:262:6:daq_bit_set	0	static
periph.c:267:6:daq_fs_set	0	static
periph.c:272:6:daq_ch_set	0	static
periph.c:277:6:daq_enable	0	static
