proto.c:19:15:PS_Reset	16	static
proto.c:33:15:PS_System_Mode	24	static
proto.c:57:15:PS_System_ModeQ	8	static
proto.c:69:15:PS_System_LimitsQ	136	static
proto.c:115:15:PS_VM_ReadQ	256	static
proto.c:213:15:PS_SCOPE_ReadQ	72	static
proto.c:327:15:PS_SCOPE_Set	104	static
proto.c:399:15:PS_SCOPE_SetQ	200	static
proto.c:440:15:PS_LA_ReadQ	16	static
proto.c:483:15:PS_LA_Set	80	static
proto.c:549:15:PS_LA_SetQ	152	static
proto.c:580:15:PS_CNTR_ReadQ	160	static
proto.c:619:15:PS_SGEN_Set	8	static
proto.c:643:15:PS_PWM_SetQ	144	static
proto.c:667:15:PS_PWM_Set	48	static
