proto.c:18:15:PS_System_Mode	24	static
proto.c:45:15:PS_System_ModeQ	24	static
proto.c:64:15:PS_VM_ReadQ	256	static
proto.c:162:15:PS_SCOPE_ReadQ	64	static
proto.c:274:15:PS_SCOPE_Set	88	static
proto.c:346:15:PS_SCOPE_SetQ	200	static
proto.c:383:15:PS_LA_ReadQ	16	static
proto.c:425:15:PS_LA_Set	80	static
proto.c:495:15:PS_LA_SetQ	192	static
proto.c:532:15:PS_CNTR_ReadQ	168	static
proto.c:596:15:PS_SGEN_Set	8	static
proto.c:619:15:PS_PWM_SetChQ	96	static
proto.c:664:15:PS_PWM_SetCh	32	static
proto.c:691:15:PS_PWM_StartCh	16	static
proto.c:713:15:PS_PWM_StopCh	16	static
