utility.c:14:6:assert2	0	static
utility.c:20:6:get_avg_from_circ	48	static
utility.c:54:5:get_vcc_from_circ	40	static
utility.c:96:5:get_1ch_from_circ	48	static
utility.c:130:5:get_last_circ_idx	0	static
utility.c:138:7:get_freq	32	static
utility.c:155:6:busy_wait	0	static,ignoring_inline_asm
utility.c:161:7:fastlog2	16	static
utility.c:173:7:fastlog	8	static
utility.c:183:7:fastpow2	16	static
utility.c:178:7:fastexp	8	static
utility.c:196:6:itoa_fast	48	static
utility.c:237:6:sprint_fast	240	static
