utility.c:14:6:assert2	0	static
utility.c:20:6:get_avg_from_circ	48	static
utility.c:56:5:get_vcc_from_circ	16	static
utility.c:76:5:get_1ch_from_circ	48	static
utility.c:110:5:get_last_circ_idx	0	static
utility.c:118:7:get_freq	32	static
utility.c:135:6:busy_wait	0	static,ignoring_inline_asm
utility.c:141:7:fastlog2	16	static
utility.c:153:7:fastlog	8	static
utility.c:163:7:fastpow2	16	static
utility.c:158:7:fastexp	8	static
utility.c:176:6:itoa_fast	48	static
utility.c:217:6:sprint_fast	240	static
