stm32f1xx_ll_usb.c:1786:19:USB_CoreInit	0	static
stm32f1xx_ll_usb.c:1806:19:USB_EnableGlobalInt	0	static
stm32f1xx_ll_usb.c:1831:19:USB_DisableGlobalInt	0	static
stm32f1xx_ll_usb.c:1855:19:USB_SetCurrentMode	0	static
stm32f1xx_ll_usb.c:1876:19:USB_DevInit	8	static
stm32f1xx_ll_usb.c:1905:19:USB_FlushTxFifo	0	static
stm32f1xx_ll_usb.c:1924:19:USB_FlushRxFifo	0	static
stm32f1xx_ll_usb.c:1943:19:USB_ActivateEndpoint	20	static
stm32f1xx_ll_usb.c:2058:19:USB_DeactivateEndpoint	8	static
stm32f1xx_ll_usb.c:2324:19:USB_EPSetStall	0	static
stm32f1xx_ll_usb.c:2344:19:USB_EPClearStall	0	static
stm32f1xx_ll_usb.c:2375:19:USB_StopDevice	0	static
stm32f1xx_ll_usb.c:2396:20:USB_SetDevAddress	0	static
stm32f1xx_ll_usb.c:2412:20:USB_DevConnect	0	static
stm32f1xx_ll_usb.c:2430:20:USB_DevDisconnect	0	static
stm32f1xx_ll_usb.c:2448:11:USB_ReadInterrupts	0	static
stm32f1xx_ll_usb.c:2461:10:USB_ReadDevAllOutEpInterrupt	0	static
stm32f1xx_ll_usb.c:2477:10:USB_ReadDevAllInEpInterrupt	0	static
stm32f1xx_ll_usb.c:2495:10:USB_ReadDevOutEPInterrupt	0	static
stm32f1xx_ll_usb.c:2514:10:USB_ReadDevInEPInterrupt	0	static
stm32f1xx_ll_usb.c:2532:7:USB_ClearInterrupts	0	static
stm32f1xx_ll_usb.c:2549:19:USB_EP0_OutStart	0	static
stm32f1xx_ll_usb.c:2566:19:USB_ActivateRemoteWakeup	0	static
stm32f1xx_ll_usb.c:2578:19:USB_DeActivateRemoteWakeup	0	static
stm32f1xx_ll_usb.c:2593:6:USB_WritePMA	0	static
stm32f1xx_ll_usb.c:2114:19:USB_EPStartXfer	24	static
stm32f1xx_ll_usb.c:2627:6:USB_ReadPMA	20	static
