stm32f3xx_ll_adc.h:2606:22:LL_ADC_SetCommonPathInternalCh	16	static
stm32f3xx_ll_adc.h:3338:22:LL_ADC_REG_SetTriggerEdge	16	static
stm32f3xx_ll_adc.h:3617:22:LL_ADC_REG_SetSequencerRanks	40	static,ignoring_inline_asm
stm32f3xx_ll_adc.h:4821:22:LL_ADC_SetChannelSamplingTime	56	static,ignoring_inline_asm
stm32f3xx_ll_adc.h:4971:22:LL_ADC_SetChannelSingleDiff	24	static
stm32f3xx_ll_adc.h:5177:22:LL_ADC_SetAnalogWDMonitChannels	40	static,ignoring_inline_asm
stm32f3xx_ll_adc.h:5410:22:LL_ADC_ConfigAnalogWDThresholds	40	static,ignoring_inline_asm
stm32f3xx_ll_adc.h:5777:22:LL_ADC_EnableInternalRegulator	16	static
stm32f3xx_ll_adc.h:6951:22:LL_ADC_EnableIT_AWD1	16	static
stm32f3xx_ll_dac.h:1105:22:LL_DAC_EnableTrigger	16	static
stm32f3xx_ll_dma.h:589:22:LL_DMA_SetDataTransferDirection	24	static
stm32f3xx_ll_dma.h:638:22:LL_DMA_SetMode	24	static
stm32f3xx_ll_dma.h:683:22:LL_DMA_SetPeriphIncMode	24	static
stm32f3xx_ll_dma.h:728:22:LL_DMA_SetMemoryIncMode	24	static
stm32f3xx_ll_dma.h:774:22:LL_DMA_SetPeriphSize	24	static
stm32f3xx_ll_dma.h:821:22:LL_DMA_SetMemorySize	24	static
stm32f3xx_ll_dma.h:869:22:LL_DMA_SetChannelPriorityLevel	24	static
stm32f3xx_ll_rcc.h:1086:22:LL_RCC_HSI_Enable	4	static
stm32f3xx_ll_rcc.h:1106:26:LL_RCC_HSI_IsReady	4	static
stm32f3xx_ll_rcc.h:1132:22:LL_RCC_HSI_SetCalibTrimming	16	static
stm32f3xx_ll_rcc.h:1290:22:LL_RCC_SetSysClkSource	16	static
stm32f3xx_ll_rcc.h:1303:26:LL_RCC_GetSysClkSource	4	static
stm32f3xx_ll_rcc.h:1323:22:LL_RCC_SetAHBPrescaler	16	static
stm32f3xx_ll_rcc.h:1339:22:LL_RCC_SetAPB1Prescaler	16	static
stm32f3xx_ll_rcc.h:1355:22:LL_RCC_SetAPB2Prescaler	16	static
stm32f3xx_ll_rcc.h:1490:22:LL_RCC_SetUSARTClockSource	16	static
stm32f3xx_ll_rcc.h:1585:22:LL_RCC_SetTIMClockSource	16	static
stm32f3xx_ll_rcc.h:2174:22:LL_RCC_PLL_Enable	4	static
stm32f3xx_ll_rcc.h:2195:26:LL_RCC_PLL_IsReady	4	static
stm32f3xx_ll_rcc.h:2244:22:LL_RCC_PLL_ConfigDomain_SYS	24	static
stm32f3xx_ll_bus.h:287:22:LL_AHB1_GRP1_EnableClock	24	static
stm32f3xx_ll_bus.h:537:22:LL_APB1_GRP1_EnableClock	24	static
stm32f3xx_ll_bus.h:851:22:LL_APB2_GRP1_EnableClock	24	static
stm32f3xx_ll_system.h:581:22:LL_SYSCFG_SetRemapDMA_ADC	24	static
stm32f3xx_ll_system.h:605:22:LL_SYSCFG_SetRemapDMA_DAC	16	static
stm32f3xx_ll_system.h:1105:22:LL_SYSCFG_SetEXTISource	24	static,ignoring_inline_asm
stm32f3xx_ll_system.h:1618:22:LL_FLASH_SetLatency	16	static
stm32f3xx_ll_system.h:1631:26:LL_FLASH_GetLatency	4	static
stm32f3xx_ll_tim.h:1533:22:LL_TIM_EnableARRPreload	16	static
stm32f3xx_ll_tim.h:1544:22:LL_TIM_DisableARRPreload	16	static
stm32f3xx_ll_tim.h:2317:22:LL_TIM_OC_DisableFast	24	static
stm32f3xx_ll_tim.h:2389:22:LL_TIM_OC_EnablePreload	24	static
stm32f3xx_ll_tim.h:2922:22:LL_TIM_IC_SetActiveInput	32	static
stm32f3xx_ll_tim.h:2972:22:LL_TIM_IC_SetPrescaler	32	static
stm32f3xx_ll_tim.h:3035:22:LL_TIM_IC_SetFilter	32	static
stm32f3xx_ll_tim.h:3101:22:LL_TIM_IC_SetPolarity	32	static
stm32f3xx_ll_tim.h:3305:22:LL_TIM_SetClockSource	16	static
stm32f3xx_ll_tim.h:3351:22:LL_TIM_SetTriggerOutput	16	static
stm32f3xx_ll_tim.h:3383:22:LL_TIM_SetTriggerOutput2	16	static
stm32f3xx_ll_tim.h:3403:22:LL_TIM_SetSlaveMode	16	static
stm32f3xx_ll_tim.h:3425:22:LL_TIM_SetTriggerInput	16	static
stm32f3xx_ll_tim.h:3438:22:LL_TIM_EnableMasterSlaveMode	16	static
stm32f3xx_ll_tim.h:3451:22:LL_TIM_DisableMasterSlaveMode	16	static
stm32f3xx_ll_tim.h:4558:22:LL_TIM_DisableIT_TRIG	16	static
stm32f3xx_ll_tim.h:4829:22:LL_TIM_DisableDMAReq_TRIG	16	static
stm32f3xx_ll_usart.h:532:22:LL_USART_Enable	16	static
stm32f3xx_ll_usart.h:2255:22:LL_USART_ConfigAsyncMode	16	static
stm32f3xx_ll_usart.h:3190:22:LL_USART_DisableIT_CTS	16	static
stm32f3xx_ll_gpio.h:273:22:LL_GPIO_SetPinMode	40	static,ignoring_inline_asm
stm32f3xx_ll_gpio.h:482:22:LL_GPIO_SetPinPull	40	static,ignoring_inline_asm
stm32f3xx_ll_gpio.h:908:22:LL_GPIO_ResetOutputPin	16	static
main.c:78:5:main	8	static
main.c:131:6:SystemClock_Config	8	static
main.c:181:13:MX_ADC1_Init	88	static
main.c:285:13:MX_ADC2_Init	72	static
main.c:381:13:MX_ADC3_Init	88	static
main.c:479:13:MX_ADC4_Init	72	static
main.c:575:13:MX_DAC1_Init	48	static
main.c:638:13:MX_TIM2_Init	88	static
main.c:695:13:MX_TIM3_Init	64	static
main.c:755:13:MX_TIM4_Init	88	static
main.c:816:13:MX_TIM6_Init	24	static
main.c:854:13:MX_TIM8_Init	56	static
main.c:925:13:MX_USART2_UART_Init	64	static
main.c:975:13:MX_DMA_Init	8	static
main.c:990:13:MX_GPIO_Init	48	static
main.c:1039:6:Error_Handler	4	static
