lexer.c:50:12:isws	16	static
lexer.c:62:12:isbdigit	16	static
lexer.c:74:12:isqdigit	16	static
lexer.c:86:12:iseos	16	static
lexer.c:99:5:scpiLex_IsEos	16	static
lexer.c:109:12:ischr	16	static
lexer.c:118:12:isplusmn	16	static
lexer.c:127:12:isH	16	static
lexer.c:136:12:isB	16	static
lexer.c:145:12:isQ	16	static
lexer.c:154:12:isE	16	static
lexer.c:171:12:skipWs	24	static
lexer.c:192:12:skipDigit	16	static
lexer.c:206:12:skipNumbers	24	static
lexer.c:220:12:skipPlusmn	16	static
lexer.c:234:12:skipAlpha	24	static
lexer.c:249:12:skipChr	16	static
lexer.c:263:12:skipSlashDot	24	static
lexer.c:277:12:skipStar	16	static
lexer.c:291:12:skipColon	16	static
lexer.c:307:12:skipProgramMnemonic	24	static
lexer.c:331:5:scpiLex_WhiteSpace	16	static
lexer.c:354:12:skipCommonProgramHeader	24	static
lexer.c:376:12:skipCompoundProgramHeader	24	static
lexer.c:406:5:scpiLex_ProgramHeader	24	static
lexer.c:452:5:scpiLex_CharacterProgramData	16	static
lexer.c:473:12:skipMantisa	24	static
lexer.c:487:12:skipExponent	24	static
lexer.c:509:5:scpiLex_DecimalNumericProgramData	24	static
lexer.c:534:5:scpiLex_SuffixProgramData	16	static
lexer.c:564:12:skipHexNum	24	static
lexer.c:573:12:skipOctNum	24	static
lexer.c:582:12:skipBinNum	24	static
lexer.c:597:5:scpiLex_NondecimalNumericData	24	static
lexer.c:630:12:isascii7bit	16	static
lexer.c:634:13:skipQuoteProgramData	16	static
lexer.c:652:13:skipDoubleQuoteProgramData	16	static
lexer.c:656:13:skipSingleQuoteProgramData	16	static
lexer.c:666:5:scpiLex_StringProgramData	16	static
lexer.c:708:12:isNonzeroDigit	16	static
lexer.c:718:5:scpiLex_ArbitraryBlockProgramData	32	static
lexer.c:777:12:isProgramExpression	16	static
lexer.c:792:13:skipProgramExpression	16	static
lexer.c:806:5:scpiLex_ProgramExpression	16	static
lexer.c:838:5:scpiLex_Comma	16	static
lexer.c:858:5:scpiLex_Semicolon	16	static
lexer.c:878:5:scpiLex_Colon	16	static
lexer.c:898:5:scpiLex_SpecificCharacter	24	static
lexer.c:918:5:scpiLex_NewLine	16	static
